Archive member included to satisfy reference by file (symbol)

c:/myapps/mcuxpressoide_10.2.1_795/ide/tools/bin/../lib/gcc/arm-none-eabi/7.2.1/thumb/v6-m\libgcc.a(_udivsi3.o)
                              ./utilities/fsl_debug_console.o (__aeabi_uidiv)
c:/myapps/mcuxpressoide_10.2.1_795/ide/tools/bin/../lib/gcc/arm-none-eabi/7.2.1/thumb/v6-m\libgcc.a(_divsi3.o)
                              ./utilities/fsl_debug_console.o (__aeabi_idiv)
c:/myapps/mcuxpressoide_10.2.1_795/ide/tools/bin/../lib/gcc/arm-none-eabi/7.2.1/thumb/v6-m\libgcc.a(_dvmd_tls.o)
                              c:/myapps/mcuxpressoide_10.2.1_795/ide/tools/bin/../lib/gcc/arm-none-eabi/7.2.1/thumb/v6-m\libgcc.a(_udivsi3.o) (__aeabi_idiv0)
c:/myapps/mcuxpressoide_10.2.1_795/ide/tools/bin/../lib/gcc/arm-none-eabi/7.2.1/thumb/v6-m\libgcc.a(_aeabi_uldivmod.o)
                              ./source/timer/Timer.o (__aeabi_uldivmod)
c:/myapps/mcuxpressoide_10.2.1_795/ide/tools/bin/../lib/gcc/arm-none-eabi/7.2.1/thumb/v6-m\libgcc.a(_muldi3.o)
                              ./source/timer/Timer.o (__aeabi_lmul)
c:/myapps/mcuxpressoide_10.2.1_795/ide/tools/bin/../lib/gcc/arm-none-eabi/7.2.1/thumb/v6-m\libgcc.a(_udivmoddi4.o)
                              c:/myapps/mcuxpressoide_10.2.1_795/ide/tools/bin/../lib/gcc/arm-none-eabi/7.2.1/thumb/v6-m\libgcc.a(_aeabi_uldivmod.o) (__udivmoddi4)
c:/myapps/mcuxpressoide_10.2.1_795/ide/tools/bin/../lib/gcc/arm-none-eabi/7.2.1/thumb/v6-m\libgcc.a(addsf3.o)
                              ./source/accelerometer/MMA8451Q.o (__aeabi_fadd)
c:/myapps/mcuxpressoide_10.2.1_795/ide/tools/bin/../lib/gcc/arm-none-eabi/7.2.1/thumb/v6-m\libgcc.a(divsf3.o)
                              ./source/accelerometer/MMA8451Q.o (__aeabi_fdiv)
c:/myapps/mcuxpressoide_10.2.1_795/ide/tools/bin/../lib/gcc/arm-none-eabi/7.2.1/thumb/v6-m\libgcc.a(mulsf3.o)
                              ./source/accelerometer/MMA8451Q.o (__aeabi_fmul)
c:/myapps/mcuxpressoide_10.2.1_795/ide/tools/bin/../lib/gcc/arm-none-eabi/7.2.1/thumb/v6-m\libgcc.a(subsf3.o)
                              ./source/accelerometer/MMA8451Q.o (__aeabi_fsub)
c:/myapps/mcuxpressoide_10.2.1_795/ide/tools/bin/../lib/gcc/arm-none-eabi/7.2.1/thumb/v6-m\libgcc.a(floatsisf.o)
                              ./source/accelerometer/MMA8451Q.o (__aeabi_i2f)
c:/myapps/mcuxpressoide_10.2.1_795/ide/tools/bin/../lib/gcc/arm-none-eabi/7.2.1/thumb/v6-m\libgcc.a(adddf3.o)
                              ./source/accelerometer/MMA8451Q.o (__aeabi_dadd)
c:/myapps/mcuxpressoide_10.2.1_795/ide/tools/bin/../lib/gcc/arm-none-eabi/7.2.1/thumb/v6-m\libgcc.a(divdf3.o)
                              ./source/accelerometer/MMA8451Q.o (__aeabi_ddiv)
c:/myapps/mcuxpressoide_10.2.1_795/ide/tools/bin/../lib/gcc/arm-none-eabi/7.2.1/thumb/v6-m\libgcc.a(muldf3.o)
                              ./source/accelerometer/MMA8451Q.o (__aeabi_dmul)
c:/myapps/mcuxpressoide_10.2.1_795/ide/tools/bin/../lib/gcc/arm-none-eabi/7.2.1/thumb/v6-m\libgcc.a(fixdfsi.o)
                              ./source/timer/Timer.o (__aeabi_d2iz)
c:/myapps/mcuxpressoide_10.2.1_795/ide/tools/bin/../lib/gcc/arm-none-eabi/7.2.1/thumb/v6-m\libgcc.a(floatsidf.o)
                              ./source/timer/Timer.o (__aeabi_i2d)
c:/myapps/mcuxpressoide_10.2.1_795/ide/tools/bin/../lib/gcc/arm-none-eabi/7.2.1/thumb/v6-m\libgcc.a(extendsfdf2.o)
                              ./source/accelerometer/MMA8451Q.o (__aeabi_f2d)
c:/myapps/mcuxpressoide_10.2.1_795/ide/tools/bin/../lib/gcc/arm-none-eabi/7.2.1/thumb/v6-m\libgcc.a(truncdfsf2.o)
                              ./source/accelerometer/MMA8451Q.o (__aeabi_d2f)
c:/myapps/mcuxpressoide_10.2.1_795/ide/tools/bin/../lib/gcc/arm-none-eabi/7.2.1/thumb/v6-m\libgcc.a(unwind-arm.o)
                              ./startup/startup_mkl25z4.o (__aeabi_unwind_cpp_pr0)
c:/myapps/mcuxpressoide_10.2.1_795/ide/tools/bin/../lib/gcc/arm-none-eabi/7.2.1/thumb/v6-m\libgcc.a(libunwind.o)
                              c:/myapps/mcuxpressoide_10.2.1_795/ide/tools/bin/../lib/gcc/arm-none-eabi/7.2.1/thumb/v6-m\libgcc.a(unwind-arm.o) (restore_core_regs)
c:/myapps/mcuxpressoide_10.2.1_795/ide/tools/bin/../lib/gcc/arm-none-eabi/7.2.1/thumb/v6-m\libgcc.a(pr-support.o)
                              c:/myapps/mcuxpressoide_10.2.1_795/ide/tools/bin/../lib/gcc/arm-none-eabi/7.2.1/thumb/v6-m\libgcc.a(unwind-arm.o) (__gnu_unwind_execute)
c:/myapps/mcuxpressoide_10.2.1_795/ide/tools/bin/../lib/gcc/arm-none-eabi/7.2.1/thumb/v6-m\libgcc.a(_clzsi2.o)
                              c:/myapps/mcuxpressoide_10.2.1_795/ide/tools/bin/../lib/gcc/arm-none-eabi/7.2.1/thumb/v6-m\libgcc.a(addsf3.o) (__clzsi2)
c:/myapps/mcuxpressoide_10.2.1_795/ide/tools/bin/../lib/gcc/arm-none-eabi/7.2.1/thumb/v6-m\libgcc.a(_clzdi2.o)
                              c:/myapps/mcuxpressoide_10.2.1_795/ide/tools/bin/../lib/gcc/arm-none-eabi/7.2.1/thumb/v6-m\libgcc.a(_udivmoddi4.o) (__clzdi2)
[...]
Memory Configuration

Name             Origin             Length             Attributes
PROGRAM_FLASH    0x00000000         0x00020000         xr
SRAM             0x1ffff000         0x00004000         xrw
*default*        0x00000000         0xffffffff

Linker script and memory map

LOAD ./utilities/fsl_debug_console.o
LOAD ./startup/startup_mkl25z4.o
LOAD ./source/timer/Timer.o
LOAD ./source/communication/CircularBuffer.o
LOAD ./source/accelerometer/LIBRARYI2C.o
LOAD ./source/accelerometer/MMA8451Q.o
LOAD ./source/MKL25Z128xxx4_Project_ACC.o
LOAD ./source/mtb.o
LOAD ./source/semihost_hardfault.o
LOAD ./drivers/fsl_adc16.o
LOAD ./drivers/fsl_clock.o
LOAD ./drivers/fsl_cmp.o
LOAD ./drivers/fsl_common.o
LOAD ./drivers/fsl_cop.o
LOAD ./drivers/fsl_dac.o
LOAD ./drivers/fsl_dma.o
LOAD ./drivers/fsl_dmamux.o
LOAD ./drivers/fsl_flash.o
LOAD ./drivers/fsl_gpio.o
LOAD ./drivers/fsl_i2c.o
LOAD ./drivers/fsl_i2c_dma.o
LOAD ./drivers/fsl_llwu.o
LOAD ./drivers/fsl_lpsci.o
LOAD ./drivers/fsl_lpsci_dma.o
LOAD ./drivers/fsl_lptmr.o
LOAD ./drivers/fsl_pit.o
LOAD ./drivers/fsl_pmc.o
LOAD ./drivers/fsl_rcm.o
LOAD ./drivers/fsl_rtc.o
LOAD ./drivers/fsl_sim.o
LOAD ./drivers/fsl_smc.o
LOAD ./drivers/fsl_spi.o
LOAD ./drivers/fsl_spi_dma.o
LOAD ./drivers/fsl_tpm.o
LOAD ./drivers/fsl_tsi_v4.o
LOAD ./drivers/fsl_uart.o
LOAD ./drivers/fsl_uart_dma.o
LOAD ./board/board.o
LOAD ./board/clock_config.o
LOAD ./board/peripherals.o
LOAD ./board/pin_mux.o
LOAD ./CMSIS/system_MKL25Z4.o
START GROUP
LOAD c:/myapps/mcuxpressoide_10.2.1_795/ide/tools/bin/../lib/gcc/arm-none-eabi/7.2.1/thumb/v6-m\libgcc.a
LOAD c:/myapps/mcuxpressoide_10.2.1_795/ide/tools/bin/../lib/gcc/arm-none-eabi/7.2.1/../../../../arm-none-eabi/lib/thumb/v6-m\libc_nano.a
LOAD c:/myapps/mcuxpressoide_10.2.1_795/ide/tools/bin/../lib/gcc/arm-none-eabi/7.2.1/../../../../arm-none-eabi/lib/thumb/v6-m\libstdc++_nano.a
LOAD c:/myapps/mcuxpressoide_10.2.1_795/ide/tools/bin/../lib/gcc/arm-none-eabi/7.2.1/../../../../arm-none-eabi/lib/thumb/v6-m\libm.a
LOAD c:/myapps/mcuxpressoide_10.2.1_795/ide/tools/bin/../lib/gcc/arm-none-eabi/7.2.1/../../../../arm-none-eabi/lib/thumb/v6-m\libcr_newlib_nohost.a
LOAD c:/myapps/mcuxpressoide_10.2.1_795/ide/tools/bin/../lib/gcc/arm-none-eabi/7.2.1/thumb/v6-m\crti.o
LOAD c:/myapps/mcuxpressoide_10.2.1_795/ide/tools/bin/../lib/gcc/arm-none-eabi/7.2.1/thumb/v6-m\crtn.o
LOAD c:/myapps/mcuxpressoide_10.2.1_795/ide/tools/bin/../lib/gcc/arm-none-eabi/7.2.1/thumb/v6-m\crtbegin.o
LOAD c:/myapps/mcuxpressoide_10.2.1_795/ide/tools/bin/../lib/gcc/arm-none-eabi/7.2.1/thumb/v6-m\crtend.o
END GROUP
                0x00000000                __base_PROGRAM_FLASH = 0x0
                0x00000000                __base_Flash = 0x0
                0x00020000                __top_PROGRAM_FLASH = 0x20000
                0x00020000                __top_Flash = 0x20000
                0x1ffff000                __base_SRAM = 0x1ffff000
                0x1ffff000                __base_RAM = 0x1ffff000
                0x20003000                __top_SRAM = 0x20003000
                0x20003000                __top_RAM = 0x20003000

.text           0x00000000     0x5790
 FILL mask 0xff
                0x00000000                __vectors_start__ = ABSOLUTE (.)
 *(.isr_vector)
 .isr_vector    0x00000000       0xc0 ./startup/startup_mkl25z4.o
                0x00000000                g_pfnVectors
                0x00000000                __Vectors
                0x000000c0                . = ALIGN (0x4)
                0x000000c0                __section_table_start = .
                0x000000c0                __data_section_table = .
                0x000000c0        0x4 LONG 0x5928 LOADADDR (.data)
                0x000000c4        0x4 LONG 0x1ffff080 ADDR (.data)
                0x000000c8        0x4 LONG 0xe4 SIZEOF (.data)
                0x000000cc                __data_section_table_end = .
                0x000000cc                __bss_section_table = .
                0x000000cc        0x4 LONG 0x1ffff164 ADDR (.bss)
                0x000000d0        0x4 LONG 0x1a0 SIZEOF (.bss)
                0x000000d4                __bss_section_table_end = .
                0x000000d4                __section_table_end = .
 *(.after_vectors*)
 .after_vectors.init_data
                0x000000d4       0x16 ./startup/startup_mkl25z4.o
                0x000000d4                data_init(unsigned int, unsigned int, unsigned int)
 .after_vectors.init_bss
                0x000000ea       0x12 ./startup/startup_mkl25z4.o
                0x000000ea                bss_init(unsigned int, unsigned int)
 .after_vectors.reset
                0x000000fc       0x50 ./startup/startup_mkl25z4.o
                0x000000fc                ResetISR
 .after_vectors
                0x0000014c      0x10c ./startup/startup_mkl25z4.o
                0x0000014c                NMI_Handler
                0x00000150                SVC_Handler
                0x00000152                PendSV_Handler
                0x00000154                SysTick_Handler
                0x00000156                PORTD_DriverIRQHandler
                0x00000156                Reserved39_DriverIRQHandler
                0x00000156                CMP0_DriverIRQHandler
                0x00000156                ADC0_DriverIRQHandler
                0x00000156                PIT_DriverIRQHandler
                0x00000156                LPTMR0_DriverIRQHandler
                0x00000156                TPM2_DriverIRQHandler
                0x00000156                RTC_DriverIRQHandler
                0x00000156                TPM1_DriverIRQHandler
                0x00000156                TSI0_DriverIRQHandler
                0x00000156                RTC_Seconds_DriverIRQHandler
                0x00000156                PORTA_DriverIRQHandler
                0x00000156                Reserved45_DriverIRQHandler
                0x00000156                LLWU_DriverIRQHandler
                0x00000156                MCG_DriverIRQHandler
                0x00000156                Reserved20_DriverIRQHandler
                0x00000156                TPM0_DriverIRQHandler
                0x00000156                LVD_LVW_DriverIRQHandler
                0x00000156                FTFA_DriverIRQHandler
                0x00000156                IntDefaultHandler
                0x00000156                USB0_DriverIRQHandler
                0x00000156                DAC0_DriverIRQHandler
                0x00000158                DMA0_IRQHandler
                0x00000160                DMA1_IRQHandler
                0x00000168                DMA2_IRQHandler
                0x00000170                DMA3_IRQHandler
                0x00000178                Reserved20_IRQHandler
                0x00000180                FTFA_IRQHandler
                0x00000188                LVD_LVW_IRQHandler
                0x00000190                LLWU_IRQHandler
                0x00000198                I2C0_IRQHandler
                0x000001a0                I2C1_IRQHandler
                0x000001a8                SPI0_IRQHandler
                0x000001b0                SPI1_IRQHandler
                0x000001b8                UART0_IRQHandler
                0x000001c0                UART1_IRQHandler
                0x000001c8                UART2_IRQHandler
                0x000001d0                ADC0_IRQHandler
                0x000001d8                CMP0_IRQHandler
                0x000001e0                TPM0_IRQHandler
                0x000001e8                TPM1_IRQHandler
                0x000001f0                TPM2_IRQHandler
                0x000001f8                RTC_IRQHandler
                0x00000200                RTC_Seconds_IRQHandler
                0x00000210                Reserved39_IRQHandler
                0x00000218                USB0_IRQHandler
                0x00000220                DAC0_IRQHandler
                0x00000228                TSI0_IRQHandler
                0x00000230                MCG_IRQHandler
                0x00000238                LPTMR0_IRQHandler
                0x00000240                Reserved45_IRQHandler
                0x00000248                PORTA_IRQHandler
                0x00000250                PORTD_IRQHandler
                0x00000400                . = 0x400
 *fill*         0x00000258      0x1a8 ff
                0x00000400                PROVIDE (__FLASH_CONFIG_START__, .)
 *(.FlashConfig)
 .FlashConfig   0x00000400       0x10 ./startup/startup_mkl25z4.o
                0x00000410                PROVIDE (__FLASH_CONFIG_END__, .)
                0x00000001                ASSERT (! ((__FLASH_CONFIG_START__ == __FLASH_CONFIG_END__)), Linker Flash Config Support Enabled, but no .FlashConfig section provided within application)
 *(.text*)
 .text.UART_EnableTx
                0x00000410       0x40 ./utilities/fsl_debug_console.o
 .text.UART_EnableRx
                0x00000450       0x40 ./utilities/fsl_debug_console.o
 .text.LPSCI_EnableTx
                0x00000490       0x40 ./utilities/fsl_debug_console.o
 .text.LPSCI_EnableRx
                0x000004d0       0x40 ./utilities/fsl_debug_console.o
 .text.DbgConsole_Init
                0x00000510       0xf4 ./utilities/fsl_debug_console.o
                0x00000510                DbgConsole_Init
 .text.DbgConsole_Printf
                0x00000604       0x44 ./utilities/fsl_debug_console.o
                0x00000604                DbgConsole_Printf
 .text.DbgConsole_Putchar
                0x00000648       0x34 ./utilities/fsl_debug_console.o
                0x00000648                DbgConsole_Putchar
 .text.DbgConsole_PrintfPaddingCharacter
                0x0000067c       0x46 ./utilities/fsl_debug_console.o
 .text.DbgConsole_ConvertRadixNumToString
                0x000006c2      0x114 ./utilities/fsl_debug_console.o
 .text.DbgConsole_PrintfFormattedData
                0x000007d6      0x32c ./utilities/fsl_debug_console.o
 *fill*         0x00000b02        0x2 ff
 .text          0x00000b04      0x388 ./source/timer/Timer.o
                0x00000c66                PIT_IRQHandler
                0x00000cb8                Timer::Timer()
                0x00000cb8                Timer::Timer()
                0x00000d6c                Timer::~Timer()
                0x00000d6c                Timer::~Timer()
                0x00000d88                Timer::~Timer()
                0x00000dac                Timer::startTimer()
                0x00000dcc                Timer::setChannelTimer(unsigned char, int)
                0x00000e24                Timer::getChannelTimer_ms(unsigned char)
                0x00000e5c                Timer::isTimerExpired(unsigned char)
 .text._ZSt5roundIiEN9__gnu_cxx11__enable_ifIXsrSt12__is_integerIT_E7__valueEdE6__typeES3_
                0x00000e8c       0x1c ./source/timer/Timer.o
                0x00000e8c                __gnu_cxx::__enable_if<std::__is_integer<int>::__value, double>::__type std::round<int>(int)
 .text          0x00000ea8      0x364 ./source/communication/CircularBuffer.o
                0x00000f56                bufferWrite(buffer_t*, unsigned char*, unsigned short)
                0x00001074                bufferRead(buffer_t*, unsigned char*, unsigned short)
                0x00001178                bufferInit(buffer_t*, unsigned char*, unsigned short)
                0x000011ae                bufferCapacity(buffer_t*)
                0x000011c2                bufferBytesFree(buffer_t const*)
 .text          0x0000120c      0x2bc ./source/MKL25Z128xxx4_Project_ACC.o
                0x00001298                main
                0x00001418                DEMO_LPSCI_IRQHandler
 .text.HardFault_Handler
                0x000014c8       0x30 ./source/semihost_hardfault.o
                0x000014c8                HardFault_Handler
 .text.CLOCK_SetEr32kClock
                0x000014f8       0x34 ./drivers/fsl_clock.o
 .text.CLOCK_SetPllFllSelClock
                0x0000152c       0x38 ./drivers/fsl_clock.o
 .text.OSC_SetExtRefClkConfig
                0x00001564       0x3e ./drivers/fsl_clock.o
 .text.OSC_SetCapLoad
                0x000015a2       0x42 ./drivers/fsl_clock.o
 .text.CLOCK_GetMcgExtClkFreq
                0x000015e4       0x34 ./drivers/fsl_clock.o
 .text.CLOCK_GetFllExtRefClkFreq
                0x00001618       0xa4 ./drivers/fsl_clock.o
 .text.CLOCK_GetInternalRefClkSelectFreq
                0x000016bc       0x40 ./drivers/fsl_clock.o
 .text.CLOCK_GetFllRefClkFreq
                0x000016fc       0x2c ./drivers/fsl_clock.o
 .text.CLOCK_GetPll0RefFreq
                0x00001728       0x10 ./drivers/fsl_clock.o
 .text.CLOCK_GetOscRangeFromFreq
                0x00001738       0x4c ./drivers/fsl_clock.o
 .text.CLOCK_GetOsc0ErClkFreq
                0x00001784       0x4c ./drivers/fsl_clock.o
                0x00001784                CLOCK_GetOsc0ErClkFreq
 .text.CLOCK_GetEr32kClkFreq
                0x000017d0       0x84 ./drivers/fsl_clock.o
                0x000017d0                CLOCK_GetEr32kClkFreq
 .text.CLOCK_GetPllFllSelClkFreq
                0x00001854       0x4c ./drivers/fsl_clock.o
                0x00001854                CLOCK_GetPllFllSelClkFreq
 .text.CLOCK_GetFreq
                0x000018a0       0xe0 ./drivers/fsl_clock.o
                0x000018a0                CLOCK_GetFreq
 .text.CLOCK_SetSimConfig
                0x00001980       0x38 ./drivers/fsl_clock.o
                0x00001980                CLOCK_SetSimConfig
 .text.CLOCK_GetOutClkFreq
                0x000019b8       0x60 ./drivers/fsl_clock.o
                0x000019b8                CLOCK_GetOutClkFreq
 .text.CLOCK_GetFllFreq
                0x00001a18       0x84 ./drivers/fsl_clock.o
                0x00001a18                CLOCK_GetFllFreq
 .text.CLOCK_GetInternalRefClkFreq
                0x00001a9c       0x28 ./drivers/fsl_clock.o
                0x00001a9c                CLOCK_GetInternalRefClkFreq
 .text.CLOCK_GetFixedFreqClkFreq
                0x00001ac4       0x30 ./drivers/fsl_clock.o
                0x00001ac4                CLOCK_GetFixedFreqClkFreq
 .text.CLOCK_GetPll0Freq
                0x00001af4       0x80 ./drivers/fsl_clock.o
                0x00001af4                CLOCK_GetPll0Freq
 .text.CLOCK_SetExternalRefClkConfig
                0x00001b74       0x16 ./drivers/fsl_clock.o
                0x00001b74                CLOCK_SetExternalRefClkConfig
 *fill*         0x00001b8a        0x2 ff
 .text.CLOCK_SetInternalRefClkConfig
                0x00001b8c      0x128 ./drivers/fsl_clock.o
                0x00001b8c                CLOCK_SetInternalRefClkConfig
 .text.CLOCK_EnablePll0
                0x00001cb4       0xa0 ./drivers/fsl_clock.o
                0x00001cb4                CLOCK_EnablePll0
 .text.CLOCK_InitOsc0
                0x00001d54       0x94 ./drivers/fsl_clock.o
                0x00001d54                CLOCK_InitOsc0
 .text.CLOCK_SetPbeMode
                0x00001de8       0xc0 ./drivers/fsl_clock.o
                0x00001de8                CLOCK_SetPbeMode
 .text.CLOCK_BootToPeeMode
                0x00001ea8       0x80 ./drivers/fsl_clock.o
                0x00001ea8                CLOCK_BootToPeeMode
 .text.__assert_func
                0x00001f28       0x28 ./drivers/fsl_common.o
                0x00001f28                __assert_func
 .text.DMA_ClearChannelStatusFlags
                0x00001f50       0x64 ./drivers/fsl_dma.o
 .text.DMA_HandleIRQ
                0x00001fb4       0x60 ./drivers/fsl_dma.o
                0x00001fb4                DMA_HandleIRQ
 .text.DMA0_DriverIRQHandler
                0x00002014       0x18 ./drivers/fsl_dma.o
                0x00002014                DMA0_DriverIRQHandler
 .text.DMA1_DriverIRQHandler
                0x0000202c       0x18 ./drivers/fsl_dma.o
                0x0000202c                DMA1_DriverIRQHandler
 .text.DMA2_DriverIRQHandler
                0x00002044       0x18 ./drivers/fsl_dma.o
                0x00002044                DMA2_DriverIRQHandler
 .text.DMA3_DriverIRQHandler
                0x0000205c       0x18 ./drivers/fsl_dma.o
                0x0000205c                DMA3_DriverIRQHandler
 .text.GPIO_WritePinOutput
                0x00002074       0x34 ./drivers/fsl_gpio.o
 .text.GPIO_PinInit
                0x000020a8       0x70 ./drivers/fsl_gpio.o
                0x000020a8                GPIO_PinInit
 .text.I2C_TransferCommonIRQHandler
                0x00002118       0x54 ./drivers/fsl_i2c.o
 .text.I2C0_DriverIRQHandler
                0x0000216c       0x20 ./drivers/fsl_i2c.o
                0x0000216c                I2C0_DriverIRQHandler
 .text.I2C1_DriverIRQHandler
                0x0000218c       0x20 ./drivers/fsl_i2c.o
                0x0000218c                I2C1_DriverIRQHandler
 .text.CLOCK_EnableClock
                0x000021ac       0x34 ./drivers/fsl_lpsci.o
 .text.LPSCI_GetInstance
                0x000021e0       0x54 ./drivers/fsl_lpsci.o
                0x000021e0                LPSCI_GetInstance
 .text.LPSCI_Init
                0x00002234      0x270 ./drivers/fsl_lpsci.o
                0x00002234                LPSCI_Init
 .text.LPSCI_GetDefaultConfig
                0x000024a4       0x54 ./drivers/fsl_lpsci.o
                0x000024a4                LPSCI_GetDefaultConfig
 .text.LPSCI_EnableInterrupts
                0x000024f8       0x58 ./drivers/fsl_lpsci.o
                0x000024f8                LPSCI_EnableInterrupts
 .text.LPSCI_DisableInterrupts
                0x00002550       0x64 ./drivers/fsl_lpsci.o
                0x00002550                LPSCI_DisableInterrupts
 .text.LPSCI_GetStatusFlags
                0x000025b4       0x26 ./drivers/fsl_lpsci.o
                0x000025b4                LPSCI_GetStatusFlags
 *fill*         0x000025da        0x2 ff
 .text.LPSCI_ClearStatusFlags
                0x000025dc       0x94 ./drivers/fsl_lpsci.o
                0x000025dc                LPSCI_ClearStatusFlags
 .text.LPSCI_WriteBlocking
                0x00002670       0x5c ./drivers/fsl_lpsci.o
                0x00002670                LPSCI_WriteBlocking
 .text.LPSCI_ReadBlocking
                0x000026cc       0xd0 ./drivers/fsl_lpsci.o
                0x000026cc                LPSCI_ReadBlocking
 .text.UART0_DriverIRQHandler
                0x0000279c       0x24 ./drivers/fsl_lpsci.o
                0x0000279c                UART0_DriverIRQHandler
 .text.CLOCK_EnableClock
                0x000027c0       0x34 ./drivers/fsl_pit.o
 .text.PIT_GetInstance
                0x000027f4       0x54 ./drivers/fsl_pit.o
 .text.PIT_Init
                0x00002848       0x78 ./drivers/fsl_pit.o
                0x00002848                PIT_Init
 .text.SPI_CommonIRQHandler
                0x000028c0       0x54 ./drivers/fsl_spi.o
 .text.SPI0_DriverIRQHandler
                0x00002914       0x40 ./drivers/fsl_spi.o
                0x00002914                SPI0_DriverIRQHandler
 .text.SPI1_DriverIRQHandler
                0x00002954       0x40 ./drivers/fsl_spi.o
                0x00002954                SPI1_DriverIRQHandler
 .text.CLOCK_EnableClock
                0x00002994       0x34 ./drivers/fsl_uart.o
 .text.UART_GetInstance
                0x000029c8       0x60 ./drivers/fsl_uart.o
                0x000029c8                UART_GetInstance
 .text.UART_Init
                0x00002a28      0x1f8 ./drivers/fsl_uart.o
                0x00002a28                UART_Init
 .text.UART_GetDefaultConfig
                0x00002c20       0x54 ./drivers/fsl_uart.o
                0x00002c20                UART_GetDefaultConfig
 .text.UART_GetStatusFlags
                0x00002c74       0x26 ./drivers/fsl_uart.o
                0x00002c74                UART_GetStatusFlags
 .text.UART_WriteBlocking
                0x00002c9a       0x3a ./drivers/fsl_uart.o
                0x00002c9a                UART_WriteBlocking
 .text.UART_ReadBlocking
                0x00002cd4       0xa8 ./drivers/fsl_uart.o
                0x00002cd4                UART_ReadBlocking
 .text.UART1_DriverIRQHandler
                0x00002d7c       0x24 ./drivers/fsl_uart.o
                0x00002d7c                UART1_DriverIRQHandler
 .text.UART2_DriverIRQHandler
                0x00002da0       0x24 ./drivers/fsl_uart.o
                0x00002da0                UART2_DriverIRQHandler
 .text.CLOCK_SetLpsci0Clock
                0x00002dc4       0x38 ./board/board.o
 .text.BOARD_InitDebugConsole
                0x00002dfc       0x30 ./board/board.o
                0x00002dfc                BOARD_InitDebugConsole
 .text.CLOCK_SetSimSafeDivs
                0x00002e2c       0x20 ./board/clock_config.o
 .text.CLOCK_SetXtal0Freq
                0x00002e4c       0x1c ./board/clock_config.o
 .text.CLOCK_CONFIG_SetFllExtRefDiv
                0x00002e68       0x3c ./board/clock_config.o
 .text.BOARD_InitBootClocks
                0x00002ea4        0xe ./board/clock_config.o
                0x00002ea4                BOARD_InitBootClocks
 *fill*         0x00002eb2        0x2 ff
 .text.BOARD_BootClockRUN
                0x00002eb4       0x64 ./board/clock_config.o
                0x00002eb4                BOARD_BootClockRUN
 .text.BOARD_InitBootPeripherals
                0x00002f18        0xa ./board/peripherals.o
                0x00002f18                BOARD_InitBootPeripherals
 *fill*         0x00002f22        0x2 ff
 .text.CLOCK_EnableClock
                0x00002f24       0x34 ./board/pin_mux.o
 .text.PORT_SetPinConfig
                0x00002f58       0x48 ./board/pin_mux.o
 .text.PORT_SetPinMux
                0x00002fa0       0x40 ./board/pin_mux.o
 .text.PORT_SetPinInterruptConfig
                0x00002fe0       0x40 ./board/pin_mux.o
 .text.BOARD_InitBootPins
                0x00003020        0xe ./board/pin_mux.o
                0x00003020                BOARD_InitBootPins
 *fill*         0x0000302e        0x2 ff
 .text.BOARD_InitPins
                0x00003030      0x180 ./board/pin_mux.o
                0x00003030                BOARD_InitPins
 .text.SystemInit
                0x000031b0       0x18 ./CMSIS/system_MKL25Z4.o
                0x000031b0                SystemInit
 .text          0x000031c8      0x114 c:/myapps/mcuxpressoide_10.2.1_795/ide/tools/bin/../lib/gcc/arm-none-eabi/7.2.1/thumb/v6-m\libgcc.a(_udivsi3.o)
                0x000031c8                __aeabi_uidiv
                0x000031c8                __udivsi3
                0x000032d4                __aeabi_uidivmod
 .text          0x000032dc      0x1d4 c:/myapps/mcuxpressoide_10.2.1_795/ide/tools/bin/../lib/gcc/arm-none-eabi/7.2.1/thumb/v6-m\libgcc.a(_divsi3.o)
                0x000032dc                __divsi3
                0x000032dc                __aeabi_idiv
                0x000034a8                __aeabi_idivmod
 .text          0x000034b0        0x4 c:/myapps/mcuxpressoide_10.2.1_795/ide/tools/bin/../lib/gcc/arm-none-eabi/7.2.1/thumb/v6-m\libgcc.a(_dvmd_tls.o)
                0x000034b0                __aeabi_idiv0
                0x000034b0                __aeabi_ldiv0
 .text          0x000034b4       0x40 c:/myapps/mcuxpressoide_10.2.1_795/ide/tools/bin/../lib/gcc/arm-none-eabi/7.2.1/thumb/v6-m\libgcc.a(_aeabi_uldivmod.o)
                0x000034b4                __aeabi_uldivmod
 .text          0x000034f4       0x54 c:/myapps/mcuxpressoide_10.2.1_795/ide/tools/bin/../lib/gcc/arm-none-eabi/7.2.1/thumb/v6-m\libgcc.a(_muldi3.o)
                0x000034f4                __muldi3
                0x000034f4                __aeabi_lmul
 .text          0x00003548      0x184 c:/myapps/mcuxpressoide_10.2.1_795/ide/tools/bin/../lib/gcc/arm-none-eabi/7.2.1/thumb/v6-m\libgcc.a(_udivmoddi4.o)
                0x00003548                __udivmoddi4
 .text          0x000036cc       0x6c c:/myapps/mcuxpressoide_10.2.1_795/ide/tools/bin/../lib/gcc/arm-none-eabi/7.2.1/thumb/v6-m\libgcc.a(fixdfsi.o)
                0x000036cc                __aeabi_d2iz
 .text          0x00003738       0x74 c:/myapps/mcuxpressoide_10.2.1_795/ide/tools/bin/../lib/gcc/arm-none-eabi/7.2.1/thumb/v6-m\libgcc.a(floatsidf.o)
                0x00003738                __aeabi_i2d
 .text          0x000037ac      0xa08 c:/myapps/mcuxpressoide_10.2.1_795/ide/tools/bin/../lib/gcc/arm-none-eabi/7.2.1/thumb/v6-m\libgcc.a(unwind-arm.o)
                0x00003a68                _Unwind_GetCFA
                0x00003a6c                __gnu_Unwind_RaiseException
                0x00003ac0                __gnu_Unwind_ForcedUnwind
                0x00003ad4                __gnu_Unwind_Resume
                0x00003b1c                __gnu_Unwind_Resume_or_Rethrow
                0x00003b38                _Unwind_Complete
                0x00003b3c                _Unwind_DeleteException
                0x00003b4c                _Unwind_VRS_Get
                0x00003b94                _Unwind_VRS_Set
                0x00003bdc                __gnu_Unwind_Backtrace
                0x00003f2c                __aeabi_unwind_cpp_pr0
                0x00003f38                __aeabi_unwind_cpp_pr1
                0x00003f44                __aeabi_unwind_cpp_pr2
                0x00003f50                _Unwind_VRS_Pop
 .text          0x000041b4      0x144 c:/myapps/mcuxpressoide_10.2.1_795/ide/tools/bin/../lib/gcc/arm-none-eabi/7.2.1/thumb/v6-m\libgcc.a(libunwind.o)
                0x000041b4                __restore_core_regs
                0x000041b4                restore_core_regs
                0x000041e0                __gnu_Unwind_Restore_VFP
                0x000041e4                __gnu_Unwind_Save_VFP
                0x000041e8                __gnu_Unwind_Restore_VFP_D
                0x000041ec                __gnu_Unwind_Save_VFP_D
                0x000041f0                __gnu_Unwind_Restore_VFP_D_16_to_31
                0x000041f4                __gnu_Unwind_Save_VFP_D_16_to_31
                0x000041f8                __gnu_Unwind_Restore_WMMXD
                0x000041fc                __gnu_Unwind_Save_WMMXD
                0x00004200                __gnu_Unwind_Restore_WMMXC
                0x00004204                __gnu_Unwind_Save_WMMXC
                0x00004208                ___Unwind_RaiseException
                0x00004208                _Unwind_RaiseException
                0x00004238                _Unwind_Resume
                0x00004238                ___Unwind_Resume
                0x00004268                _Unwind_Resume_or_Rethrow
                0x00004268                ___Unwind_Resume_or_Rethrow
                0x00004298                _Unwind_ForcedUnwind
                0x00004298                ___Unwind_ForcedUnwind
                0x000042c8                ___Unwind_Backtrace
                0x000042c8                _Unwind_Backtrace
 .text          0x000042f8      0x39c c:/myapps/mcuxpressoide_10.2.1_795/ide/tools/bin/../lib/gcc/arm-none-eabi/7.2.1/thumb/v6-m\libgcc.a(pr-support.o)
                0x0000434c                __gnu_unwind_execute
                0x0000463c                __gnu_unwind_frame
                0x00004664                _Unwind_GetRegionStart
                0x00004670                _Unwind_GetLanguageSpecificData
                0x00004684                _Unwind_GetDataRelBase
                0x0000468c                _Unwind_GetTextRelBase
 .text          0x00004694       0x3c c:/myapps/mcuxpressoide_10.2.1_795/ide/tools/bin/../lib/gcc/arm-none-eabi/7.2.1/thumb/v6-m\libgcc.a(_clzsi2.o)
                0x00004694                __clzsi2
 .text          0x000046d0       0x18 c:/myapps/mcuxpressoide_10.2.1_795/ide/tools/bin/../lib/gcc/arm-none-eabi/7.2.1/thumb/v6-m\libgcc.a(_clzdi2.o)
                0x000046d0                __clzdi2
 .text.abort    0x000046e8        0xe c:/myapps/mcuxpressoide_10.2.1_795/ide/tools/bin/../lib/gcc/arm-none-eabi/7.2.1/../../../../arm-none-eabi/lib/thumb/v6-m\libc_nano.a(lib_a-abort.o)
                0x000046e8                abort
 *fill*         0x000046f6        0x2 ff
 .text.__libc_init_array
                0x000046f8       0x48 c:/myapps/mcuxpressoide_10.2.1_795/ide/tools/bin/../lib/gcc/arm-none-eabi/7.2.1/../../../../arm-none-eabi/lib/thumb/v6-m\libc_nano.a(lib_a-init.o)
                0x000046f8                __libc_init_array
 .text.memcpy   0x00004740       0x12 c:/myapps/mcuxpressoide_10.2.1_795/ide/tools/bin/../lib/gcc/arm-none-eabi/7.2.1/../../../../arm-none-eabi/lib/thumb/v6-m\libc_nano.a(lib_a-memcpy-stub.o)
                0x00004740                memcpy
 .text._raise_r
                0x00004752       0x54 c:/myapps/mcuxpressoide_10.2.1_795/ide/tools/bin/../lib/gcc/arm-none-eabi/7.2.1/../../../../arm-none-eabi/lib/thumb/v6-m\libc_nano.a(lib_a-signal.o)
                0x00004752                _raise_r
 *fill*         0x000047a6        0x2 ff
 .text.raise    0x000047a8       0x14 c:/myapps/mcuxpressoide_10.2.1_795/ide/tools/bin/../lib/gcc/arm-none-eabi/7.2.1/../../../../arm-none-eabi/lib/thumb/v6-m\libc_nano.a(lib_a-signal.o)
                0x000047a8                raise
 .text._kill_r  0x000047bc       0x24 c:/myapps/mcuxpressoide_10.2.1_795/ide/tools/bin/../lib/gcc/arm-none-eabi/7.2.1/../../../../arm-none-eabi/lib/thumb/v6-m\libc_nano.a(lib_a-signalr.o)
                0x000047bc                _kill_r
 .text._getpid_r
                0x000047e0        0x8 c:/myapps/mcuxpressoide_10.2.1_795/ide/tools/bin/../lib/gcc/arm-none-eabi/7.2.1/../../../../arm-none-eabi/lib/thumb/v6-m\libc_nano.a(lib_a-signalr.o)
                0x000047e0                _getpid_r
 .text          0x000047e8        0xe c:/myapps/mcuxpressoide_10.2.1_795/ide/tools/bin/../lib/gcc/arm-none-eabi/7.2.1/../../../../arm-none-eabi/lib/thumb/v6-m\libc_nano.a(lib_a-strlen.o)
                0x000047e8                strlen
 .text.__malloc_lock
                0x000047f6        0x2 c:/myapps/mcuxpressoide_10.2.1_795/ide/tools/bin/../lib/gcc/arm-none-eabi/7.2.1/../../../../arm-none-eabi/lib/thumb/v6-m\libc_nano.a(lib_a-mlock.o)
                0x000047f6                __malloc_lock
 .text.__malloc_unlock
                0x000047f8        0x2 c:/myapps/mcuxpressoide_10.2.1_795/ide/tools/bin/../lib/gcc/arm-none-eabi/7.2.1/../../../../arm-none-eabi/lib/thumb/v6-m\libc_nano.a(lib_a-mlock.o)
                0x000047f8                __malloc_unlock
 *fill*         0x000047fa        0x2 ff
 .text._free_r  0x000047fc       0x94 c:/myapps/mcuxpressoide_10.2.1_795/ide/tools/bin/../lib/gcc/arm-none-eabi/7.2.1/../../../../arm-none-eabi/lib/thumb/v6-m\libc_nano.a(lib_a-nano-freer.o)
                0x000047fc                _free_r
 .text._ZN10__cxxabiv1L24__is_gxx_exception_classEPc
                0x00004890       0x3a c:/myapps/mcuxpressoide_10.2.1_795/ide/tools/bin/../lib/gcc/arm-none-eabi/7.2.1/../../../../arm-none-eabi/lib/thumb/v6-m\libstdc++_nano.a(eh_call.o)
 .text.__cxa_call_unexpected
                0x000048ca       0x2e c:/myapps/mcuxpressoide_10.2.1_795/ide/tools/bin/../lib/gcc/arm-none-eabi/7.2.1/../../../../arm-none-eabi/lib/thumb/v6-m\libstdc++_nano.a(eh_call.o)
                0x000048ca                __cxa_call_unexpected
 .text._ZN10__cxxabiv1L24__is_gxx_exception_classEPc
                0x000048f8       0x3a c:/myapps/mcuxpressoide_10.2.1_795/ide/tools/bin/../lib/gcc/arm-none-eabi/7.2.1/../../../../arm-none-eabi/lib/thumb/v6-m\libstdc++_nano.a(eh_catch.o)
 .text.__cxa_begin_catch
                0x00004932       0x4e c:/myapps/mcuxpressoide_10.2.1_795/ide/tools/bin/../lib/gcc/arm-none-eabi/7.2.1/../../../../arm-none-eabi/lib/thumb/v6-m\libstdc++_nano.a(eh_catch.o)
                0x00004932                __cxa_begin_catch
 .text.__cxa_get_globals
                0x00004980        0x8 c:/myapps/mcuxpressoide_10.2.1_795/ide/tools/bin/../lib/gcc/arm-none-eabi/7.2.1/../../../../arm-none-eabi/lib/thumb/v6-m\libstdc++_nano.a(eh_globals.o)
                0x00004980                __cxa_get_globals
 .text._ZN10__cxxabiv111__terminateEPFvvE
                0x00004988        0x8 c:/myapps/mcuxpressoide_10.2.1_795/ide/tools/bin/../lib/gcc/arm-none-eabi/7.2.1/../../../../arm-none-eabi/lib/thumb/v6-m\libstdc++_nano.a(eh_terminate.o)
                0x00004988                __cxxabiv1::__terminate(void (*)())
 .text._ZSt9terminatev
                0x00004990       0x10 c:/myapps/mcuxpressoide_10.2.1_795/ide/tools/bin/../lib/gcc/arm-none-eabi/7.2.1/../../../../arm-none-eabi/lib/thumb/v6-m\libstdc++_nano.a(eh_terminate.o)
                0x00004990                std::terminate()
 .text._ZN10__cxxabiv112__unexpectedEPFvvE
                0x000049a0        0x8 c:/myapps/mcuxpressoide_10.2.1_795/ide/tools/bin/../lib/gcc/arm-none-eabi/7.2.1/../../../../arm-none-eabi/lib/thumb/v6-m\libstdc++_nano.a(eh_terminate.o)
                0x000049a0                __cxxabiv1::__unexpected(void (*)())
 .text._ZSt10unexpectedv
                0x000049a8       0x10 c:/myapps/mcuxpressoide_10.2.1_795/ide/tools/bin/../lib/gcc/arm-none-eabi/7.2.1/../../../../arm-none-eabi/lib/thumb/v6-m\libstdc++_nano.a(eh_terminate.o)
                0x000049a8                std::unexpected()
 .text._ZN10__cxxabiv1L24__is_gxx_exception_classEPc
                0x000049b8       0x3a c:/myapps/mcuxpressoide_10.2.1_795/ide/tools/bin/../lib/gcc/arm-none-eabi/7.2.1/../../../../arm-none-eabi/lib/thumb/v6-m\libstdc++_nano.a(eh_arm.o)
 *fill*         0x000049f2        0x2 ff
 .text.__cxa_type_match
                0x000049f4       0xb8 c:/myapps/mcuxpressoide_10.2.1_795/ide/tools/bin/../lib/gcc/arm-none-eabi/7.2.1/../../../../arm-none-eabi/lib/thumb/v6-m\libstdc++_nano.a(eh_arm.o)
                0x000049f4                __cxa_type_match
 .text.__cxa_begin_cleanup
                0x00004aac       0x36 c:/myapps/mcuxpressoide_10.2.1_795/ide/tools/bin/../lib/gcc/arm-none-eabi/7.2.1/../../../../arm-none-eabi/lib/thumb/v6-m\libstdc++_nano.a(eh_arm.o)
                0x00004aac                __cxa_begin_cleanup
 .text._ZdlPvj  0x00004ae2        0x8 c:/myapps/mcuxpressoide_10.2.1_795/ide/tools/bin/../lib/gcc/arm-none-eabi/7.2.1/../../../../arm-none-eabi/lib/thumb/v6-m\libstdc++_nano.a(del_ops.o)
                0x00004ae2                operator delete(void*, unsigned int)
 .text._ZNK10__cxxabiv117__class_type_info11__do_upcastEPKS0_PPv
                0x00004aea       0x34 c:/myapps/mcuxpressoide_10.2.1_795/ide/tools/bin/../lib/gcc/arm-none-eabi/7.2.1/../../../../arm-none-eabi/lib/thumb/v6-m\libstdc++_nano.a(class_type_info.o)
                0x00004aea                __cxxabiv1::__class_type_info::__do_upcast(__cxxabiv1::__class_type_info const*, void**) const
 .text._ZNK10__cxxabiv117__class_type_info20__do_find_public_srcEiPKvPKS0_S2_
                0x00004b1e        0xc c:/myapps/mcuxpressoide_10.2.1_795/ide/tools/bin/../lib/gcc/arm-none-eabi/7.2.1/../../../../arm-none-eabi/lib/thumb/v6-m\libstdc++_nano.a(class_type_info.o)
                0x00004b1e                __cxxabiv1::__class_type_info::__do_find_public_src(int, void const*, __cxxabiv1::__class_type_info const*, void const*) const
 *fill*         0x00004b2a        0x2 ff
 .text._ZN10__cxxabiv117__class_type_infoD2Ev
                0x00004b2c       0x18 c:/myapps/mcuxpressoide_10.2.1_795/ide/tools/bin/../lib/gcc/arm-none-eabi/7.2.1/../../../../arm-none-eabi/lib/thumb/v6-m\libstdc++_nano.a(class_type_info.o)
                0x00004b2c                __cxxabiv1::__class_type_info::~__class_type_info()
                0x00004b2c                __cxxabiv1::__class_type_info::~__class_type_info()
 .text._ZN10__cxxabiv117__class_type_infoD0Ev
                0x00004b44       0x14 c:/myapps/mcuxpressoide_10.2.1_795/ide/tools/bin/../lib/gcc/arm-none-eabi/7.2.1/../../../../arm-none-eabi/lib/thumb/v6-m\libstdc++_nano.a(class_type_info.o)
                0x00004b44                __cxxabiv1::__class_type_info::~__class_type_info()
 .text._ZNK10__cxxabiv117__class_type_info12__do_dyncastEiNS0_10__sub_kindEPKS0_PKvS3_S5_RNS0_16__dyncast_resultE
                0x00004b58       0x3a c:/myapps/mcuxpressoide_10.2.1_795/ide/tools/bin/../lib/gcc/arm-none-eabi/7.2.1/../../../../arm-none-eabi/lib/thumb/v6-m\libstdc++_nano.a(class_type_info.o)
                0x00004b58                __cxxabiv1::__class_type_info::__do_dyncast(int, __cxxabiv1::__class_type_info::__sub_kind, __cxxabiv1::__class_type_info const*, void const*, __cxxabiv1::__class_type_info const*, void const*, __cxxabiv1::__class_type_info::__dyncast_result&) const
 .text._ZNK10__cxxabiv117__class_type_info11__do_upcastEPKS0_PKvRNS0_15__upcast_resultE
                0x00004b92       0x1a c:/myapps/mcuxpressoide_10.2.1_795/ide/tools/bin/../lib/gcc/arm-none-eabi/7.2.1/../../../../arm-none-eabi/lib/thumb/v6-m\libstdc++_nano.a(class_type_info.o)
                0x00004b92                __cxxabiv1::__class_type_info::__do_upcast(__cxxabiv1::__class_type_info const*, void const*, __cxxabiv1::__class_type_info::__upcast_result&) const
 .text._ZNK10__cxxabiv117__class_type_info10__do_catchEPKSt9type_infoPPvj
                0x00004bac       0x24 c:/myapps/mcuxpressoide_10.2.1_795/ide/tools/bin/../lib/gcc/arm-none-eabi/7.2.1/../../../../arm-none-eabi/lib/thumb/v6-m\libstdc++_nano.a(class_type_info.o)
                0x00004bac                __cxxabiv1::__class_type_info::__do_catch(std::type_info const*, void**, unsigned int) const
 .text._ZdlPv   0x00004bd0        0x8 c:/myapps/mcuxpressoide_10.2.1_795/ide/tools/bin/../lib/gcc/arm-none-eabi/7.2.1/../../../../arm-none-eabi/lib/thumb/v6-m\libstdc++_nano.a(del_op.o)
                0x00004bd0                operator delete(void*)
 .text._ZN10__cxxabiv120__si_class_type_infoD2Ev
                0x00004bd8       0x18 c:/myapps/mcuxpressoide_10.2.1_795/ide/tools/bin/../lib/gcc/arm-none-eabi/7.2.1/../../../../arm-none-eabi/lib/thumb/v6-m\libstdc++_nano.a(si_class_type_info.o)
                0x00004bd8                __cxxabiv1::__si_class_type_info::~__si_class_type_info()
                0x00004bd8                __cxxabiv1::__si_class_type_info::~__si_class_type_info()
 .text._ZN10__cxxabiv120__si_class_type_infoD0Ev
                0x00004bf0       0x14 c:/myapps/mcuxpressoide_10.2.1_795/ide/tools/bin/../lib/gcc/arm-none-eabi/7.2.1/../../../../arm-none-eabi/lib/thumb/v6-m\libstdc++_nano.a(si_class_type_info.o)
                0x00004bf0                __cxxabiv1::__si_class_type_info::~__si_class_type_info()
 .text._ZNK10__cxxabiv120__si_class_type_info20__do_find_public_srcEiPKvPKNS_17__class_type_infoES2_
                0x00004c04       0x32 c:/myapps/mcuxpressoide_10.2.1_795/ide/tools/bin/../lib/gcc/arm-none-eabi/7.2.1/../../../../arm-none-eabi/lib/thumb/v6-m\libstdc++_nano.a(si_class_type_info.o)
                0x00004c04                __cxxabiv1::__si_class_type_info::__do_find_public_src(int, void const*, __cxxabiv1::__class_type_info const*, void const*) const
 .text._ZNK10__cxxabiv120__si_class_type_info12__do_dyncastEiNS_17__class_type_info10__sub_kindEPKS1_PKvS4_S6_RNS1_16__dyncast_resultE
                0x00004c36       0x84 c:/myapps/mcuxpressoide_10.2.1_795/ide/tools/bin/../lib/gcc/arm-none-eabi/7.2.1/../../../../arm-none-eabi/lib/thumb/v6-m\libstdc++_nano.a(si_class_type_info.o)
                0x00004c36                __cxxabiv1::__si_class_type_info::__do_dyncast(int, __cxxabiv1::__class_type_info::__sub_kind, __cxxabiv1::__class_type_info const*, void const*, __cxxabiv1::__class_type_info const*, void const*, __cxxabiv1::__class_type_info::__dyncast_result&) const
 .text._ZNK10__cxxabiv120__si_class_type_info11__do_upcastEPKNS_17__class_type_infoEPKvRNS1_15__upcast_resultE
                0x00004cba       0x22 c:/myapps/mcuxpressoide_10.2.1_795/ide/tools/bin/../lib/gcc/arm-none-eabi/7.2.1/../../../../arm-none-eabi/lib/thumb/v6-m\libstdc++_nano.a(si_class_type_info.o)
                0x00004cba                __cxxabiv1::__si_class_type_info::__do_upcast(__cxxabiv1::__class_type_info const*, void const*, __cxxabiv1::__class_type_info::__upcast_result&) const
 .text._ZNSt9type_infoD2Ev
                0x00004cdc        0x2 c:/myapps/mcuxpressoide_10.2.1_795/ide/tools/bin/../lib/gcc/arm-none-eabi/7.2.1/../../../../arm-none-eabi/lib/thumb/v6-m\libstdc++_nano.a(tinfo.o)
                0x00004cdc                std::type_info::~type_info()
                0x00004cdc                std::type_info::~type_info()
 .text._ZNKSt9type_info14__is_pointer_pEv
                0x00004cde        0x4 c:/myapps/mcuxpressoide_10.2.1_795/ide/tools/bin/../lib/gcc/arm-none-eabi/7.2.1/../../../../arm-none-eabi/lib/thumb/v6-m\libstdc++_nano.a(tinfo.o)
                0x00004cde                std::type_info::__is_pointer_p() const
                0x00004cde                std::type_info::__is_function_p() const
 .text._ZNKSt9type_infoeqERKS_
                0x00004ce2       0x2c c:/myapps/mcuxpressoide_10.2.1_795/ide/tools/bin/../lib/gcc/arm-none-eabi/7.2.1/../../../../arm-none-eabi/lib/thumb/v6-m\libstdc++_nano.a(tinfo.o)
                0x00004ce2                std::type_info::operator==(std::type_info const&) const
 .text._exit    0x00004d0e        0x2 c:/myapps/mcuxpressoide_10.2.1_795/ide/tools/bin/../lib/gcc/arm-none-eabi/7.2.1/../../../../arm-none-eabi/lib/thumb/v6-m\libcr_newlib_nohost.a(_exit.o)
                0x00004d0e                _exit
 .text._getpid  0x00004d10       0x10 c:/myapps/mcuxpressoide_10.2.1_795/ide/tools/bin/../lib/gcc/arm-none-eabi/7.2.1/../../../../arm-none-eabi/lib/thumb/v6-m\libcr_newlib_nohost.a(getpid.o)
                0x00004d10                _getpid
 .text._kill    0x00004d20       0x10 c:/myapps/mcuxpressoide_10.2.1_795/ide/tools/bin/../lib/gcc/arm-none-eabi/7.2.1/../../../../arm-none-eabi/lib/thumb/v6-m\libcr_newlib_nohost.a(kill.o)
                0x00004d20                _kill
 .text          0x00004d30       0x48 c:/myapps/mcuxpressoide_10.2.1_795/ide/tools/bin/../lib/gcc/arm-none-eabi/7.2.1/thumb/v6-m\crtbegin.o
 .text.free     0x00004d78       0x14 c:/myapps/mcuxpressoide_10.2.1_795/ide/tools/bin/../lib/gcc/arm-none-eabi/7.2.1/../../../../arm-none-eabi/lib/thumb/v6-m\libc_nano.a(lib_a-malloc.o)
                0x00004d78                free
 .text          0x00004d8c       0x14 c:/myapps/mcuxpressoide_10.2.1_795/ide/tools/bin/../lib/gcc/arm-none-eabi/7.2.1/../../../../arm-none-eabi/lib/thumb/v6-m\libc_nano.a(lib_a-strcmp.o)
                0x00004d8c                strcmp
 *(.rodata .rodata.* .constdata .constdata.*)
 .rodata        0x00004da0       0x69 ./source/timer/Timer.o
                0x00004dc0                vtable for Timer
                0x00004dd0                typeinfo for Timer
                0x00004dd8                typeinfo name for Timer
 *fill*         0x00004e09        0x3 ff
 .rodata        0x00004e0c      0x14a ./source/communication/CircularBuffer.o
 *fill*         0x00004f56        0x2 ff
 .rodata        0x00004f58       0x47 ./drivers/fsl_clock.o
 *fill*         0x00004f9f        0x1 ff
 .rodata.CLOCK_GetFreq
                0x00004fa0       0x38 ./drivers/fsl_clock.o
 .rodata.__func__.5287
                0x00004fd8       0x17 ./drivers/fsl_clock.o
 *fill*         0x00004fef        0x1 ff
 .rodata.__func__.5320
                0x00004ff0       0x17 ./drivers/fsl_clock.o
 *fill*         0x00005007        0x1 ff
 .rodata.__func__.5328
                0x00005008       0x16 ./drivers/fsl_clock.o
 *fill*         0x0000501e        0x2 ff
 .rodata.fllFactorTable.5393
                0x00005020       0x10 ./drivers/fsl_clock.o
 .rodata.__func__.5408
                0x00005030       0x12 ./drivers/fsl_clock.o
 *fill*         0x00005042        0x2 ff
 .rodata.__func__.5448
                0x00005044       0x11 ./drivers/fsl_clock.o
 *fill*         0x00005055        0x3 ff
 .rodata.__func__.5585
                0x00005058       0x11 ./drivers/fsl_clock.o
 *fill*         0x00005069        0x3 ff
 .rodata.__func__.5652
                0x0000506c       0x14 ./drivers/fsl_clock.o
 .rodata        0x00005080       0x3e ./drivers/fsl_common.o
 *fill*         0x000050be        0x2 ff
 .rodata        0x000050c0      0x168 ./drivers/fsl_dma.o
 .rodata.__func__.5552
                0x00005228        0xe ./drivers/fsl_dma.o
 *fill*         0x00005236        0x2 ff
 .rodata.__func__.5420
                0x00005238       0x1c ./drivers/fsl_dma.o
 .rodata        0x00005254       0x43 ./drivers/fsl_gpio.o
 *fill*         0x00005297        0x1 ff
 .rodata.__func__.5308
                0x00005298        0xd ./drivers/fsl_gpio.o
 *fill*         0x000052a5        0x3 ff
 .rodata        0x000052a8       0xb2 ./drivers/fsl_lpsci.o
 *fill*         0x0000535a        0x2 ff
 .rodata.__func__.5468
                0x0000535c       0x12 ./drivers/fsl_lpsci.o
 *fill*         0x0000536e        0x2 ff
 .rodata.__func__.5504
                0x00005370        0xb ./drivers/fsl_lpsci.o
 *fill*         0x0000537b        0x1 ff
 .rodata.__func__.5525
                0x0000537c       0x17 ./drivers/fsl_lpsci.o
 *fill*         0x00005393        0x1 ff
 .rodata.__func__.5570
                0x00005394       0x14 ./drivers/fsl_lpsci.o
 .rodata.__func__.5582
                0x000053a8       0x13 ./drivers/fsl_lpsci.o
 *fill*         0x000053bb        0x1 ff
 .rodata        0x000053bc       0x43 ./drivers/fsl_pit.o
 *fill*         0x000053ff        0x1 ff
 .rodata.__func__.5335
                0x00005400       0x10 ./drivers/fsl_pit.o
 .rodata.__func__.5340
                0x00005410        0x9 ./drivers/fsl_pit.o
 *fill*         0x00005419        0x3 ff
 .rodata        0x0000541c       0x9b ./drivers/fsl_spi.o
 *fill*         0x000054b7        0x1 ff
 .rodata.__func__.5659
                0x000054b8       0x16 ./drivers/fsl_spi.o
 *fill*         0x000054ce        0x2 ff
 .rodata.__func__.5663
                0x000054d0       0x16 ./drivers/fsl_spi.o
 *fill*         0x000054e6        0x2 ff
 .rodata.s_uartBases
                0x000054e8        0xc ./drivers/fsl_uart.o
 .rodata.s_uartClock
                0x000054f4        0xc ./drivers/fsl_uart.o
 .rodata        0x00005500       0xaa ./drivers/fsl_uart.o
 *fill*         0x000055aa        0x2 ff
 .rodata.__func__.5471
                0x000055ac       0x11 ./drivers/fsl_uart.o
 *fill*         0x000055bd        0x3 ff
 .rodata.__func__.5487
                0x000055c0        0xa ./drivers/fsl_uart.o
 *fill*         0x000055ca        0x2 ff
 .rodata.__func__.5500
                0x000055cc       0x16 ./drivers/fsl_uart.o
 *fill*         0x000055e2        0x2 ff
 .rodata.__func__.5558
                0x000055e4       0x12 ./drivers/fsl_uart.o
 *fill*         0x000055f6        0x2 ff
 .rodata.mcgConfig_BOARD_BootClockRUN
                0x000055f8        0xa ./board/clock_config.o
                0x000055f8                mcgConfig_BOARD_BootClockRUN
 *fill*         0x00005602        0x2 ff
 .rodata.simConfig_BOARD_BootClockRUN
                0x00005604        0x8 ./board/clock_config.o
                0x00005604                simConfig_BOARD_BootClockRUN
 .rodata.oscConfig_BOARD_BootClockRUN
                0x0000560c        0x8 ./board/clock_config.o
                0x0000560c                oscConfig_BOARD_BootClockRUN
 .rodata        0x00005614       0x22 ./board/pin_mux.o
 *fill*         0x00005636        0x2 ff
 .rodata.__func__.5313
                0x00005638       0x12 ./board/pin_mux.o
 *fill*         0x0000564a        0x2 ff
 .rodata._ZTIN10__cxxabiv117__class_type_infoE
                0x0000564c        0xc c:/myapps/mcuxpressoide_10.2.1_795/ide/tools/bin/../lib/gcc/arm-none-eabi/7.2.1/../../../../arm-none-eabi/lib/thumb/v6-m\libstdc++_nano.a(class_type_info.o)
                0x0000564c                typeinfo for __cxxabiv1::__class_type_info
 .rodata._ZTSN10__cxxabiv117__class_type_infoE
                0x00005658       0x22 c:/myapps/mcuxpressoide_10.2.1_795/ide/tools/bin/../lib/gcc/arm-none-eabi/7.2.1/../../../../arm-none-eabi/lib/thumb/v6-m\libstdc++_nano.a(class_type_info.o)
                0x00005658                typeinfo name for __cxxabiv1::__class_type_info
 *fill*         0x0000567a        0x2 ff
 .rodata._ZTVN10__cxxabiv117__class_type_infoE
                0x0000567c       0x2c c:/myapps/mcuxpressoide_10.2.1_795/ide/tools/bin/../lib/gcc/arm-none-eabi/7.2.1/../../../../arm-none-eabi/lib/thumb/v6-m\libstdc++_nano.a(class_type_info.o)
                0x0000567c                vtable for __cxxabiv1::__class_type_info
 .rodata._ZTIN10__cxxabiv115__forced_unwindE
                0x000056a8        0x8 c:/myapps/mcuxpressoide_10.2.1_795/ide/tools/bin/../lib/gcc/arm-none-eabi/7.2.1/../../../../arm-none-eabi/lib/thumb/v6-m\libstdc++_nano.a(eh_exception.o)
                0x000056a8                typeinfo for __cxxabiv1::__forced_unwind
 .rodata._ZTIN10__cxxabiv119__foreign_exceptionE
                0x000056b0        0x8 c:/myapps/mcuxpressoide_10.2.1_795/ide/tools/bin/../lib/gcc/arm-none-eabi/7.2.1/../../../../arm-none-eabi/lib/thumb/v6-m\libstdc++_nano.a(eh_exception.o)
                0x000056b0                typeinfo for __cxxabiv1::__foreign_exception
 .rodata._ZTSN10__cxxabiv115__forced_unwindE
                0x000056b8       0x20 c:/myapps/mcuxpressoide_10.2.1_795/ide/tools/bin/../lib/gcc/arm-none-eabi/7.2.1/../../../../arm-none-eabi/lib/thumb/v6-m\libstdc++_nano.a(eh_exception.o)
                0x000056b8                typeinfo name for __cxxabiv1::__forced_unwind
 .rodata._ZTSN10__cxxabiv119__foreign_exceptionE
                0x000056d8       0x24 c:/myapps/mcuxpressoide_10.2.1_795/ide/tools/bin/../lib/gcc/arm-none-eabi/7.2.1/../../../../arm-none-eabi/lib/thumb/v6-m\libstdc++_nano.a(eh_exception.o)
                0x000056d8                typeinfo name for __cxxabiv1::__foreign_exception
 .rodata._ZTIN10__cxxabiv120__si_class_type_infoE
                0x000056fc        0xc c:/myapps/mcuxpressoide_10.2.1_795/ide/tools/bin/../lib/gcc/arm-none-eabi/7.2.1/../../../../arm-none-eabi/lib/thumb/v6-m\libstdc++_nano.a(si_class_type_info.o)
                0x000056fc                typeinfo for __cxxabiv1::__si_class_type_info
 .rodata._ZTSN10__cxxabiv120__si_class_type_infoE
                0x00005708       0x25 c:/myapps/mcuxpressoide_10.2.1_795/ide/tools/bin/../lib/gcc/arm-none-eabi/7.2.1/../../../../arm-none-eabi/lib/thumb/v6-m\libstdc++_nano.a(si_class_type_info.o)
                0x00005708                typeinfo name for __cxxabiv1::__si_class_type_info
 *fill*         0x0000572d        0x3 ff
 .rodata._ZTVN10__cxxabiv120__si_class_type_infoE
                0x00005730       0x2c c:/myapps/mcuxpressoide_10.2.1_795/ide/tools/bin/../lib/gcc/arm-none-eabi/7.2.1/../../../../arm-none-eabi/lib/thumb/v6-m\libstdc++_nano.a(si_class_type_info.o)
                0x00005730                vtable for __cxxabiv1::__si_class_type_info
 .rodata._ZTISt9type_info
                0x0000575c        0x8 c:/myapps/mcuxpressoide_10.2.1_795/ide/tools/bin/../lib/gcc/arm-none-eabi/7.2.1/../../../../arm-none-eabi/lib/thumb/v6-m\libstdc++_nano.a(tinfo.o)
                0x0000575c                typeinfo for std::type_info
 .rodata._ZTSSt9type_info
                0x00005764        0xd c:/myapps/mcuxpressoide_10.2.1_795/ide/tools/bin/../lib/gcc/arm-none-eabi/7.2.1/../../../../arm-none-eabi/lib/thumb/v6-m\libstdc++_nano.a(tinfo.o)
                0x00005764                typeinfo name for std::type_info
                0x00005774                . = ALIGN (0x4)
 *fill*         0x00005771        0x3 ff
                0x00005774                . = ALIGN (0x4)
 *(.init)
 .init          0x00005774        0x4 c:/myapps/mcuxpressoide_10.2.1_795/ide/tools/bin/../lib/gcc/arm-none-eabi/7.2.1/thumb/v6-m\crti.o
                0x00005774                _init
 .init          0x00005778        0x8 c:/myapps/mcuxpressoide_10.2.1_795/ide/tools/bin/../lib/gcc/arm-none-eabi/7.2.1/thumb/v6-m\crtn.o
                0x00005780                . = ALIGN (0x4)
                0x00005780                __preinit_array_start = .
 *(.preinit_array)
                0x00005780                __preinit_array_end = .
                0x00005780                . = ALIGN (0x4)
                0x00005780                __init_array_start = .
 *(SORT_BY_NAME(.init_array.*))
 *(.init_array)
 .init_array    0x00005780        0x4 c:/myapps/mcuxpressoide_10.2.1_795/ide/tools/bin/../lib/gcc/arm-none-eabi/7.2.1/thumb/v6-m\crtbegin.o
                0x00005784                __init_array_end = .
 *(.fini)
 .fini          0x00005784        0x4 c:/myapps/mcuxpressoide_10.2.1_795/ide/tools/bin/../lib/gcc/arm-none-eabi/7.2.1/thumb/v6-m\crti.o
                0x00005784                _fini
 .fini          0x00005788        0x8 c:/myapps/mcuxpressoide_10.2.1_795/ide/tools/bin/../lib/gcc/arm-none-eabi/7.2.1/thumb/v6-m\crtn.o
                0x00005790                . = ALIGN (0x4)
 *crtbegin.o(.ctors)
 *(EXCLUDE_FILE(*crtend.o) .ctors)
 *(SORT_BY_NAME(.ctors.*))
 *crtend.o(.ctors)
                0x00005790                . = ALIGN (0x4)
 *crtbegin.o(.dtors)
 *(EXCLUDE_FILE(*crtend.o) .dtors)
 *(SORT_BY_NAME(.dtors.*))
 *crtend.o(.dtors)
                0x00005790                . = ALIGN (0x4)

.glue_7         0x00005790        0x0
 .glue_7        0x00005790        0x0 linker stubs

.glue_7t        0x00005790        0x0
 .glue_7t       0x00005790        0x0 linker stubs

.vfp11_veneer   0x00005790        0x0
 .vfp11_veneer  0x00005790        0x0 linker stubs

.v4_bx          0x00005790        0x0
 .v4_bx         0x00005790        0x0 linker stubs

.iplt           0x00005790        0x0
 .iplt          0x00005790        0x0 ./utilities/fsl_debug_console.o

.ARM.extab      0x00005790       0x60
 *(.ARM.extab* .gnu.linkonce.armextab.*)
 .ARM.extab     0x00005790        0xc ./source/timer/Timer.o
 .ARM.extab.text._ZSt5roundIiEN9__gnu_cxx11__enable_ifIXsrSt12__is_integerIT_E7__valueEdE6__typeES3_
                0x0000579c        0x0 ./source/timer/Timer.o
 .ARM.extab     0x0000579c       0x18 ./source/communication/CircularBuffer.o
 .ARM.extab     0x000057b4        0xc ./source/MKL25Z128xxx4_Project_ACC.o
 .ARM.extab     0x000057c0       0x24 c:/myapps/mcuxpressoide_10.2.1_795/ide/tools/bin/../lib/gcc/arm-none-eabi/7.2.1/thumb/v6-m\libgcc.a(unwind-arm.o)
 .ARM.extab     0x000057e4        0xc c:/myapps/mcuxpressoide_10.2.1_795/ide/tools/bin/../lib/gcc/arm-none-eabi/7.2.1/thumb/v6-m\libgcc.a(pr-support.o)
                0x000057f0                __exidx_start = .

.eh_frame       0x000057f0        0x0
 .eh_frame      0x000057f0        0x0 c:/myapps/mcuxpressoide_10.2.1_795/ide/tools/bin/../lib/gcc/arm-none-eabi/7.2.1/thumb/v6-m\crtbegin.o

.ARM.exidx      0x000057f0      0x138
 *(.ARM.exidx* .gnu.linkonce.armexidx.*)
 .ARM.exidx.after_vectors.init_data
                0x000057f0        0x8 ./startup/startup_mkl25z4.o
 .ARM.exidx.after_vectors.init_bss
                0x000057f8        0x0 ./startup/startup_mkl25z4.o
                                  0x8 (size before relaxing)
 .ARM.exidx.after_vectors.reset
                0x000057f8        0x8 ./startup/startup_mkl25z4.o
 .ARM.exidx.after_vectors
                0x00005800       0x18 ./startup/startup_mkl25z4.o
                                0x130 (size before relaxing)
 .ARM.exidx     0x00005818       0x20 ./source/timer/Timer.o
                                 0x78 (size before relaxing)
 .ARM.exidx.text._ZSt5roundIiEN9__gnu_cxx11__enable_ifIXsrSt12__is_integerIT_E7__valueEdE6__typeES3_
                0x00005838        0x0 ./source/timer/Timer.o
                                  0x8 (size before relaxing)
 .ARM.exidx     0x00005838       0x18 ./source/communication/CircularBuffer.o
                                 0x40 (size before relaxing)
 .ARM.exidx     0x00005850       0x18 ./source/MKL25Z128xxx4_Project_ACC.o
                                 0x30 (size before relaxing)
 .ARM.exidx     0x00005868        0x0 c:/myapps/mcuxpressoide_10.2.1_795/ide/tools/bin/../lib/gcc/arm-none-eabi/7.2.1/thumb/v6-m\libgcc.a(_udivmoddi4.o)
                                  0x8 (size before relaxing)
 .ARM.exidx     0x00005868       0x90 c:/myapps/mcuxpressoide_10.2.1_795/ide/tools/bin/../lib/gcc/arm-none-eabi/7.2.1/thumb/v6-m\libgcc.a(unwind-arm.o)
                                 0xd8 (size before relaxing)
 .ARM.exidx     0x000058f8       0x30 c:/myapps/mcuxpressoide_10.2.1_795/ide/tools/bin/../lib/gcc/arm-none-eabi/7.2.1/thumb/v6-m\libgcc.a(pr-support.o)
                                 0x48 (size before relaxing)
                0x00005928                __exidx_end = .
                0x00005928                _etext = .

.rel.dyn        0x00005928        0x0
 .rel.iplt      0x00005928        0x0 ./utilities/fsl_debug_console.o

.m_usb_data
 *(m_usb_bdt)

.mtb_buffer_default
                0x1ffff000       0x80
 *(.mtb*)
 .mtb.$RAM1     0x1ffff000       0x80 ./source/mtb.o
                0x1ffff000                __mtb_buffer__

.uninit_RESERVED
                0x1ffff080        0x0
 *(.bss.$RESERVED*)
                0x1ffff080                . = ALIGN (0x4)
                0x1ffff080                _end_uninit_RESERVED = .

.data           0x1ffff080       0xe4 load address 0x00005928
 FILL mask 0xff
                0x1ffff080                _data = .
 *(vtable)
 *(.ramfunc*)
 *(.data*)
 .data          0x1ffff080       0x6b ./source/MKL25Z128xxx4_Project_ACC.o
                0x1ffff080                g_tipString
 *fill*         0x1ffff0eb        0x1 ff
 .data.s_slowIrcFreq
                0x1ffff0ec        0x4 ./drivers/fsl_clock.o
 .data.s_fastIrcFreq
                0x1ffff0f0        0x4 ./drivers/fsl_clock.o
 .data.SystemCoreClock
                0x1ffff0f4        0x4 ./CMSIS/system_MKL25Z4.o
                0x1ffff0f4                SystemCoreClock
 .data._impure_ptr
                0x1ffff0f8        0x4 c:/myapps/mcuxpressoide_10.2.1_795/ide/tools/bin/../lib/gcc/arm-none-eabi/7.2.1/../../../../arm-none-eabi/lib/thumb/v6-m\libc_nano.a(lib_a-impure.o)
                0x1ffff0f8                _impure_ptr
 .data.impure_data
                0x1ffff0fc       0x60 c:/myapps/mcuxpressoide_10.2.1_795/ide/tools/bin/../lib/gcc/arm-none-eabi/7.2.1/../../../../arm-none-eabi/lib/thumb/v6-m\libc_nano.a(lib_a-impure.o)
 .data._ZN10__cxxabiv119__terminate_handlerE
                0x1ffff15c        0x4 c:/myapps/mcuxpressoide_10.2.1_795/ide/tools/bin/../lib/gcc/arm-none-eabi/7.2.1/../../../../arm-none-eabi/lib/thumb/v6-m\libstdc++_nano.a(eh_term_handler.o)
                0x1ffff15c                __cxxabiv1::__terminate_handler
 .data._ZN10__cxxabiv120__unexpected_handlerE
                0x1ffff160        0x4 c:/myapps/mcuxpressoide_10.2.1_795/ide/tools/bin/../lib/gcc/arm-none-eabi/7.2.1/../../../../arm-none-eabi/lib/thumb/v6-m\libstdc++_nano.a(eh_unex_handler.o)
                0x1ffff160                __cxxabiv1::__unexpected_handler
                0x1ffff164                . = ALIGN (0x4)
                0x1ffff164                _edata = .

.igot.plt       0x1ffff164        0x0 load address 0x00005a0c
 .igot.plt      0x1ffff164        0x0 ./utilities/fsl_debug_console.o

.bss            0x1ffff164      0x1a0 load address 0x00005a0c
                0x1ffff164                _bss = .
 *(.bss*)
 .bss.s_debugConsole
                0x1ffff164       0x10 ./utilities/fsl_debug_console.o
 .bss           0x1ffff174       0x14 ./source/timer/Timer.o
                0x1ffff174                channelTimer
 .bss           0x1ffff188       0xfc ./source/MKL25Z128xxx4_Project_ACC.o
                0x1ffff188                new_line_flag
                0x1ffff18c                config
                0x1ffff194                rxBuffer_handler
                0x1ffff1a8                txBuffer_handler
                0x1ffff1bc                rxbufferPt
                0x1ffff220                txbufferPt
 .bss.g_xtal0Freq
                0x1ffff284        0x4 ./drivers/fsl_clock.o
                0x1ffff284                g_xtal0Freq
 .bss.g_xtal32Freq
                0x1ffff288        0x4 ./drivers/fsl_clock.o
                0x1ffff288                g_xtal32Freq
 .bss.s_DMAHandle
                0x1ffff28c       0x10 ./drivers/fsl_dma.o
 .bss.s_i2cHandle
                0x1ffff29c        0x8 ./drivers/fsl_i2c.o
 .bss.s_i2cMasterIsr
                0x1ffff2a4        0x4 ./drivers/fsl_i2c.o
 .bss.s_i2cSlaveIsr
                0x1ffff2a8        0x4 ./drivers/fsl_i2c.o
 .bss.s_lpsciHandle
                0x1ffff2ac        0x4 ./drivers/fsl_lpsci.o
 .bss.s_lpsciIsr
                0x1ffff2b0        0x4 ./drivers/fsl_lpsci.o
 .bss.s_spiHandle
                0x1ffff2b4        0x8 ./drivers/fsl_spi.o
 .bss.s_spiMasterIsr
                0x1ffff2bc        0x4 ./drivers/fsl_spi.o
 .bss.s_spiSlaveIsr
                0x1ffff2c0        0x4 ./drivers/fsl_spi.o
 .bss.s_uartHandle
                0x1ffff2c4        0xc ./drivers/fsl_uart.o
 .bss.s_uartIsr
                0x1ffff2d0        0x4 ./drivers/fsl_uart.o
 .bss.__malloc_free_list
                0x1ffff2d4        0x4 c:/myapps/mcuxpressoide_10.2.1_795/ide/tools/bin/../lib/gcc/arm-none-eabi/7.2.1/../../../../arm-none-eabi/lib/thumb/v6-m\libc_nano.a(lib_a-nano-mallocr.o)
                0x1ffff2d4                __malloc_free_list
 .bss._ZL10eh_globals
                0x1ffff2d8        0xc c:/myapps/mcuxpressoide_10.2.1_795/ide/tools/bin/../lib/gcc/arm-none-eabi/7.2.1/../../../../arm-none-eabi/lib/thumb/v6-m\libstdc++_nano.a(eh_globals.o)
 .bss           0x1ffff2e4       0x1c c:/myapps/mcuxpressoide_10.2.1_795/ide/tools/bin/../lib/gcc/arm-none-eabi/7.2.1/thumb/v6-m\crtbegin.o
 *(COMMON)
 COMMON         0x1ffff300        0x4 c:/myapps/mcuxpressoide_10.2.1_795/ide/tools/bin/../lib/gcc/arm-none-eabi/7.2.1/../../../../arm-none-eabi/lib/thumb/v6-m\libc_nano.a(lib_a-reent.o)
                0x1ffff300                errno
                0x1ffff304                . = ALIGN (0x4)
                0x1ffff304                _ebss = .
                [!provide]                PROVIDE (end, .)

.noinit         0x1ffff304        0x0 load address 0x00005a0c
                0x1ffff304                _noinit = .
 *(.noinit*)
                0x1ffff304                . = ALIGN (0x4)
                0x1ffff304                _end_noinit = .
                0x00000400                _HeapSize = 0x400

.heap           0x1ffff304      0x400 load address 0x00005a0c
                0x1ffff304                _pvHeapStart = .
                0x1ffff704                . = (. + _HeapSize)
 *fill*         0x1ffff304      0x400 
                0x1ffff704                . = ALIGN (0x4)
                0x1ffff704                _pvHeapLimit = .
                0x00000400                _StackSize = 0x400

.heap2stackfill
                0x1ffff704      0x400 load address 0x00005a0c
                0x1ffffb04                . = (. + _StackSize)
 *fill*         0x1ffff704      0x400 

.stack          0x20002c00        0x0
                0x20002c00                _vStackBase = .
                0x20002c00                . = ALIGN (0x4)
                0x20003000                _vStackTop = (. + _StackSize)
                0x00000000                _image_start = LOADADDR (.text)
                0x00005a0c                _image_end = (LOADADDR (.data) + SIZEOF (.data))
                0x00005a0c                _image_size = (_image_end - _image_start)
OUTPUT(MKL25Z128xxx4_Project_ACC.axf elf32-littlearm)

.debug_info     0x00000000    0x16adb
 .debug_info    0x00000000     0x161c ./utilities/fsl_debug_console.o
 .debug_info    0x0000161c      0x49e ./startup/startup_mkl25z4.o
 .debug_info    0x00001aba     0x1bb2 ./source/timer/Timer.o
 .debug_info    0x0000366c      0xbb5 ./source/communication/CircularBuffer.o
 .debug_info    0x00004221     0x1428 ./source/MKL25Z128xxx4_Project_ACC.o
 .debug_info    0x00005649       0x52 ./source/mtb.o
 .debug_info    0x0000569b       0x3b ./source/semihost_hardfault.o
 .debug_info    0x000056d6     0x225e ./drivers/fsl_clock.o
 .debug_info    0x00007934      0xc3e ./drivers/fsl_common.o
 .debug_info    0x00008572     0x185f ./drivers/fsl_dma.o
 .debug_info    0x00009dd1      0xd84 ./drivers/fsl_gpio.o
 .debug_info    0x0000ab55     0x2355 ./drivers/fsl_i2c.o
 .debug_info    0x0000ceaa     0x1dd2 ./drivers/fsl_lpsci.o
 .debug_info    0x0000ec7c      0xe5b ./drivers/fsl_pit.o
 .debug_info    0x0000fad7     0x1cd8 ./drivers/fsl_spi.o
 .debug_info    0x000117af     0x1d58 ./drivers/fsl_uart.o
 .debug_info    0x00013507      0xea0 ./board/board.o
 .debug_info    0x000143a7     0x1283 ./board/clock_config.o
 .debug_info    0x0001562a       0x3b ./board/peripherals.o
 .debug_info    0x00015665     0x108c ./board/pin_mux.o
 .debug_info    0x000166f1      0x3ea ./CMSIS/system_MKL25Z4.o

.debug_abbrev   0x00000000     0x367a
 .debug_abbrev  0x00000000      0x335 ./utilities/fsl_debug_console.o
 .debug_abbrev  0x00000335      0x163 ./startup/startup_mkl25z4.o
 .debug_abbrev  0x00000498      0x566 ./source/timer/Timer.o
 .debug_abbrev  0x000009fe      0x258 ./source/communication/CircularBuffer.o
 .debug_abbrev  0x00000c56      0x30d ./source/MKL25Z128xxx4_Project_ACC.o
 .debug_abbrev  0x00000f63       0x44 ./source/mtb.o
 .debug_abbrev  0x00000fa7       0x2f ./source/semihost_hardfault.o
 .debug_abbrev  0x00000fd6      0x3df ./drivers/fsl_clock.o
 .debug_abbrev  0x000013b5      0x32e ./drivers/fsl_common.o
 .debug_abbrev  0x000016e3      0x340 ./drivers/fsl_dma.o
 .debug_abbrev  0x00001a23      0x264 ./drivers/fsl_gpio.o
 .debug_abbrev  0x00001c87      0x3d2 ./drivers/fsl_i2c.o
 .debug_abbrev  0x00002059      0x375 ./drivers/fsl_lpsci.o
 .debug_abbrev  0x000023ce      0x2b4 ./drivers/fsl_pit.o
 .debug_abbrev  0x00002682      0x375 ./drivers/fsl_spi.o
 .debug_abbrev  0x000029f7      0x38d ./drivers/fsl_uart.o
 .debug_abbrev  0x00002d84      0x228 ./board/board.o
 .debug_abbrev  0x00002fac      0x2a8 ./board/clock_config.o
 .debug_abbrev  0x00003254       0x2f ./board/peripherals.o
 .debug_abbrev  0x00003283      0x2e1 ./board/pin_mux.o
 .debug_abbrev  0x00003564      0x116 ./CMSIS/system_MKL25Z4.o

.debug_aranges  0x00000000      0xbf8
 .debug_aranges
                0x00000000       0x90 ./utilities/fsl_debug_console.o
 .debug_aranges
                0x00000090      0x160 ./startup/startup_mkl25z4.o
 .debug_aranges
                0x000001f0       0x28 ./source/timer/Timer.o
 .debug_aranges
                0x00000218       0x20 ./source/communication/CircularBuffer.o
 .debug_aranges
                0x00000238       0x20 ./source/MKL25Z128xxx4_Project_ACC.o
 .debug_aranges
                0x00000258       0x18 ./source/mtb.o
 .debug_aranges
                0x00000270       0x20 ./source/semihost_hardfault.o
 .debug_aranges
                0x00000290      0x1d8 ./drivers/fsl_clock.o
 .debug_aranges
                0x00000468       0x38 ./drivers/fsl_common.o
 .debug_aranges
                0x000004a0       0xd0 ./drivers/fsl_dma.o
 .debug_aranges
                0x00000570       0x40 ./drivers/fsl_gpio.o
 .debug_aranges
                0x000005b0      0x178 ./drivers/fsl_i2c.o
 .debug_aranges
                0x00000728      0x118 ./drivers/fsl_lpsci.o
 .debug_aranges
                0x00000840       0x48 ./drivers/fsl_pit.o
 .debug_aranges
                0x00000888      0x130 ./drivers/fsl_spi.o
 .debug_aranges
                0x000009b8      0x130 ./drivers/fsl_uart.o
 .debug_aranges
                0x00000ae8       0x28 ./board/board.o
 .debug_aranges
                0x00000b10       0x58 ./board/clock_config.o
 .debug_aranges
                0x00000b68       0x20 ./board/peripherals.o
 .debug_aranges
                0x00000b88       0x48 ./board/pin_mux.o
 .debug_aranges
                0x00000bd0       0x28 ./CMSIS/system_MKL25Z4.o

.debug_ranges   0x00000000      0xa80
 .debug_ranges  0x00000000       0x80 ./utilities/fsl_debug_console.o
 .debug_ranges  0x00000080      0x150 ./startup/startup_mkl25z4.o
 .debug_ranges  0x000001d0       0x18 ./source/timer/Timer.o
 .debug_ranges  0x000001e8       0x10 ./source/semihost_hardfault.o
 .debug_ranges  0x000001f8      0x1c8 ./drivers/fsl_clock.o
 .debug_ranges  0x000003c0       0x28 ./drivers/fsl_common.o
 .debug_ranges  0x000003e8       0xc0 ./drivers/fsl_dma.o
 .debug_ranges  0x000004a8       0x30 ./drivers/fsl_gpio.o
 .debug_ranges  0x000004d8      0x168 ./drivers/fsl_i2c.o
 .debug_ranges  0x00000640      0x108 ./drivers/fsl_lpsci.o
 .debug_ranges  0x00000748       0x38 ./drivers/fsl_pit.o
 .debug_ranges  0x00000780      0x120 ./drivers/fsl_spi.o
 .debug_ranges  0x000008a0      0x120 ./drivers/fsl_uart.o
 .debug_ranges  0x000009c0       0x18 ./board/board.o
 .debug_ranges  0x000009d8       0x48 ./board/clock_config.o
 .debug_ranges  0x00000a20       0x10 ./board/peripherals.o
 .debug_ranges  0x00000a30       0x38 ./board/pin_mux.o
 .debug_ranges  0x00000a68       0x18 ./CMSIS/system_MKL25Z4.o

.debug_macro    0x00000000     0xc85f
 .debug_macro   0x00000000      0x221 ./utilities/fsl_debug_console.o
 .debug_macro   0x00000221      0xa72 ./utilities/fsl_debug_console.o
 .debug_macro   0x00000c93       0x58 ./utilities/fsl_debug_console.o
 .debug_macro   0x00000ceb       0x17 ./utilities/fsl_debug_console.o
 .debug_macro   0x00000d02       0x22 ./utilities/fsl_debug_console.o
 .debug_macro   0x00000d24       0x52 ./utilities/fsl_debug_console.o
 .debug_macro   0x00000d76       0x8d ./utilities/fsl_debug_console.o
 .debug_macro   0x00000e03       0x35 ./utilities/fsl_debug_console.o
 .debug_macro   0x00000e38       0x9c ./utilities/fsl_debug_console.o
 .debug_macro   0x00000ed4       0x16 ./utilities/fsl_debug_console.o
 .debug_macro   0x00000eea      0x10e ./utilities/fsl_debug_console.o
 .debug_macro   0x00000ff8       0x8d ./utilities/fsl_debug_console.o
 .debug_macro   0x00001085       0x57 ./utilities/fsl_debug_console.o
 .debug_macro   0x000010dc       0x58 ./utilities/fsl_debug_console.o
 .debug_macro   0x00001134       0x1f ./utilities/fsl_debug_console.o
 .debug_macro   0x00001153       0x43 ./utilities/fsl_debug_console.o
 .debug_macro   0x00001196       0x20 ./utilities/fsl_debug_console.o
 .debug_macro   0x000011b6      0x18e ./utilities/fsl_debug_console.o
 .debug_macro   0x00001344      0x330 ./utilities/fsl_debug_console.o
 .debug_macro   0x00001674       0x16 ./utilities/fsl_debug_console.o
 .debug_macro   0x0000168a       0x29 ./utilities/fsl_debug_console.o
 .debug_macro   0x000016b3      0x1e1 ./utilities/fsl_debug_console.o
 .debug_macro   0x00001894       0x1c ./utilities/fsl_debug_console.o
 .debug_macro   0x000018b0       0x22 ./utilities/fsl_debug_console.o
 .debug_macro   0x000018d2       0xef ./utilities/fsl_debug_console.o
 .debug_macro   0x000019c1       0x6a ./utilities/fsl_debug_console.o
 .debug_macro   0x00001a2b      0x1df ./utilities/fsl_debug_console.o
 .debug_macro   0x00001c0a       0x16 ./utilities/fsl_debug_console.o
 .debug_macro   0x00001c20       0x35 ./utilities/fsl_debug_console.o
 .debug_macro   0x00001c55       0x10 ./utilities/fsl_debug_console.o
 .debug_macro   0x00001c65       0x3f ./utilities/fsl_debug_console.o
 .debug_macro   0x00001ca4       0x3a ./utilities/fsl_debug_console.o
 .debug_macro   0x00001cde       0x26 ./utilities/fsl_debug_console.o
 .debug_macro   0x00001d04      0x329 ./utilities/fsl_debug_console.o
 .debug_macro   0x0000202d       0x30 ./utilities/fsl_debug_console.o
 .debug_macro   0x0000205d     0x51e2 ./utilities/fsl_debug_console.o
 .debug_macro   0x0000723f     0x1352 ./utilities/fsl_debug_console.o
 .debug_macro   0x00008591       0x3a ./utilities/fsl_debug_console.o
 .debug_macro   0x000085cb       0xf4 ./utilities/fsl_debug_console.o
 .debug_macro   0x000086bf       0x35 ./utilities/fsl_debug_console.o
 .debug_macro   0x000086f4       0x34 ./utilities/fsl_debug_console.o
 .debug_macro   0x00008728       0x10 ./utilities/fsl_debug_console.o
 .debug_macro   0x00008738       0x10 ./utilities/fsl_debug_console.o
 .debug_macro   0x00008748       0x2a ./startup/startup_mkl25z4.o
 .debug_macro   0x00008772      0xb5c ./startup/startup_mkl25z4.o
 .debug_macro   0x000092ce      0x278 ./source/timer/Timer.o
 .debug_macro   0x00009546      0x168 ./source/timer/Timer.o
 .debug_macro   0x000096ae       0x10 ./source/timer/Timer.o
 .debug_macro   0x000096be      0x3ed ./source/timer/Timer.o
 .debug_macro   0x00009aab       0x18 ./source/timer/Timer.o
 .debug_macro   0x00009ac3       0x9c ./source/timer/Timer.o
 .debug_macro   0x00009b5f      0x17b ./source/timer/Timer.o
 .debug_macro   0x00009cda       0x43 ./source/timer/Timer.o
 .debug_macro   0x00009d1d      0x353 ./source/timer/Timer.o
 .debug_macro   0x0000a070      0x1da ./source/timer/Timer.o
 .debug_macro   0x0000a24a       0x10 ./source/timer/Timer.o
 .debug_macro   0x0000a25a       0x35 ./source/timer/Timer.o
 .debug_macro   0x0000a28f       0x10 ./source/timer/Timer.o
 .debug_macro   0x0000a29f      0x3c7 ./source/timer/Timer.o
 .debug_macro   0x0000a666       0x1c ./source/timer/Timer.o
 .debug_macro   0x0000a682       0x16 ./source/timer/Timer.o
 .debug_macro   0x0000a698       0x16 ./source/timer/Timer.o
 .debug_macro   0x0000a6ae      0x329 ./source/timer/Timer.o
 .debug_macro   0x0000a9d7       0x10 ./source/timer/Timer.o
 .debug_macro   0x0000a9e7      0x140 ./source/communication/CircularBuffer.o
 .debug_macro   0x0000ab27       0x87 ./source/communication/CircularBuffer.o
 .debug_macro   0x0000abae       0x51 ./source/communication/CircularBuffer.o
 .debug_macro   0x0000abff       0x58 ./source/communication/CircularBuffer.o
 .debug_macro   0x0000ac57       0x10 ./source/communication/CircularBuffer.o
 .debug_macro   0x0000ac67      0x217 ./source/MKL25Z128xxx4_Project_ACC.o
 .debug_macro   0x0000ae7e       0x16 ./source/MKL25Z128xxx4_Project_ACC.o
 .debug_macro   0x0000ae94       0x10 ./source/MKL25Z128xxx4_Project_ACC.o
 .debug_macro   0x0000aea4      0x112 ./source/MKL25Z128xxx4_Project_ACC.o
 .debug_macro   0x0000afb6       0x8e ./source/MKL25Z128xxx4_Project_ACC.o
 .debug_macro   0x0000b044       0x3a ./source/MKL25Z128xxx4_Project_ACC.o
 .debug_macro   0x0000b07e       0x2f ./source/mtb.o
 .debug_macro   0x0000b0ad       0x82 ./source/mtb.o
 .debug_macro   0x0000b12f       0x10 ./source/mtb.o
 .debug_macro   0x0000b13f       0x11 ./source/semihost_hardfault.o
 .debug_macro   0x0000b150      0x26a ./drivers/fsl_clock.o
 .debug_macro   0x0000b3ba      0x1c3 ./drivers/fsl_common.o
 .debug_macro   0x0000b57d      0x1c0 ./drivers/fsl_dma.o
 .debug_macro   0x0000b73d      0x1c0 ./drivers/fsl_gpio.o
 .debug_macro   0x0000b8fd      0x1bf ./drivers/fsl_i2c.o
 .debug_macro   0x0000babc      0x1c0 ./drivers/fsl_lpsci.o
 .debug_macro   0x0000bc7c      0x1c0 ./drivers/fsl_pit.o
 .debug_macro   0x0000be3c      0x1bf ./drivers/fsl_spi.o
 .debug_macro   0x0000bffb       0x10 ./drivers/fsl_spi.o
 .debug_macro   0x0000c00b      0x1c6 ./drivers/fsl_uart.o
 .debug_macro   0x0000c1d1      0x1e6 ./board/board.o
 .debug_macro   0x0000c3b7      0x1f7 ./board/clock_config.o
 .debug_macro   0x0000c5ae       0x1b ./board/peripherals.o
 .debug_macro   0x0000c5c9      0x1cb ./board/pin_mux.o
 .debug_macro   0x0000c794       0x10 ./board/pin_mux.o
 .debug_macro   0x0000c7a4       0xbb ./CMSIS/system_MKL25Z4.o

.debug_line     0x00000000     0x680e
 .debug_line    0x00000000      0x825 ./utilities/fsl_debug_console.o
 .debug_line    0x00000825      0x13a ./startup/startup_mkl25z4.o
 .debug_line    0x0000095f      0x622 ./source/timer/Timer.o
 .debug_line    0x00000f81      0x322 ./source/communication/CircularBuffer.o
 .debug_line    0x000012a3      0x476 ./source/MKL25Z128xxx4_Project_ACC.o
 .debug_line    0x00001719       0x9d ./source/mtb.o
 .debug_line    0x000017b6       0x54 ./source/semihost_hardfault.o
 .debug_line    0x0000180a      0xadd ./drivers/fsl_clock.o
 .debug_line    0x000022e7      0x3f1 ./drivers/fsl_common.o
 .debug_line    0x000026d8      0x63f ./drivers/fsl_dma.o
 .debug_line    0x00002d17      0x3d9 ./drivers/fsl_gpio.o
 .debug_line    0x000030f0      0xb2f ./drivers/fsl_i2c.o
 .debug_line    0x00003c1f      0x88c ./drivers/fsl_lpsci.o
 .debug_line    0x000044ab      0x3ea ./drivers/fsl_pit.o
 .debug_line    0x00004895      0x7e8 ./drivers/fsl_spi.o
 .debug_line    0x0000507d      0x88f ./drivers/fsl_uart.o
 .debug_line    0x0000590c      0x3bc ./board/board.o
 .debug_line    0x00005cc8      0x41d ./board/clock_config.o
 .debug_line    0x000060e5       0x58 ./board/peripherals.o
 .debug_line    0x0000613d      0x412 ./board/pin_mux.o
 .debug_line    0x0000654f      0x2bf ./CMSIS/system_MKL25Z4.o

.debug_str      0x00000000    0x3d144
 .debug_str     0x00000000    0x33e84 ./utilities/fsl_debug_console.o
                              0x343ba (size before relaxing)
 .debug_str     0x00033e84      0x961 ./startup/startup_mkl25z4.o
                               0x34f7 (size before relaxing)
 .debug_str     0x000347e5     0x2462 ./source/timer/Timer.o
                              0x3628e (size before relaxing)
 .debug_str     0x00036c47      0x1b2 ./source/communication/CircularBuffer.o
                               0x7335 (size before relaxing)
 .debug_str     0x00036df9     0x13b5 ./source/MKL25Z128xxx4_Project_ACC.o
                              0x34f1d (size before relaxing)
 .debug_str     0x000381ae      0x58e ./source/mtb.o
                               0x320d (size before relaxing)
 .debug_str     0x0003873c       0x1f ./source/semihost_hardfault.o
                               0x2d0c (size before relaxing)
 .debug_str     0x0003875b     0x14ba ./drivers/fsl_clock.o
                              0x34a09 (size before relaxing)
 .debug_str     0x00039c15      0x142 ./drivers/fsl_common.o
                              0x32ffb (size before relaxing)
 .debug_str     0x00039d57      0x775 ./drivers/fsl_dma.o
                              0x33cde (size before relaxing)
 .debug_str     0x0003a4cc      0x177 ./drivers/fsl_gpio.o
                              0x3326b (size before relaxing)
 .debug_str     0x0003a643      0xc0a ./drivers/fsl_i2c.o
                              0x341f5 (size before relaxing)
 .debug_str     0x0003b24d      0x676 ./drivers/fsl_lpsci.o
                              0x34023 (size before relaxing)
 .debug_str     0x0003b8c3       0x78 ./drivers/fsl_pit.o
                              0x33382 (size before relaxing)
 .debug_str     0x0003b93b      0x7b1 ./drivers/fsl_spi.o
                              0x33dd3 (size before relaxing)
 .debug_str     0x0003c0ec      0x832 ./drivers/fsl_uart.o
                              0x34046 (size before relaxing)
 .debug_str     0x0003c91e       0x4c ./board/board.o
                              0x33b59 (size before relaxing)
 .debug_str     0x0003c96a      0x300 ./board/clock_config.o
                              0x3392b (size before relaxing)
 .debug_str     0x0003cc6a       0x31 ./board/peripherals.o
                               0x2d0b (size before relaxing)
 .debug_str     0x0003cc9b      0x45a ./board/pin_mux.o
                              0x33708 (size before relaxing)
 .debug_str     0x0003d0f5       0x4f ./CMSIS/system_MKL25Z4.o
                              0x2f397 (size before relaxing)

.comment        0x00000000       0x7e
 .comment       0x00000000       0x7e ./utilities/fsl_debug_console.o
                                 0x7f (size before relaxing)
 .comment       0x0000007e       0x7f ./startup/startup_mkl25z4.o
 .comment       0x0000007e       0x7f ./source/timer/Timer.o
 .comment       0x0000007e       0x7f ./source/communication/CircularBuffer.o
 .comment       0x0000007e       0x7f ./source/MKL25Z128xxx4_Project_ACC.o
 .comment       0x0000007e       0x7f ./source/mtb.o
 .comment       0x0000007e       0x7f ./source/semihost_hardfault.o
 .comment       0x0000007e       0x7f ./drivers/fsl_clock.o
 .comment       0x0000007e       0x7f ./drivers/fsl_common.o
 .comment       0x0000007e       0x7f ./drivers/fsl_dma.o
 .comment       0x0000007e       0x7f ./drivers/fsl_gpio.o
 .comment       0x0000007e       0x7f ./drivers/fsl_i2c.o
 .comment       0x0000007e       0x7f ./drivers/fsl_lpsci.o
 .comment       0x0000007e       0x7f ./drivers/fsl_pit.o
 .comment       0x0000007e       0x7f ./drivers/fsl_spi.o
 .comment       0x0000007e       0x7f ./drivers/fsl_uart.o
 .comment       0x0000007e       0x7f ./board/board.o
 .comment       0x0000007e       0x7f ./board/clock_config.o
 .comment       0x0000007e       0x7f ./board/peripherals.o
 .comment       0x0000007e       0x7f ./board/pin_mux.o
 .comment       0x0000007e       0x7f ./CMSIS/system_MKL25Z4.o

.ARM.attributes
                0x00000000       0x30
 .ARM.attributes
                0x00000000       0x32 ./utilities/fsl_debug_console.o
 .ARM.attributes
                0x00000032       0x32 ./startup/startup_mkl25z4.o
 .ARM.attributes
                0x00000064       0x32 ./source/timer/Timer.o
 .ARM.attributes
                0x00000096       0x32 ./source/communication/CircularBuffer.o
 .ARM.attributes
                0x000000c8       0x32 ./source/MKL25Z128xxx4_Project_ACC.o
 .ARM.attributes
                0x000000fa       0x32 ./source/mtb.o
 .ARM.attributes
                0x0000012c       0x32 ./source/semihost_hardfault.o
 .ARM.attributes
                0x0000015e       0x32 ./drivers/fsl_clock.o
 .ARM.attributes
                0x00000190       0x32 ./drivers/fsl_common.o
 .ARM.attributes
                0x000001c2       0x32 ./drivers/fsl_dma.o
 .ARM.attributes
                0x000001f4       0x32 ./drivers/fsl_gpio.o
 .ARM.attributes
                0x00000226       0x32 ./drivers/fsl_i2c.o
 .ARM.attributes
                0x00000258       0x32 ./drivers/fsl_lpsci.o
 .ARM.attributes
                0x0000028a       0x32 ./drivers/fsl_pit.o
 .ARM.attributes
                0x000002bc       0x32 ./drivers/fsl_spi.o
 .ARM.attributes
                0x000002ee       0x32 ./drivers/fsl_uart.o
 .ARM.attributes
                0x00000320       0x32 ./board/board.o
 .ARM.attributes
                0x00000352       0x32 ./board/clock_config.o
 .ARM.attributes
                0x00000384       0x32 ./board/peripherals.o
 .ARM.attributes
                0x000003b6       0x32 ./board/pin_mux.o
 .ARM.attributes
                0x000003e8       0x32 ./CMSIS/system_MKL25Z4.o
 .ARM.attributes
                0x0000041a       0x1e c:/myapps/mcuxpressoide_10.2.1_795/ide/tools/bin/../lib/gcc/arm-none-eabi/7.2.1/thumb/v6-m\libgcc.a(_udivsi3.o)
 .ARM.attributes
                0x00000438       0x1e c:/myapps/mcuxpressoide_10.2.1_795/ide/tools/bin/../lib/gcc/arm-none-eabi/7.2.1/thumb/v6-m\libgcc.a(_divsi3.o)
 .ARM.attributes
                0x00000456       0x1e c:/myapps/mcuxpressoide_10.2.1_795/ide/tools/bin/../lib/gcc/arm-none-eabi/7.2.1/thumb/v6-m\libgcc.a(_dvmd_tls.o)
 .ARM.attributes
                0x00000474       0x1e c:/myapps/mcuxpressoide_10.2.1_795/ide/tools/bin/../lib/gcc/arm-none-eabi/7.2.1/thumb/v6-m\libgcc.a(_aeabi_uldivmod.o)
 .ARM.attributes
                0x00000492       0x2c c:/myapps/mcuxpressoide_10.2.1_795/ide/tools/bin/../lib/gcc/arm-none-eabi/7.2.1/thumb/v6-m\libgcc.a(_muldi3.o)
 .ARM.attributes
                0x000004be       0x2c c:/myapps/mcuxpressoide_10.2.1_795/ide/tools/bin/../lib/gcc/arm-none-eabi/7.2.1/thumb/v6-m\libgcc.a(_udivmoddi4.o)
 .ARM.attributes
                0x000004ea       0x2c c:/myapps/mcuxpressoide_10.2.1_795/ide/tools/bin/../lib/gcc/arm-none-eabi/7.2.1/thumb/v6-m\libgcc.a(fixdfsi.o)
 .ARM.attributes
                0x00000516       0x2c c:/myapps/mcuxpressoide_10.2.1_795/ide/tools/bin/../lib/gcc/arm-none-eabi/7.2.1/thumb/v6-m\libgcc.a(floatsidf.o)
 .ARM.attributes
                0x00000542       0x1e c:/myapps/mcuxpressoide_10.2.1_795/ide/tools/bin/../lib/gcc/arm-none-eabi/7.2.1/thumb/v6-m\libgcc.a(_clzsi2.o)
 .ARM.attributes
                0x00000560       0x1e c:/myapps/mcuxpressoide_10.2.1_795/ide/tools/bin/../lib/gcc/arm-none-eabi/7.2.1/thumb/v6-m\libgcc.a(_clzdi2.o)
 .ARM.attributes
                0x0000057e       0x2c c:/myapps/mcuxpressoide_10.2.1_795/ide/tools/bin/../lib/gcc/arm-none-eabi/7.2.1/../../../../arm-none-eabi/lib/thumb/v6-m\libc_nano.a(lib_a-init.o)
 .ARM.attributes
                0x000005aa       0x2c c:/myapps/mcuxpressoide_10.2.1_795/ide/tools/bin/../lib/gcc/arm-none-eabi/7.2.1/../../../../arm-none-eabi/lib/thumb/v6-m\libc_nano.a(lib_a-memcpy-stub.o)
 .ARM.attributes
                0x000005d6       0x1c c:/myapps/mcuxpressoide_10.2.1_795/ide/tools/bin/../lib/gcc/arm-none-eabi/7.2.1/../../../../arm-none-eabi/lib/thumb/v6-m\libc_nano.a(lib_a-strlen.o)
 .ARM.attributes
                0x000005f2       0x2c c:/myapps/mcuxpressoide_10.2.1_795/ide/tools/bin/../lib/gcc/arm-none-eabi/7.2.1/../../../../arm-none-eabi/lib/thumb/v6-m\libc_nano.a(lib_a-impure.o)
 .ARM.attributes
                0x0000061e       0x2c c:/myapps/mcuxpressoide_10.2.1_795/ide/tools/bin/../lib/gcc/arm-none-eabi/7.2.1/../../../../arm-none-eabi/lib/thumb/v6-m\libc_nano.a(lib_a-nano-mallocr.o)
 .ARM.attributes
                0x0000064a       0x2c c:/myapps/mcuxpressoide_10.2.1_795/ide/tools/bin/../lib/gcc/arm-none-eabi/7.2.1/../../../../arm-none-eabi/lib/thumb/v6-m\libc_nano.a(lib_a-mlock.o)
 .ARM.attributes
                0x00000676       0x2c c:/myapps/mcuxpressoide_10.2.1_795/ide/tools/bin/../lib/gcc/arm-none-eabi/7.2.1/../../../../arm-none-eabi/lib/thumb/v6-m\libc_nano.a(lib_a-nano-freer.o)
 .ARM.attributes
                0x000006a2       0x2c c:/myapps/mcuxpressoide_10.2.1_795/ide/tools/bin/../lib/gcc/arm-none-eabi/7.2.1/../../../../arm-none-eabi/lib/thumb/v6-m\libstdc++_nano.a(del_ops.o)
 .ARM.attributes
                0x000006ce       0x2c c:/myapps/mcuxpressoide_10.2.1_795/ide/tools/bin/../lib/gcc/arm-none-eabi/7.2.1/../../../../arm-none-eabi/lib/thumb/v6-m\libstdc++_nano.a(class_type_info.o)
 .ARM.attributes
                0x000006fa       0x2c c:/myapps/mcuxpressoide_10.2.1_795/ide/tools/bin/../lib/gcc/arm-none-eabi/7.2.1/../../../../arm-none-eabi/lib/thumb/v6-m\libstdc++_nano.a(del_op.o)
 .ARM.attributes
                0x00000726       0x2c c:/myapps/mcuxpressoide_10.2.1_795/ide/tools/bin/../lib/gcc/arm-none-eabi/7.2.1/../../../../arm-none-eabi/lib/thumb/v6-m\libstdc++_nano.a(si_class_type_info.o)
 .ARM.attributes
                0x00000752       0x2c c:/myapps/mcuxpressoide_10.2.1_795/ide/tools/bin/../lib/gcc/arm-none-eabi/7.2.1/../../../../arm-none-eabi/lib/thumb/v6-m\libstdc++_nano.a(tinfo.o)
 .ARM.attributes
                0x0000077e       0x1e c:/myapps/mcuxpressoide_10.2.1_795/ide/tools/bin/../lib/gcc/arm-none-eabi/7.2.1/thumb/v6-m\crti.o
 .ARM.attributes
                0x0000079c       0x1e c:/myapps/mcuxpressoide_10.2.1_795/ide/tools/bin/../lib/gcc/arm-none-eabi/7.2.1/thumb/v6-m\crtn.o
 .ARM.attributes
                0x000007ba       0x2c c:/myapps/mcuxpressoide_10.2.1_795/ide/tools/bin/../lib/gcc/arm-none-eabi/7.2.1/thumb/v6-m\crtbegin.o
 .ARM.attributes
                0x000007e6       0x2c c:/myapps/mcuxpressoide_10.2.1_795/ide/tools/bin/../lib/gcc/arm-none-eabi/7.2.1/../../../../arm-none-eabi/lib/thumb/v6-m\libc_nano.a(lib_a-malloc.o)
 .ARM.attributes
                0x00000812       0x1c c:/myapps/mcuxpressoide_10.2.1_795/ide/tools/bin/../lib/gcc/arm-none-eabi/7.2.1/../../../../arm-none-eabi/lib/thumb/v6-m\libc_nano.a(lib_a-strcmp.o)

.debug_frame    0x00000000     0x2f2c
 .debug_frame   0x00000000      0x1f0 ./utilities/fsl_debug_console.o
 .debug_frame   0x000001f0      0x3b0 ./startup/startup_mkl25z4.o
 .debug_frame   0x000005a0      0x214 ./source/timer/Timer.o
 .debug_frame   0x000007b4      0x110 ./source/communication/CircularBuffer.o
 .debug_frame   0x000008c4       0xd4 ./source/MKL25Z128xxx4_Project_ACC.o
 .debug_frame   0x00000998       0x20 ./source/semihost_hardfault.o
 .debug_frame   0x000009b8      0x6e4 ./drivers/fsl_clock.o
 .debug_frame   0x0000109c       0x90 ./drivers/fsl_common.o
 .debug_frame   0x0000112c      0x2e0 ./drivers/fsl_dma.o
 .debug_frame   0x0000140c       0xb0 ./drivers/fsl_gpio.o
 .debug_frame   0x000014bc      0x588 ./drivers/fsl_i2c.o
 .debug_frame   0x00001a44      0x418 ./drivers/fsl_lpsci.o
 .debug_frame   0x00001e5c       0xd4 ./drivers/fsl_pit.o
 .debug_frame   0x00001f30      0x470 ./drivers/fsl_spi.o
 .debug_frame   0x000023a0      0x468 ./drivers/fsl_uart.o
 .debug_frame   0x00002808       0x50 ./board/board.o
 .debug_frame   0x00002858      0x100 ./board/clock_config.o
 .debug_frame   0x00002958       0x2c ./board/peripherals.o
 .debug_frame   0x00002984       0xcc ./board/pin_mux.o
 .debug_frame   0x00002a50       0x4c ./CMSIS/system_MKL25Z4.o
 .debug_frame   0x00002a9c       0x20 c:/myapps/mcuxpressoide_10.2.1_795/ide/tools/bin/../lib/gcc/arm-none-eabi/7.2.1/thumb/v6-m\libgcc.a(_udivsi3.o)
 .debug_frame   0x00002abc       0x20 c:/myapps/mcuxpressoide_10.2.1_795/ide/tools/bin/../lib/gcc/arm-none-eabi/7.2.1/thumb/v6-m\libgcc.a(_divsi3.o)
 .debug_frame   0x00002adc       0x34 c:/myapps/mcuxpressoide_10.2.1_795/ide/tools/bin/../lib/gcc/arm-none-eabi/7.2.1/thumb/v6-m\libgcc.a(_muldi3.o)
 .debug_frame   0x00002b10       0x3c c:/myapps/mcuxpressoide_10.2.1_795/ide/tools/bin/../lib/gcc/arm-none-eabi/7.2.1/thumb/v6-m\libgcc.a(_udivmoddi4.o)
 .debug_frame   0x00002b4c       0x2c c:/myapps/mcuxpressoide_10.2.1_795/ide/tools/bin/../lib/gcc/arm-none-eabi/7.2.1/thumb/v6-m\libgcc.a(fixdfsi.o)
 .debug_frame   0x00002b78       0x2c c:/myapps/mcuxpressoide_10.2.1_795/ide/tools/bin/../lib/gcc/arm-none-eabi/7.2.1/thumb/v6-m\libgcc.a(floatsidf.o)
 .debug_frame   0x00002ba4       0x2c c:/myapps/mcuxpressoide_10.2.1_795/ide/tools/bin/../lib/gcc/arm-none-eabi/7.2.1/../../../../arm-none-eabi/lib/thumb/v6-m\libc_nano.a(lib_a-init.o)
 .debug_frame   0x00002bd0       0x28 c:/myapps/mcuxpressoide_10.2.1_795/ide/tools/bin/../lib/gcc/arm-none-eabi/7.2.1/../../../../arm-none-eabi/lib/thumb/v6-m\libc_nano.a(lib_a-memcpy-stub.o)
 .debug_frame   0x00002bf8       0x2c c:/myapps/mcuxpressoide_10.2.1_795/ide/tools/bin/../lib/gcc/arm-none-eabi/7.2.1/../../../../arm-none-eabi/lib/thumb/v6-m\libc_nano.a(lib_a-nano-mallocr.o)
 .debug_frame   0x00002c24       0x30 c:/myapps/mcuxpressoide_10.2.1_795/ide/tools/bin/../lib/gcc/arm-none-eabi/7.2.1/../../../../arm-none-eabi/lib/thumb/v6-m\libc_nano.a(lib_a-mlock.o)
 .debug_frame   0x00002c54       0x2c c:/myapps/mcuxpressoide_10.2.1_795/ide/tools/bin/../lib/gcc/arm-none-eabi/7.2.1/../../../../arm-none-eabi/lib/thumb/v6-m\libc_nano.a(lib_a-nano-freer.o)
 .debug_frame   0x00002c80       0x28 c:/myapps/mcuxpressoide_10.2.1_795/ide/tools/bin/../lib/gcc/arm-none-eabi/7.2.1/../../../../arm-none-eabi/lib/thumb/v6-m\libstdc++_nano.a(del_ops.o)
 .debug_frame   0x00002ca8       0xd0 c:/myapps/mcuxpressoide_10.2.1_795/ide/tools/bin/../lib/gcc/arm-none-eabi/7.2.1/../../../../arm-none-eabi/lib/thumb/v6-m\libstdc++_nano.a(class_type_info.o)
 .debug_frame   0x00002d78       0x28 c:/myapps/mcuxpressoide_10.2.1_795/ide/tools/bin/../lib/gcc/arm-none-eabi/7.2.1/../../../../arm-none-eabi/lib/thumb/v6-m\libstdc++_nano.a(del_op.o)
 .debug_frame   0x00002da0       0xa4 c:/myapps/mcuxpressoide_10.2.1_795/ide/tools/bin/../lib/gcc/arm-none-eabi/7.2.1/../../../../arm-none-eabi/lib/thumb/v6-m\libstdc++_nano.a(si_class_type_info.o)
 .debug_frame   0x00002e44       0x88 c:/myapps/mcuxpressoide_10.2.1_795/ide/tools/bin/../lib/gcc/arm-none-eabi/7.2.1/../../../../arm-none-eabi/lib/thumb/v6-m\libstdc++_nano.a(tinfo.o)
 .debug_frame   0x00002ecc       0x40 c:/myapps/mcuxpressoide_10.2.1_795/ide/tools/bin/../lib/gcc/arm-none-eabi/7.2.1/../../../../arm-none-eabi/lib/thumb/v6-m\libc_nano.a(lib_a-malloc.o)
 .debug_frame   0x00002f0c       0x20 c:/myapps/mcuxpressoide_10.2.1_795/ide/tools/bin/../lib/gcc/arm-none-eabi/7.2.1/../../../../arm-none-eabi/lib/thumb/v6-m\libc_nano.a(lib_a-strcmp.o)