Archive member included to satisfy reference by file (symbol)

c:/myapps/mcuxpressoide_10.2.1_795/ide/tools/bin/../lib/gcc/arm-none-eabi/7.2.1/thumb/v6-m\libgcc.a(_udivsi3.o)
                              ./utilities/fsl_debug_console.o (__aeabi_uidiv)
c:/myapps/mcuxpressoide_10.2.1_795/ide/tools/bin/../lib/gcc/arm-none-eabi/7.2.1/thumb/v6-m\libgcc.a(_divsi3.o)
                              ./utilities/fsl_debug_console.o (__aeabi_idiv)
c:/myapps/mcuxpressoide_10.2.1_795/ide/tools/bin/../lib/gcc/arm-none-eabi/7.2.1/thumb/v6-m\libgcc.a(_dvmd_tls.o)
                              c:/myapps/mcuxpressoide_10.2.1_795/ide/tools/bin/../lib/gcc/arm-none-eabi/7.2.1/thumb/v6-m\libgcc.a(_udivsi3.o) (__aeabi_idiv0)
c:/myapps/mcuxpressoide_10.2.1_795/ide/tools/bin/../lib/gcc/arm-none-eabi/7.2.1/thumb/v6-m\libgcc.a(_arm_cmpdf2.o)
                              ./source/elevator/Elevator.o (__aeabi_dcmplt)
c:/myapps/mcuxpressoide_10.2.1_795/ide/tools/bin/../lib/gcc/arm-none-eabi/7.2.1/thumb/v6-m\libgcc.a(_aeabi_uldivmod.o)
                              ./source/timer/Timer.o (__aeabi_uldivmod)
c:/myapps/mcuxpressoide_10.2.1_795/ide/tools/bin/../lib/gcc/arm-none-eabi/7.2.1/thumb/v6-m\libgcc.a(_muldi3.o)
                              ./source/timer/Timer.o (__aeabi_lmul)
c:/myapps/mcuxpressoide_10.2.1_795/ide/tools/bin/../lib/gcc/arm-none-eabi/7.2.1/thumb/v6-m\libgcc.a(_fixunsdfsi.o)
                              ./source/elevator/Elevator.o (__aeabi_d2uiz)
c:/myapps/mcuxpressoide_10.2.1_795/ide/tools/bin/../lib/gcc/arm-none-eabi/7.2.1/thumb/v6-m\libgcc.a(_udivmoddi4.o)
                              c:/myapps/mcuxpressoide_10.2.1_795/ide/tools/bin/../lib/gcc/arm-none-eabi/7.2.1/thumb/v6-m\libgcc.a(_aeabi_uldivmod.o) (__udivmoddi4)
c:/myapps/mcuxpressoide_10.2.1_795/ide/tools/bin/../lib/gcc/arm-none-eabi/7.2.1/thumb/v6-m\libgcc.a(addsf3.o)
                              ./source/accelerometer/MMA8451Q.o (__aeabi_fadd)
c:/myapps/mcuxpressoide_10.2.1_795/ide/tools/bin/../lib/gcc/arm-none-eabi/7.2.1/thumb/v6-m\libgcc.a(divsf3.o)
                              ./source/accelerometer/MMA8451Q.o (__aeabi_fdiv)
c:/myapps/mcuxpressoide_10.2.1_795/ide/tools/bin/../lib/gcc/arm-none-eabi/7.2.1/thumb/v6-m\libgcc.a(mulsf3.o)
                              ./source/accelerometer/MMA8451Q.o (__aeabi_fmul)
c:/myapps/mcuxpressoide_10.2.1_795/ide/tools/bin/../lib/gcc/arm-none-eabi/7.2.1/thumb/v6-m\libgcc.a(subsf3.o)
                              ./source/accelerometer/MMA8451Q.o (__aeabi_fsub)
c:/myapps/mcuxpressoide_10.2.1_795/ide/tools/bin/../lib/gcc/arm-none-eabi/7.2.1/thumb/v6-m\libgcc.a(floatsisf.o)
                              ./source/accelerometer/MMA8451Q.o (__aeabi_i2f)
c:/myapps/mcuxpressoide_10.2.1_795/ide/tools/bin/../lib/gcc/arm-none-eabi/7.2.1/thumb/v6-m\libgcc.a(adddf3.o)
                              ./source/elevator/Engine.o (__aeabi_dadd)
c:/myapps/mcuxpressoide_10.2.1_795/ide/tools/bin/../lib/gcc/arm-none-eabi/7.2.1/thumb/v6-m\libgcc.a(divdf3.o)
                              ./source/accelerometer/MMA8451Q.o (__aeabi_ddiv)
c:/myapps/mcuxpressoide_10.2.1_795/ide/tools/bin/../lib/gcc/arm-none-eabi/7.2.1/thumb/v6-m\libgcc.a(eqdf2.o)
                              c:/myapps/mcuxpressoide_10.2.1_795/ide/tools/bin/../lib/gcc/arm-none-eabi/7.2.1/thumb/v6-m\libgcc.a(_arm_cmpdf2.o) (__eqdf2)
c:/myapps/mcuxpressoide_10.2.1_795/ide/tools/bin/../lib/gcc/arm-none-eabi/7.2.1/thumb/v6-m\libgcc.a(gedf2.o)
                              c:/myapps/mcuxpressoide_10.2.1_795/ide/tools/bin/../lib/gcc/arm-none-eabi/7.2.1/thumb/v6-m\libgcc.a(_arm_cmpdf2.o) (__gedf2)
c:/myapps/mcuxpressoide_10.2.1_795/ide/tools/bin/../lib/gcc/arm-none-eabi/7.2.1/thumb/v6-m\libgcc.a(ledf2.o)
                              c:/myapps/mcuxpressoide_10.2.1_795/ide/tools/bin/../lib/gcc/arm-none-eabi/7.2.1/thumb/v6-m\libgcc.a(_arm_cmpdf2.o) (__ledf2)
c:/myapps/mcuxpressoide_10.2.1_795/ide/tools/bin/../lib/gcc/arm-none-eabi/7.2.1/thumb/v6-m\libgcc.a(muldf3.o)
                              ./source/elevator/Engine.o (__aeabi_dmul)
c:/myapps/mcuxpressoide_10.2.1_795/ide/tools/bin/../lib/gcc/arm-none-eabi/7.2.1/thumb/v6-m\libgcc.a(subdf3.o)
                              c:/myapps/mcuxpressoide_10.2.1_795/ide/tools/bin/../lib/gcc/arm-none-eabi/7.2.1/thumb/v6-m\libgcc.a(_fixunsdfsi.o) (__aeabi_dsub)
c:/myapps/mcuxpressoide_10.2.1_795/ide/tools/bin/../lib/gcc/arm-none-eabi/7.2.1/thumb/v6-m\libgcc.a(fixdfsi.o)
                              ./source/timer/Timer.o (__aeabi_d2iz)
c:/myapps/mcuxpressoide_10.2.1_795/ide/tools/bin/../lib/gcc/arm-none-eabi/7.2.1/thumb/v6-m\libgcc.a(floatsidf.o)
                              ./source/timer/Timer.o (__aeabi_i2d)
c:/myapps/mcuxpressoide_10.2.1_795/ide/tools/bin/../lib/gcc/arm-none-eabi/7.2.1/thumb/v6-m\libgcc.a(extendsfdf2.o)
                              ./source/accelerometer/MMA8451Q.o (__aeabi_f2d)
[...]
Memory Configuration

Name             Origin             Length             Attributes
PROGRAM_FLASH    0x00000000         0x00020000         xr
SRAM             0x1ffff000         0x00004000         xrw
*default*        0x00000000         0xffffffff

Linker script and memory map

LOAD ./utilities/fsl_debug_console.o
LOAD ./startup/startup_mkl25z4.o
LOAD ./source/timer/Timer.o
LOAD ./source/program/Program.o
LOAD ./source/elevator/Cabin.o
LOAD ./source/elevator/Display.o
LOAD ./source/elevator/Elevator.o
LOAD ./source/elevator/Engine.o
LOAD ./source/elevator/Watchdog.o
LOAD ./source/communication/CircularBuffer.o
LOAD ./source/communication/CircularBufferUart.o
LOAD ./source/communication/Comunicator.o
LOAD ./source/accelerometer/LIBRARYI2C.o
LOAD ./source/accelerometer/MMA8451Q.o
LOAD ./source/MKL25Z128xxx4_Project_ACC.o
LOAD ./source/mtb.o
LOAD ./source/semihost_hardfault.o
LOAD ./drivers/fsl_adc16.o
LOAD ./drivers/fsl_clock.o
LOAD ./drivers/fsl_cmp.o
LOAD ./drivers/fsl_common.o
LOAD ./drivers/fsl_cop.o
LOAD ./drivers/fsl_dac.o
LOAD ./drivers/fsl_dma.o
LOAD ./drivers/fsl_dmamux.o
LOAD ./drivers/fsl_flash.o
LOAD ./drivers/fsl_gpio.o
LOAD ./drivers/fsl_i2c.o
LOAD ./drivers/fsl_i2c_dma.o
LOAD ./drivers/fsl_llwu.o
LOAD ./drivers/fsl_lpsci.o
LOAD ./drivers/fsl_lpsci_dma.o
LOAD ./drivers/fsl_lptmr.o
LOAD ./drivers/fsl_pit.o
LOAD ./drivers/fsl_pmc.o
LOAD ./drivers/fsl_rcm.o
LOAD ./drivers/fsl_rtc.o
LOAD ./drivers/fsl_sim.o
LOAD ./drivers/fsl_smc.o
LOAD ./drivers/fsl_spi.o
LOAD ./drivers/fsl_spi_dma.o
LOAD ./drivers/fsl_tpm.o
LOAD ./drivers/fsl_tsi_v4.o
LOAD ./drivers/fsl_uart.o
LOAD ./drivers/fsl_uart_dma.o
LOAD ./board/board.o
LOAD ./board/clock_config.o
LOAD ./board/peripherals.o
LOAD ./board/pin_mux.o
LOAD ./CMSIS/system_MKL25Z4.o
START GROUP
LOAD c:/myapps/mcuxpressoide_10.2.1_795/ide/tools/bin/../lib/gcc/arm-none-eabi/7.2.1/thumb/v6-m\libgcc.a
LOAD c:/myapps/mcuxpressoide_10.2.1_795/ide/tools/bin/../lib/gcc/arm-none-eabi/7.2.1/../../../../arm-none-eabi/lib/thumb/v6-m\libc_nano.a
LOAD c:/myapps/mcuxpressoide_10.2.1_795/ide/tools/bin/../lib/gcc/arm-none-eabi/7.2.1/../../../../arm-none-eabi/lib/thumb/v6-m\libstdc++_nano.a
LOAD c:/myapps/mcuxpressoide_10.2.1_795/ide/tools/bin/../lib/gcc/arm-none-eabi/7.2.1/../../../../arm-none-eabi/lib/thumb/v6-m\libm.a
LOAD c:/myapps/mcuxpressoide_10.2.1_795/ide/tools/bin/../lib/gcc/arm-none-eabi/7.2.1/../../../../arm-none-eabi/lib/thumb/v6-m\libcr_newlib_nohost.a
LOAD c:/myapps/mcuxpressoide_10.2.1_795/ide/tools/bin/../lib/gcc/arm-none-eabi/7.2.1/thumb/v6-m\crti.o
LOAD c:/myapps/mcuxpressoide_10.2.1_795/ide/tools/bin/../lib/gcc/arm-none-eabi/7.2.1/thumb/v6-m\crtn.o
LOAD c:/myapps/mcuxpressoide_10.2.1_795/ide/tools/bin/../lib/gcc/arm-none-eabi/7.2.1/thumb/v6-m\crtbegin.o
LOAD c:/myapps/mcuxpressoide_10.2.1_795/ide/tools/bin/../lib/gcc/arm-none-eabi/7.2.1/thumb/v6-m\crtend.o
END GROUP
                0x00000000                __base_PROGRAM_FLASH = 0x0
                0x00000000                __base_Flash = 0x0
                0x00020000                __top_PROGRAM_FLASH = 0x20000
                0x00020000                __top_Flash = 0x20000
                0x1ffff000                __base_SRAM = 0x1ffff000
                0x1ffff000                __base_RAM = 0x1ffff000
                0x20003000                __top_SRAM = 0x20003000
                0x20003000                __top_RAM = 0x20003000

.text           0x00000000     0xd09c
 FILL mask 0xff
                0x00000000                __vectors_start__ = ABSOLUTE (.)
 *(.isr_vector)
 .isr_vector    0x00000000       0xc0 ./startup/startup_mkl25z4.o
                0x00000000                g_pfnVectors
                0x00000000                __Vectors
                0x000000c0                . = ALIGN (0x4)
                0x000000c0                __section_table_start = .
                0x000000c0                __data_section_table = .
                0x000000c0        0x4 LONG 0xd798 LOADADDR (.data)
                0x000000c4        0x4 LONG 0x1ffff080 ADDR (.data)
                0x000000c8        0x4 LONG 0x7c SIZEOF (.data)
                0x000000cc                __data_section_table_end = .
                0x000000cc                __bss_section_table = .
                0x000000cc        0x4 LONG 0x1ffff0fc ADDR (.bss)
                0x000000d0        0x4 LONG 0x21c SIZEOF (.bss)
                0x000000d4                __bss_section_table_end = .
                0x000000d4                __section_table_end = .
 *(.after_vectors*)
 .after_vectors.init_data
                0x000000d4       0x16 ./startup/startup_mkl25z4.o
                0x000000d4                data_init(unsigned int, unsigned int, unsigned int)
 .after_vectors.init_bss
                0x000000ea       0x12 ./startup/startup_mkl25z4.o
                0x000000ea                bss_init(unsigned int, unsigned int)
 .after_vectors.reset
                0x000000fc       0x50 ./startup/startup_mkl25z4.o
                0x000000fc                ResetISR
 .after_vectors
                0x0000014c      0x10c ./startup/startup_mkl25z4.o
                0x0000014c                NMI_Handler
                0x00000150                SVC_Handler
                0x00000152                PendSV_Handler
                0x00000154                SysTick_Handler
                0x00000156                PORTD_DriverIRQHandler
                0x00000156                Reserved39_DriverIRQHandler
                0x00000156                CMP0_DriverIRQHandler
                0x00000156                ADC0_DriverIRQHandler
                0x00000156                PIT_DriverIRQHandler
                0x00000156                LPTMR0_DriverIRQHandler
                0x00000156                TPM2_DriverIRQHandler
                0x00000156                RTC_DriverIRQHandler
                0x00000156                TPM1_DriverIRQHandler
                0x00000156                TSI0_DriverIRQHandler
                0x00000156                RTC_Seconds_DriverIRQHandler
                0x00000156                PORTA_DriverIRQHandler
                0x00000156                LLWU_DriverIRQHandler
                0x00000156                MCG_DriverIRQHandler
                0x00000156                Reserved45_DriverIRQHandler
                0x00000156                Reserved20_DriverIRQHandler
                0x00000156                TPM0_DriverIRQHandler
                0x00000156                FTFA_DriverIRQHandler
                0x00000156                IntDefaultHandler
                0x00000156                USB0_DriverIRQHandler
                0x00000156                DAC0_DriverIRQHandler
                0x00000156                LVD_LVW_DriverIRQHandler
                0x00000158                DMA0_IRQHandler
                0x00000160                DMA1_IRQHandler
                0x00000168                DMA2_IRQHandler
                0x00000170                DMA3_IRQHandler
                0x00000178                Reserved20_IRQHandler
                0x00000180                FTFA_IRQHandler
                0x00000188                LVD_LVW_IRQHandler
                0x00000190                LLWU_IRQHandler
                0x00000198                I2C0_IRQHandler
                0x000001a0                I2C1_IRQHandler
                0x000001a8                SPI0_IRQHandler
                0x000001b0                SPI1_IRQHandler
                0x000001c0                UART1_IRQHandler
                0x000001c8                UART2_IRQHandler
                0x000001d0                ADC0_IRQHandler
                0x000001d8                CMP0_IRQHandler
                0x000001e0                TPM0_IRQHandler
                0x000001e8                TPM1_IRQHandler
                0x000001f0                TPM2_IRQHandler
                0x000001f8                RTC_IRQHandler
                0x00000200                RTC_Seconds_IRQHandler
                0x00000210                Reserved39_IRQHandler
                0x00000218                USB0_IRQHandler
                0x00000220                DAC0_IRQHandler
                0x00000228                TSI0_IRQHandler
                0x00000230                MCG_IRQHandler
                0x00000238                LPTMR0_IRQHandler
                0x00000240                Reserved45_IRQHandler
                0x00000250                PORTD_IRQHandler
                0x00000400                . = 0x400
 *fill*         0x00000258      0x1a8 ff
                0x00000400                PROVIDE (__FLASH_CONFIG_START__, .)
 *(.FlashConfig)
 .FlashConfig   0x00000400       0x10 ./startup/startup_mkl25z4.o
                0x00000410                PROVIDE (__FLASH_CONFIG_END__, .)
                0x00000001                ASSERT (! ((__FLASH_CONFIG_START__ == __FLASH_CONFIG_END__)), Linker Flash Config Support Enabled, but no .FlashConfig section provided within application)
 *(.text*)
 .text.UART_EnableTx
                0x00000410       0x40 ./utilities/fsl_debug_console.o
 .text.UART_EnableRx
                0x00000450       0x40 ./utilities/fsl_debug_console.o
 .text.LPSCI_EnableTx
                0x00000490       0x40 ./utilities/fsl_debug_console.o
 .text.LPSCI_EnableRx
                0x000004d0       0x40 ./utilities/fsl_debug_console.o
 .text.DbgConsole_Init
                0x00000510       0xf4 ./utilities/fsl_debug_console.o
                0x00000510                DbgConsole_Init
 .text.DbgConsole_Printf
                0x00000604       0x44 ./utilities/fsl_debug_console.o
                0x00000604                DbgConsole_Printf
 .text.DbgConsole_Putchar
                0x00000648       0x34 ./utilities/fsl_debug_console.o
                0x00000648                DbgConsole_Putchar
 .text.DbgConsole_PrintfPaddingCharacter
                0x0000067c       0x46 ./utilities/fsl_debug_console.o
 .text.DbgConsole_ConvertRadixNumToString
                0x000006c2      0x114 ./utilities/fsl_debug_console.o
 .text.DbgConsole_PrintfFormattedData
                0x000007d6      0x32c ./utilities/fsl_debug_console.o
 *fill*         0x00000b02        0x2 ff
 .text          0x00000b04      0x388 ./source/timer/Timer.o
                0x00000c66                PIT_IRQHandler
                0x00000cb8                Timer::Timer()
                0x00000cb8                Timer::Timer()
                0x00000d6c                Timer::~Timer()
                0x00000d6c                Timer::~Timer()
                0x00000d88                Timer::~Timer()
                0x00000dac                Timer::startTimer()
                0x00000dcc                Timer::setChannelTimer(unsigned char, int)
                0x00000e24                Timer::getChannelTimer_ms(unsigned char)
                0x00000e5c                Timer::isTimerExpired(unsigned char)
 .text._ZSt5roundIiEN9__gnu_cxx11__enable_ifIXsrSt12__is_integerIT_E7__valueEdE6__typeES3_
                0x00000e8c       0x1c ./source/timer/Timer.o
                0x00000e8c                __gnu_cxx::__enable_if<std::__is_integer<int>::__value, double>::__type std::round<int>(int)
 .text          0x00000ea8      0x1d8 ./source/program/Program.o
                0x00000ed4                PORTA_IRQHandler
                0x00000f08                Program::Program()
                0x00000f08                Program::Program()
                0x00000f74                Program::~Program()
                0x00000f74                Program::~Program()
                0x00000fb4                Program::~Program()
                0x00000fdc                Program::start()
                0x0000102c                Program::stop()
                0x00001048                Program::controlFreeFall()
 .text          0x00001080       0xe8 ./source/elevator/Cabin.o
                0x00001080                Cabin::Cabin()
                0x00001080                Cabin::Cabin()
                0x000010c0                Cabin::~Cabin()
                0x000010c0                Cabin::~Cabin()
                0x000010e8                Cabin::~Cabin()
                0x0000110c                Cabin::lockDoor()
                0x00001130                Cabin::OpenDoor()
                0x00001154                Cabin::get_doorStatus()
 .text          0x00001168      0x134 ./source/elevator/Display.o
                0x00001168                Display::Display()
                0x00001168                Display::Display()
                0x0000119c                Display::~Display()
                0x0000119c                Display::~Display()
                0x000011c4                Display::~Display()
                0x000011e8                Display::controlDisplay(unsigned char, unsigned char)
 .text          0x0000129c      0xd1c ./source/elevator/Elevator.o
                0x0000129c                Elevator::Elevator()
                0x0000129c                Elevator::Elevator()
                0x00001458                Elevator::~Elevator()
                0x00001458                Elevator::~Elevator()
                0x000014b8                Elevator::~Elevator()
                0x000014e0                Elevator::controlWatchdog()
                0x000014fc                Elevator::controlInput()
                0x00001538                Elevator::controlReceiveComand()
                0x0000157c                Elevator::controlButtons()
                0x00001678                Elevator::controlFloors()
                0x00001828                Elevator::controlPosition()
                0x000018d0                Elevator::controlMove()
                0x00001946                Elevator::stopMove()
                0x00001a18                Elevator::startMove()
                0x00001bc8                Elevator::getNearestMove()
                0x00001cb2                Elevator::is_floorRequestUp()
                0x00001ce2                Elevator::is_floorRequestDown()
                0x00001d16                Elevator::is_floorRequest()
                0x00001d2e                Elevator::is_floorRequest(unsigned char)
                0x00001d60                Elevator::set_floorRequest(unsigned char)
                0x00001d9a                Elevator::clear_floorRequest(unsigned char)
                0x00001dd8                Elevator::set_led(unsigned char, unsigned char)
                0x00001e0a                Elevator::set_led_onFloor(unsigned char, unsigned char)
                0x00001ed8                Elevator::handBreak(unsigned char)
                0x00001f6c                Elevator::set_emergencyBreak(unsigned char)
 .text          0x00001fb8      0x26c ./source/elevator/Engine.o
                0x00001fb8                Engine::Engine()
                0x00001fb8                Engine::Engine()
                0x00001fe4                Engine::Engine(Timer*)
                0x00001fe4                Engine::Engine(Timer*)
                0x00002018                Engine::~Engine()
                0x00002018                Engine::~Engine()
                0x00002040                Engine::~Engine()
                0x00002064                Engine::stop()
                0x00002082                Engine::goDown()
                0x000020d8                Engine::goUp()
                0x00002118                Engine::set_speed(unsigned char)
                0x00002136                Engine::getPosition()
 .text          0x00002224      0x16c ./source/elevator/Watchdog.o
                0x00002224                Watchdog::Watchdog()
                0x00002224                Watchdog::Watchdog()
                0x0000224c                Watchdog::Watchdog(Timer*, int, unsigned char)
                0x0000224c                Watchdog::Watchdog(Timer*, int, unsigned char)
                0x000022b4                Watchdog::~Watchdog()
                0x000022b4                Watchdog::~Watchdog()
                0x000022dc                Watchdog::~Watchdog()
                0x00002300                Watchdog::controlWatchdog()
                0x0000234c                Watchdog::regularyReset()
                0x0000236a                Watchdog::timeOutReset()
 .text          0x00002390      0x364 ./source/communication/CircularBuffer.o
                0x0000243e                bufferWrite(buffer_t*, unsigned char*, unsigned short)
                0x0000255c                bufferRead(buffer_t*, unsigned char*, unsigned short)
                0x00002660                bufferInit(buffer_t*, unsigned char*, unsigned short)
                0x00002696                bufferCapacity(buffer_t*)
                0x000026aa                bufferBytesFree(buffer_t const*)
 .text          0x000026f4      0x22c ./source/communication/CircularBufferUart.o
                0x0000274c                get_char(unsigned char*)
                0x00002770                UART0_IRQHandler
                0x00002850                __sys_write(int, char*, int)
                0x00002894                CBufferUart_Init()
 .text          0x00002920      0x468 ./source/communication/Comunicator.o
                0x00002920                Comunicator::Comunicator()
                0x00002920                Comunicator::Comunicator()
                0x0000293c                Comunicator::~Comunicator()
                0x0000293c                Comunicator::~Comunicator()
                0x00002958                Comunicator::~Comunicator()
                0x0000297c                Comunicator::sendCommand(unsigned char, unsigned char)
                0x000029aa                Comunicator::sendMessage(unsigned char, unsigned char*, unsigned char)
                0x00002b3c                Comunicator::receiveACK()
                0x00002b4e                Comunicator::get_char_blocking(unsigned char*)
                0x00002b76                Comunicator::receivedMessage(unsigned char*, unsigned char*)
                0x00002c22                Comunicator::receivedMessage(unsigned char*, unsigned char*, unsigned char*)
                0x00002cc0                Comunicator::getCRC(unsigned char*, unsigned char)
 .text          0x00002d88      0x170 ./source/accelerometer/LIBRARYI2C.o
                0x00002d88                LIBRARY_I2C::LIBRARY_I2C(I2C_Type*, unsigned long)
                0x00002d88                LIBRARY_I2C::LIBRARY_I2C(I2C_Type*, unsigned long)
                0x00002dd8                LIBRARY_I2C::~LIBRARY_I2C()
                0x00002dd8                LIBRARY_I2C::~LIBRARY_I2C()
                0x00002df4                LIBRARY_I2C::~LIBRARY_I2C()
                0x00002e18                LIBRARY_I2C::i2c_read(unsigned char, unsigned char, unsigned char*, unsigned char)
                0x00002e88                LIBRARY_I2C::i2c_write(unsigned char, unsigned char, unsigned char*, unsigned char)
 .text          0x00002ef8      0x784 ./source/accelerometer/MMA8451Q.o
                0x00002ef8                MMA8451Q::MMA8451Q(unsigned char)
                0x00002ef8                MMA8451Q::MMA8451Q(unsigned char)
                0x00002f68                MMA8451Q::~MMA8451Q()
                0x00002f68                MMA8451Q::~MMA8451Q()
                0x00002f94                MMA8451Q::getWhoAmI()
                0x00002fc0                MMA8451Q::getAccX()
                0x00002ff0                MMA8451Q::getAccY()
                0x00003020                MMA8451Q::getAccZ()
                0x00003050                MMA8451Q::getAccAllAxis(float*)
                0x00003092                MMA8451Q::getAccAxis(unsigned char)
                0x00003104                MMA8451Q::readRegs(unsigned char, unsigned char*, int)
                0x0000313a                MMA8451Q::writeRegs(unsigned char, unsigned char*, int)
                0x00003170                MMA8451Q::high_pass_filter(float*, float*, float*, int, int)
                0x000032ec                MMA8451Q::low_pass_filter(float*, float*, int, float)
                0x0000347c                MMA8451Q::getNaklonX(float*)
                0x0000350c                MMA8451Q::getNaklonY(float*)
                0x0000359c                MMA8451Q::freeFallInit()
                0x0000365c                MMA8451Q::freeFallDetect()
 .text._ZSt3powIfiEN9__gnu_cxx11__promote_2IT_T0_NS0_9__promoteIS2_XsrSt12__is_integerIS2_E7__valueEE6__typeENS4_IS3_XsrS5_IS3_E7__valueEE6__typeEE6__typeES2_S3_
                0x0000367c       0x34 ./source/accelerometer/MMA8451Q.o
                0x0000367c                __gnu_cxx::__promote_2<float, int, __gnu_cxx::__promote<float, std::__is_integer<float>::__value>::__type, __gnu_cxx::__promote<int, std::__is_integer<int>::__value>::__type>::__type std::pow<float, int>(float, int)
 .text          0x000036b0       0x54 ./source/MKL25Z128xxx4_Project_ACC.o
                0x000036b0                main
 .text.HardFault_Handler
                0x00003704       0x30 ./source/semihost_hardfault.o
                0x00003704                HardFault_Handler
 .text.CLOCK_SetEr32kClock
                0x00003734       0x34 ./drivers/fsl_clock.o
 .text.CLOCK_SetPllFllSelClock
                0x00003768       0x38 ./drivers/fsl_clock.o
 .text.OSC_SetExtRefClkConfig
                0x000037a0       0x3e ./drivers/fsl_clock.o
 .text.OSC_SetCapLoad
                0x000037de       0x42 ./drivers/fsl_clock.o
 .text.CLOCK_GetMcgExtClkFreq
                0x00003820       0x34 ./drivers/fsl_clock.o
 .text.CLOCK_GetFllExtRefClkFreq
                0x00003854       0xa4 ./drivers/fsl_clock.o
 .text.CLOCK_GetInternalRefClkSelectFreq
                0x000038f8       0x40 ./drivers/fsl_clock.o
 .text.CLOCK_GetFllRefClkFreq
                0x00003938       0x2c ./drivers/fsl_clock.o
 .text.CLOCK_GetPll0RefFreq
                0x00003964       0x10 ./drivers/fsl_clock.o
 .text.CLOCK_GetOscRangeFromFreq
                0x00003974       0x4c ./drivers/fsl_clock.o
 .text.CLOCK_GetOsc0ErClkFreq
                0x000039c0       0x4c ./drivers/fsl_clock.o
                0x000039c0                CLOCK_GetOsc0ErClkFreq
 .text.CLOCK_GetEr32kClkFreq
                0x00003a0c       0x84 ./drivers/fsl_clock.o
                0x00003a0c                CLOCK_GetEr32kClkFreq
 .text.CLOCK_GetPllFllSelClkFreq
                0x00003a90       0x4c ./drivers/fsl_clock.o
                0x00003a90                CLOCK_GetPllFllSelClkFreq
 .text.CLOCK_GetBusClkFreq
                0x00003adc       0x50 ./drivers/fsl_clock.o
                0x00003adc                CLOCK_GetBusClkFreq
 .text.CLOCK_GetFreq
                0x00003b2c       0xe0 ./drivers/fsl_clock.o
                0x00003b2c                CLOCK_GetFreq
 .text.CLOCK_SetSimConfig
                0x00003c0c       0x38 ./drivers/fsl_clock.o
                0x00003c0c                CLOCK_SetSimConfig
 .text.CLOCK_GetOutClkFreq
                0x00003c44       0x60 ./drivers/fsl_clock.o
                0x00003c44                CLOCK_GetOutClkFreq
 .text.CLOCK_GetFllFreq
                0x00003ca4       0x84 ./drivers/fsl_clock.o
                0x00003ca4                CLOCK_GetFllFreq
 .text.CLOCK_GetInternalRefClkFreq
                0x00003d28       0x28 ./drivers/fsl_clock.o
                0x00003d28                CLOCK_GetInternalRefClkFreq
 .text.CLOCK_GetFixedFreqClkFreq
                0x00003d50       0x30 ./drivers/fsl_clock.o
                0x00003d50                CLOCK_GetFixedFreqClkFreq
 .text.CLOCK_GetPll0Freq
                0x00003d80       0x80 ./drivers/fsl_clock.o
                0x00003d80                CLOCK_GetPll0Freq
 .text.CLOCK_SetExternalRefClkConfig
                0x00003e00       0x16 ./drivers/fsl_clock.o
                0x00003e00                CLOCK_SetExternalRefClkConfig
 *fill*         0x00003e16        0x2 ff
 .text.CLOCK_SetInternalRefClkConfig
                0x00003e18      0x128 ./drivers/fsl_clock.o
                0x00003e18                CLOCK_SetInternalRefClkConfig
 .text.CLOCK_EnablePll0
                0x00003f40       0xa0 ./drivers/fsl_clock.o
                0x00003f40                CLOCK_EnablePll0
 .text.CLOCK_InitOsc0
                0x00003fe0       0x94 ./drivers/fsl_clock.o
                0x00003fe0                CLOCK_InitOsc0
 .text.CLOCK_SetPbeMode
                0x00004074       0xc0 ./drivers/fsl_clock.o
                0x00004074                CLOCK_SetPbeMode
 .text.CLOCK_BootToPeeMode
                0x00004134       0x80 ./drivers/fsl_clock.o
                0x00004134                CLOCK_BootToPeeMode
 .text.__assert_func
                0x000041b4       0x28 ./drivers/fsl_common.o
                0x000041b4                __assert_func
 .text.DMA_ClearChannelStatusFlags
                0x000041dc       0x64 ./drivers/fsl_dma.o
 .text.DMA_HandleIRQ
                0x00004240       0x60 ./drivers/fsl_dma.o
                0x00004240                DMA_HandleIRQ
 .text.DMA0_DriverIRQHandler
                0x000042a0       0x18 ./drivers/fsl_dma.o
                0x000042a0                DMA0_DriverIRQHandler
 .text.DMA1_DriverIRQHandler
                0x000042b8       0x18 ./drivers/fsl_dma.o
                0x000042b8                DMA1_DriverIRQHandler
 .text.DMA2_DriverIRQHandler
                0x000042d0       0x18 ./drivers/fsl_dma.o
                0x000042d0                DMA2_DriverIRQHandler
 .text.DMA3_DriverIRQHandler
                0x000042e8       0x18 ./drivers/fsl_dma.o
                0x000042e8                DMA3_DriverIRQHandler
 .text.GPIO_WritePinOutput
                0x00004300       0x34 ./drivers/fsl_gpio.o
 .text.GPIO_GetInstance
                0x00004334       0x58 ./drivers/fsl_gpio.o
 .text.GPIO_PinInit
                0x0000438c       0x70 ./drivers/fsl_gpio.o
                0x0000438c                GPIO_PinInit
 .text.GPIO_ClearPinsInterruptFlags
                0x000043fc       0x3c ./drivers/fsl_gpio.o
                0x000043fc                GPIO_ClearPinsInterruptFlags
 .text.CLOCK_EnableClock
                0x00004438       0x34 ./drivers/fsl_i2c.o
 .text.I2C_MasterClearStatusFlags
                0x0000446c       0x38 ./drivers/fsl_i2c.o
 .text.I2C_GetInstance
                0x000044a4       0x58 ./drivers/fsl_i2c.o
                0x000044a4                I2C_GetInstance
 .text.I2C_CheckAndClearError
                0x000044fc       0x40 ./drivers/fsl_i2c.o
 .text.I2C_TransferCommonIRQHandler
                0x0000453c       0x54 ./drivers/fsl_i2c.o
 .text.I2C_MasterInit
                0x00004590      0x10c ./drivers/fsl_i2c.o
                0x00004590                I2C_MasterInit
 .text.I2C_MasterGetDefaultConfig
                0x0000469c       0x50 ./drivers/fsl_i2c.o
                0x0000469c                I2C_MasterGetDefaultConfig
 .text.I2C_MasterSetBaudRate
                0x000046ec       0xf0 ./drivers/fsl_i2c.o
                0x000046ec                I2C_MasterSetBaudRate
 .text.I2C_MasterStart
                0x000047dc       0x74 ./drivers/fsl_i2c.o
                0x000047dc                I2C_MasterStart
 .text.I2C_MasterRepeatedStart
                0x00004850       0xbc ./drivers/fsl_i2c.o
                0x00004850                I2C_MasterRepeatedStart
 .text.I2C_MasterStop
                0x0000490c       0x64 ./drivers/fsl_i2c.o
                0x0000490c                I2C_MasterStop
 .text.I2C_MasterGetStatusFlags
                0x00004970       0x32 ./drivers/fsl_i2c.o
                0x00004970                I2C_MasterGetStatusFlags
 *fill*         0x000049a2        0x2 ff
 .text.I2C_MasterWriteBlocking
                0x000049a4       0xec ./drivers/fsl_i2c.o
                0x000049a4                I2C_MasterWriteBlocking
 .text.I2C_MasterReadBlocking
                0x00004a90       0xea ./drivers/fsl_i2c.o
                0x00004a90                I2C_MasterReadBlocking
 *fill*         0x00004b7a        0x2 ff
 .text.I2C_MasterTransferBlocking
                0x00004b7c      0x240 ./drivers/fsl_i2c.o
                0x00004b7c                I2C_MasterTransferBlocking
 .text.I2C0_DriverIRQHandler
                0x00004dbc       0x20 ./drivers/fsl_i2c.o
                0x00004dbc                I2C0_DriverIRQHandler
 .text.I2C1_DriverIRQHandler
                0x00004ddc       0x20 ./drivers/fsl_i2c.o
                0x00004ddc                I2C1_DriverIRQHandler
 .text.CLOCK_EnableClock
                0x00004dfc       0x34 ./drivers/fsl_lpsci.o
 .text.LPSCI_GetInstance
                0x00004e30       0x54 ./drivers/fsl_lpsci.o
                0x00004e30                LPSCI_GetInstance
 .text.LPSCI_Init
                0x00004e84      0x270 ./drivers/fsl_lpsci.o
                0x00004e84                LPSCI_Init
 .text.LPSCI_GetDefaultConfig
                0x000050f4       0x54 ./drivers/fsl_lpsci.o
                0x000050f4                LPSCI_GetDefaultConfig
 .text.LPSCI_EnableInterrupts
                0x00005148       0x58 ./drivers/fsl_lpsci.o
                0x00005148                LPSCI_EnableInterrupts
 .text.LPSCI_DisableInterrupts
                0x000051a0       0x64 ./drivers/fsl_lpsci.o
                0x000051a0                LPSCI_DisableInterrupts
 .text.LPSCI_GetStatusFlags
                0x00005204       0x26 ./drivers/fsl_lpsci.o
                0x00005204                LPSCI_GetStatusFlags
 *fill*         0x0000522a        0x2 ff
 .text.LPSCI_ClearStatusFlags
                0x0000522c       0x94 ./drivers/fsl_lpsci.o
                0x0000522c                LPSCI_ClearStatusFlags
 .text.LPSCI_WriteBlocking
                0x000052c0       0x5c ./drivers/fsl_lpsci.o
                0x000052c0                LPSCI_WriteBlocking
 .text.LPSCI_ReadBlocking
                0x0000531c       0xd0 ./drivers/fsl_lpsci.o
                0x0000531c                LPSCI_ReadBlocking
 .text.UART0_DriverIRQHandler
                0x000053ec       0x24 ./drivers/fsl_lpsci.o
                0x000053ec                UART0_DriverIRQHandler
 .text.CLOCK_EnableClock
                0x00005410       0x34 ./drivers/fsl_pit.o
 .text.PIT_GetInstance
                0x00005444       0x54 ./drivers/fsl_pit.o
 .text.PIT_Init
                0x00005498       0x78 ./drivers/fsl_pit.o
                0x00005498                PIT_Init
 .text.SPI_CommonIRQHandler
                0x00005510       0x54 ./drivers/fsl_spi.o
 .text.SPI0_DriverIRQHandler
                0x00005564       0x40 ./drivers/fsl_spi.o
                0x00005564                SPI0_DriverIRQHandler
 .text.SPI1_DriverIRQHandler
                0x000055a4       0x40 ./drivers/fsl_spi.o
                0x000055a4                SPI1_DriverIRQHandler
 .text.CLOCK_EnableClock
                0x000055e4       0x34 ./drivers/fsl_uart.o
 .text.UART_GetInstance
                0x00005618       0x60 ./drivers/fsl_uart.o
                0x00005618                UART_GetInstance
 .text.UART_Init
                0x00005678      0x1f8 ./drivers/fsl_uart.o
                0x00005678                UART_Init
 .text.UART_GetDefaultConfig
                0x00005870       0x54 ./drivers/fsl_uart.o
                0x00005870                UART_GetDefaultConfig
 .text.UART_GetStatusFlags
                0x000058c4       0x26 ./drivers/fsl_uart.o
                0x000058c4                UART_GetStatusFlags
 .text.UART_WriteBlocking
                0x000058ea       0x3a ./drivers/fsl_uart.o
                0x000058ea                UART_WriteBlocking
 .text.UART_ReadBlocking
                0x00005924       0xa8 ./drivers/fsl_uart.o
                0x00005924                UART_ReadBlocking
 .text.UART1_DriverIRQHandler
                0x000059cc       0x24 ./drivers/fsl_uart.o
                0x000059cc                UART1_DriverIRQHandler
 .text.UART2_DriverIRQHandler
                0x000059f0       0x24 ./drivers/fsl_uart.o
                0x000059f0                UART2_DriverIRQHandler
 .text.CLOCK_SetLpsci0Clock
                0x00005a14       0x38 ./board/board.o
 .text.BOARD_InitDebugConsole
                0x00005a4c       0x30 ./board/board.o
                0x00005a4c                BOARD_InitDebugConsole
 .text.CLOCK_SetSimSafeDivs
                0x00005a7c       0x20 ./board/clock_config.o
 .text.CLOCK_SetXtal0Freq
                0x00005a9c       0x1c ./board/clock_config.o
 .text.CLOCK_CONFIG_SetFllExtRefDiv
                0x00005ab8       0x3c ./board/clock_config.o
 .text.BOARD_InitBootClocks
                0x00005af4        0xe ./board/clock_config.o
                0x00005af4                BOARD_InitBootClocks
 *fill*         0x00005b02        0x2 ff
 .text.BOARD_BootClockRUN
                0x00005b04       0x64 ./board/clock_config.o
                0x00005b04                BOARD_BootClockRUN
 .text.BOARD_InitBootPeripherals
                0x00005b68        0xa ./board/peripherals.o
                0x00005b68                BOARD_InitBootPeripherals
 *fill*         0x00005b72        0x2 ff
 .text.CLOCK_EnableClock
                0x00005b74       0x34 ./board/pin_mux.o
 .text.PORT_SetPinConfig
                0x00005ba8       0x48 ./board/pin_mux.o
 .text.PORT_SetPinMux
                0x00005bf0       0x40 ./board/pin_mux.o
 .text.PORT_SetPinInterruptConfig
                0x00005c30       0x40 ./board/pin_mux.o
 .text.BOARD_InitBootPins
                0x00005c70        0xe ./board/pin_mux.o
                0x00005c70                BOARD_InitBootPins
 *fill*         0x00005c7e        0x2 ff
 .text.BOARD_InitPins
                0x00005c80      0x180 ./board/pin_mux.o
                0x00005c80                BOARD_InitPins
 .text.SystemInit
                0x00005e00       0x18 ./CMSIS/system_MKL25Z4.o
                0x00005e00                SystemInit
 .text          0x00005e18      0x114 c:/myapps/mcuxpressoide_10.2.1_795/ide/tools/bin/../lib/gcc/arm-none-eabi/7.2.1/thumb/v6-m\libgcc.a(_udivsi3.o)
                0x00005e18                __aeabi_uidiv
                0x00005e18                __udivsi3
                0x00005f24                __aeabi_uidivmod
 .text          0x00005f2c      0x1d4 c:/myapps/mcuxpressoide_10.2.1_795/ide/tools/bin/../lib/gcc/arm-none-eabi/7.2.1/thumb/v6-m\libgcc.a(_divsi3.o)
                0x00005f2c                __divsi3
                0x00005f2c                __aeabi_idiv
                0x000060f8                __aeabi_idivmod
 .text          0x00006100        0x4 c:/myapps/mcuxpressoide_10.2.1_795/ide/tools/bin/../lib/gcc/arm-none-eabi/7.2.1/thumb/v6-m\libgcc.a(_dvmd_tls.o)
                0x00006100                __aeabi_idiv0
                0x00006100                __aeabi_ldiv0
 .text          0x00006104       0x7c c:/myapps/mcuxpressoide_10.2.1_795/ide/tools/bin/../lib/gcc/arm-none-eabi/7.2.1/thumb/v6-m\libgcc.a(_arm_cmpdf2.o)
                0x00006104                __aeabi_cdrcmple
                0x00006114                __aeabi_cdcmple
                0x00006114                __aeabi_cdcmpeq
                0x00006124                __aeabi_dcmpeq
                0x00006130                __aeabi_dcmplt
                0x00006144                __aeabi_dcmple
                0x00006158                __aeabi_dcmpgt
                0x0000616c                __aeabi_dcmpge
 .text          0x00006180       0x40 c:/myapps/mcuxpressoide_10.2.1_795/ide/tools/bin/../lib/gcc/arm-none-eabi/7.2.1/thumb/v6-m\libgcc.a(_aeabi_uldivmod.o)
                0x00006180                __aeabi_uldivmod
 .text          0x000061c0       0x54 c:/myapps/mcuxpressoide_10.2.1_795/ide/tools/bin/../lib/gcc/arm-none-eabi/7.2.1/thumb/v6-m\libgcc.a(_muldi3.o)
                0x000061c0                __muldi3
                0x000061c0                __aeabi_lmul
 .text          0x00006214       0x3c c:/myapps/mcuxpressoide_10.2.1_795/ide/tools/bin/../lib/gcc/arm-none-eabi/7.2.1/thumb/v6-m\libgcc.a(_fixunsdfsi.o)
                0x00006214                __aeabi_d2uiz
                0x00006214                __fixunsdfsi
 .text          0x00006250      0x184 c:/myapps/mcuxpressoide_10.2.1_795/ide/tools/bin/../lib/gcc/arm-none-eabi/7.2.1/thumb/v6-m\libgcc.a(_udivmoddi4.o)
                0x00006250                __udivmoddi4
 .text          0x000063d4      0x334 c:/myapps/mcuxpressoide_10.2.1_795/ide/tools/bin/../lib/gcc/arm-none-eabi/7.2.1/thumb/v6-m\libgcc.a(addsf3.o)
                0x000063d4                __aeabi_fadd
 .text          0x00006708      0x224 c:/myapps/mcuxpressoide_10.2.1_795/ide/tools/bin/../lib/gcc/arm-none-eabi/7.2.1/thumb/v6-m\libgcc.a(divsf3.o)
                0x00006708                __aeabi_fdiv
 .text          0x0000692c      0x264 c:/myapps/mcuxpressoide_10.2.1_795/ide/tools/bin/../lib/gcc/arm-none-eabi/7.2.1/thumb/v6-m\libgcc.a(mulsf3.o)
                0x0000692c                __aeabi_fmul
 .text          0x00006b90      0x388 c:/myapps/mcuxpressoide_10.2.1_795/ide/tools/bin/../lib/gcc/arm-none-eabi/7.2.1/thumb/v6-m\libgcc.a(subsf3.o)
                0x00006b90                __aeabi_fsub
 .text          0x00006f18       0x94 c:/myapps/mcuxpressoide_10.2.1_795/ide/tools/bin/../lib/gcc/arm-none-eabi/7.2.1/thumb/v6-m\libgcc.a(floatsisf.o)
                0x00006f18                __aeabi_i2f
 .text          0x00006fac      0x638 c:/myapps/mcuxpressoide_10.2.1_795/ide/tools/bin/../lib/gcc/arm-none-eabi/7.2.1/thumb/v6-m\libgcc.a(adddf3.o)
                0x00006fac                __aeabi_dadd
 .text          0x000075e4      0x604 c:/myapps/mcuxpressoide_10.2.1_795/ide/tools/bin/../lib/gcc/arm-none-eabi/7.2.1/thumb/v6-m\libgcc.a(divdf3.o)
                0x000075e4                __aeabi_ddiv
 .text          0x00007be8       0x78 c:/myapps/mcuxpressoide_10.2.1_795/ide/tools/bin/../lib/gcc/arm-none-eabi/7.2.1/thumb/v6-m\libgcc.a(eqdf2.o)
                0x00007be8                __nedf2
                0x00007be8                __eqdf2
 .text          0x00007c60       0xc8 c:/myapps/mcuxpressoide_10.2.1_795/ide/tools/bin/../lib/gcc/arm-none-eabi/7.2.1/thumb/v6-m\libgcc.a(gedf2.o)
                0x00007c60                __gedf2
                0x00007c60                __gtdf2
 .text          0x00007d28       0xd0 c:/myapps/mcuxpressoide_10.2.1_795/ide/tools/bin/../lib/gcc/arm-none-eabi/7.2.1/thumb/v6-m\libgcc.a(ledf2.o)
                0x00007d28                __ledf2
                0x00007d28                __ltdf2
 .text          0x00007df8      0x4e4 c:/myapps/mcuxpressoide_10.2.1_795/ide/tools/bin/../lib/gcc/arm-none-eabi/7.2.1/thumb/v6-m\libgcc.a(muldf3.o)
                0x00007df8                __aeabi_dmul
 .text          0x000082dc      0x690 c:/myapps/mcuxpressoide_10.2.1_795/ide/tools/bin/../lib/gcc/arm-none-eabi/7.2.1/thumb/v6-m\libgcc.a(subdf3.o)
                0x000082dc                __aeabi_dsub
 .text          0x0000896c       0x6c c:/myapps/mcuxpressoide_10.2.1_795/ide/tools/bin/../lib/gcc/arm-none-eabi/7.2.1/thumb/v6-m\libgcc.a(fixdfsi.o)
                0x0000896c                __aeabi_d2iz
 .text          0x000089d8       0x74 c:/myapps/mcuxpressoide_10.2.1_795/ide/tools/bin/../lib/gcc/arm-none-eabi/7.2.1/thumb/v6-m\libgcc.a(floatsidf.o)
                0x000089d8                __aeabi_i2d
 .text          0x00008a4c       0xa4 c:/myapps/mcuxpressoide_10.2.1_795/ide/tools/bin/../lib/gcc/arm-none-eabi/7.2.1/thumb/v6-m\libgcc.a(extendsfdf2.o)
                0x00008a4c                __aeabi_f2d
 .text          0x00008af0      0x108 c:/myapps/mcuxpressoide_10.2.1_795/ide/tools/bin/../lib/gcc/arm-none-eabi/7.2.1/thumb/v6-m\libgcc.a(truncdfsf2.o)
                0x00008af0                __aeabi_d2f
 .text          0x00008bf8      0xa08 c:/myapps/mcuxpressoide_10.2.1_795/ide/tools/bin/../lib/gcc/arm-none-eabi/7.2.1/thumb/v6-m\libgcc.a(unwind-arm.o)
                0x00008eb4                _Unwind_GetCFA
                0x00008eb8                __gnu_Unwind_RaiseException
                0x00008f0c                __gnu_Unwind_ForcedUnwind
                0x00008f20                __gnu_Unwind_Resume
                0x00008f68                __gnu_Unwind_Resume_or_Rethrow
                0x00008f84                _Unwind_Complete
                0x00008f88                _Unwind_DeleteException
                0x00008f98                _Unwind_VRS_Get
                0x00008fe0                _Unwind_VRS_Set
                0x00009028                __gnu_Unwind_Backtrace
                0x00009378                __aeabi_unwind_cpp_pr0
                0x00009384                __aeabi_unwind_cpp_pr1
                0x00009390                __aeabi_unwind_cpp_pr2
                0x0000939c                _Unwind_VRS_Pop
 .text          0x00009600      0x144 c:/myapps/mcuxpressoide_10.2.1_795/ide/tools/bin/../lib/gcc/arm-none-eabi/7.2.1/thumb/v6-m\libgcc.a(libunwind.o)
                0x00009600                __restore_core_regs
                0x00009600                restore_core_regs
                0x0000962c                __gnu_Unwind_Restore_VFP
                0x00009630                __gnu_Unwind_Save_VFP
                0x00009634                __gnu_Unwind_Restore_VFP_D
                0x00009638                __gnu_Unwind_Save_VFP_D
                0x0000963c                __gnu_Unwind_Restore_VFP_D_16_to_31
                0x00009640                __gnu_Unwind_Save_VFP_D_16_to_31
                0x00009644                __gnu_Unwind_Restore_WMMXD
                0x00009648                __gnu_Unwind_Save_WMMXD
                0x0000964c                __gnu_Unwind_Restore_WMMXC
                0x00009650                __gnu_Unwind_Save_WMMXC
                0x00009654                ___Unwind_RaiseException
                0x00009654                _Unwind_RaiseException
                0x00009684                _Unwind_Resume
                0x00009684                ___Unwind_Resume
                0x000096b4                _Unwind_Resume_or_Rethrow
                0x000096b4                ___Unwind_Resume_or_Rethrow
                0x000096e4                _Unwind_ForcedUnwind
                0x000096e4                ___Unwind_ForcedUnwind
                0x00009714                ___Unwind_Backtrace
                0x00009714                _Unwind_Backtrace
 .text          0x00009744      0x39c c:/myapps/mcuxpressoide_10.2.1_795/ide/tools/bin/../lib/gcc/arm-none-eabi/7.2.1/thumb/v6-m\libgcc.a(pr-support.o)
                0x00009798                __gnu_unwind_execute
                0x00009a88                __gnu_unwind_frame
                0x00009ab0                _Unwind_GetRegionStart
                0x00009abc                _Unwind_GetLanguageSpecificData
                0x00009ad0                _Unwind_GetDataRelBase
                0x00009ad8                _Unwind_GetTextRelBase
 .text          0x00009ae0       0x3c c:/myapps/mcuxpressoide_10.2.1_795/ide/tools/bin/../lib/gcc/arm-none-eabi/7.2.1/thumb/v6-m\libgcc.a(_clzsi2.o)
                0x00009ae0                __clzsi2
 .text          0x00009b1c       0x18 c:/myapps/mcuxpressoide_10.2.1_795/ide/tools/bin/../lib/gcc/arm-none-eabi/7.2.1/thumb/v6-m\libgcc.a(_clzdi2.o)
                0x00009b1c                __clzdi2
 .text.abort    0x00009b34        0xe c:/myapps/mcuxpressoide_10.2.1_795/ide/tools/bin/../lib/gcc/arm-none-eabi/7.2.1/../../../../arm-none-eabi/lib/thumb/v6-m\libc_nano.a(lib_a-abort.o)
                0x00009b34                abort
 *fill*         0x00009b42        0x2 ff
 .text.__libc_init_array
                0x00009b44       0x48 c:/myapps/mcuxpressoide_10.2.1_795/ide/tools/bin/../lib/gcc/arm-none-eabi/7.2.1/../../../../arm-none-eabi/lib/thumb/v6-m\libc_nano.a(lib_a-init.o)
                0x00009b44                __libc_init_array
 .text.memcpy   0x00009b8c       0x12 c:/myapps/mcuxpressoide_10.2.1_795/ide/tools/bin/../lib/gcc/arm-none-eabi/7.2.1/../../../../arm-none-eabi/lib/thumb/v6-m\libc_nano.a(lib_a-memcpy-stub.o)
                0x00009b8c                memcpy
 .text.memset   0x00009b9e       0x10 c:/myapps/mcuxpressoide_10.2.1_795/ide/tools/bin/../lib/gcc/arm-none-eabi/7.2.1/../../../../arm-none-eabi/lib/thumb/v6-m\libc_nano.a(lib_a-memset.o)
                0x00009b9e                memset
 .text._raise_r
                0x00009bae       0x54 c:/myapps/mcuxpressoide_10.2.1_795/ide/tools/bin/../lib/gcc/arm-none-eabi/7.2.1/../../../../arm-none-eabi/lib/thumb/v6-m\libc_nano.a(lib_a-signal.o)
                0x00009bae                _raise_r
 *fill*         0x00009c02        0x2 ff
 .text.raise    0x00009c04       0x14 c:/myapps/mcuxpressoide_10.2.1_795/ide/tools/bin/../lib/gcc/arm-none-eabi/7.2.1/../../../../arm-none-eabi/lib/thumb/v6-m\libc_nano.a(lib_a-signal.o)
                0x00009c04                raise
 .text._kill_r  0x00009c18       0x24 c:/myapps/mcuxpressoide_10.2.1_795/ide/tools/bin/../lib/gcc/arm-none-eabi/7.2.1/../../../../arm-none-eabi/lib/thumb/v6-m\libc_nano.a(lib_a-signalr.o)
                0x00009c18                _kill_r
 .text._getpid_r
                0x00009c3c        0x8 c:/myapps/mcuxpressoide_10.2.1_795/ide/tools/bin/../lib/gcc/arm-none-eabi/7.2.1/../../../../arm-none-eabi/lib/thumb/v6-m\libc_nano.a(lib_a-signalr.o)
                0x00009c3c                _getpid_r
 .text          0x00009c44        0xe c:/myapps/mcuxpressoide_10.2.1_795/ide/tools/bin/../lib/gcc/arm-none-eabi/7.2.1/../../../../arm-none-eabi/lib/thumb/v6-m\libc_nano.a(lib_a-strlen.o)
                0x00009c44                strlen
 *fill*         0x00009c52        0x2 ff
 .text._malloc_r
                0x00009c54       0xbc c:/myapps/mcuxpressoide_10.2.1_795/ide/tools/bin/../lib/gcc/arm-none-eabi/7.2.1/../../../../arm-none-eabi/lib/thumb/v6-m\libc_nano.a(lib_a-nano-mallocr.o)
                0x00009c54                _malloc_r
 .text._sbrk_r  0x00009d10       0x24 c:/myapps/mcuxpressoide_10.2.1_795/ide/tools/bin/../lib/gcc/arm-none-eabi/7.2.1/../../../../arm-none-eabi/lib/thumb/v6-m\libc_nano.a(lib_a-sbrkr.o)
                0x00009d10                _sbrk_r
 .text.__malloc_lock
                0x00009d34        0x2 c:/myapps/mcuxpressoide_10.2.1_795/ide/tools/bin/../lib/gcc/arm-none-eabi/7.2.1/../../../../arm-none-eabi/lib/thumb/v6-m\libc_nano.a(lib_a-mlock.o)
                0x00009d34                __malloc_lock
 .text.__malloc_unlock
                0x00009d36        0x2 c:/myapps/mcuxpressoide_10.2.1_795/ide/tools/bin/../lib/gcc/arm-none-eabi/7.2.1/../../../../arm-none-eabi/lib/thumb/v6-m\libc_nano.a(lib_a-mlock.o)
                0x00009d36                __malloc_unlock
 .text._free_r  0x00009d38       0x94 c:/myapps/mcuxpressoide_10.2.1_795/ide/tools/bin/../lib/gcc/arm-none-eabi/7.2.1/../../../../arm-none-eabi/lib/thumb/v6-m\libc_nano.a(lib_a-nano-freer.o)
                0x00009d38                _free_r
 .text._Znwj    0x00009dcc       0x24 c:/myapps/mcuxpressoide_10.2.1_795/ide/tools/bin/../lib/gcc/arm-none-eabi/7.2.1/../../../../arm-none-eabi/lib/thumb/v6-m\libstdc++_nano.a(new_op.o)
                0x00009dcc                operator new(unsigned int)
 .text._ZL12read_uleb128PKhPm
                0x00009df0       0x2c c:/myapps/mcuxpressoide_10.2.1_795/ide/tools/bin/../lib/gcc/arm-none-eabi/7.2.1/../../../../arm-none-eabi/lib/thumb/v6-m\libstdc++_nano.a(eh_personality.o)
 .text._ZL12read_sleb128PKhPl
                0x00009e1c       0x34 c:/myapps/mcuxpressoide_10.2.1_795/ide/tools/bin/../lib/gcc/arm-none-eabi/7.2.1/../../../../arm-none-eabi/lib/thumb/v6-m\libstdc++_nano.a(eh_personality.o)
 .text._ZL28read_encoded_value_with_basehjPKhPj
                0x00009e50       0xb2 c:/myapps/mcuxpressoide_10.2.1_795/ide/tools/bin/../lib/gcc/arm-none-eabi/7.2.1/../../../../arm-none-eabi/lib/thumb/v6-m\libstdc++_nano.a(eh_personality.o)
 .text._Unwind_GetGR
                0x00009f02       0x16 c:/myapps/mcuxpressoide_10.2.1_795/ide/tools/bin/../lib/gcc/arm-none-eabi/7.2.1/../../../../arm-none-eabi/lib/thumb/v6-m\libstdc++_nano.a(eh_personality.o)
 .text._ZL21base_of_encoded_valuehP15_Unwind_Context.part.3
                0x00009f18       0x3e c:/myapps/mcuxpressoide_10.2.1_795/ide/tools/bin/../lib/gcc/arm-none-eabi/7.2.1/../../../../arm-none-eabi/lib/thumb/v6-m\libstdc++_nano.a(eh_personality.o)
 .text._ZL18read_encoded_valueP15_Unwind_ContexthPKhPj
                0x00009f56       0x24 c:/myapps/mcuxpressoide_10.2.1_795/ide/tools/bin/../lib/gcc/arm-none-eabi/7.2.1/../../../../arm-none-eabi/lib/thumb/v6-m\libstdc++_nano.a(eh_personality.o)
 .text._ZL17parse_lsda_headerP15_Unwind_ContextPKhP16lsda_header_info
                0x00009f7a       0x62 c:/myapps/mcuxpressoide_10.2.1_795/ide/tools/bin/../lib/gcc/arm-none-eabi/7.2.1/../../../../arm-none-eabi/lib/thumb/v6-m\libstdc++_nano.a(eh_personality.o)
 .text.__gxx_personality_v0
                0x00009fdc      0x370 c:/myapps/mcuxpressoide_10.2.1_795/ide/tools/bin/../lib/gcc/arm-none-eabi/7.2.1/../../../../arm-none-eabi/lib/thumb/v6-m\libstdc++_nano.a(eh_personality.o)
                0x00009fdc                __gxx_personality_v0
 .text._ZN10__cxxabiv1L24__is_gxx_exception_classEPc
                0x0000a34c       0x3a c:/myapps/mcuxpressoide_10.2.1_795/ide/tools/bin/../lib/gcc/arm-none-eabi/7.2.1/../../../../arm-none-eabi/lib/thumb/v6-m\libstdc++_nano.a(eh_call.o)
 .text.__cxa_call_terminate
                0x0000a386       0x20 c:/myapps/mcuxpressoide_10.2.1_795/ide/tools/bin/../lib/gcc/arm-none-eabi/7.2.1/../../../../arm-none-eabi/lib/thumb/v6-m\libstdc++_nano.a(eh_call.o)
                0x0000a386                __cxa_call_terminate
 .text.__cxa_call_unexpected
                0x0000a3a6       0x2e c:/myapps/mcuxpressoide_10.2.1_795/ide/tools/bin/../lib/gcc/arm-none-eabi/7.2.1/../../../../arm-none-eabi/lib/thumb/v6-m\libstdc++_nano.a(eh_call.o)
                0x0000a3a6                __cxa_call_unexpected
 .text._ZSt15get_new_handlerv
                0x0000a3d4        0xc c:/myapps/mcuxpressoide_10.2.1_795/ide/tools/bin/../lib/gcc/arm-none-eabi/7.2.1/../../../../arm-none-eabi/lib/thumb/v6-m\libstdc++_nano.a(new_handler.o)
                0x0000a3d4                std::get_new_handler()
 .text._ZN10__cxxabiv1L24__is_gxx_exception_classEPc
                0x0000a3e0       0x3a c:/myapps/mcuxpressoide_10.2.1_795/ide/tools/bin/../lib/gcc/arm-none-eabi/7.2.1/../../../../arm-none-eabi/lib/thumb/v6-m\libstdc++_nano.a(eh_catch.o)
 .text.__cxa_begin_catch
                0x0000a41a       0x4e c:/myapps/mcuxpressoide_10.2.1_795/ide/tools/bin/../lib/gcc/arm-none-eabi/7.2.1/../../../../arm-none-eabi/lib/thumb/v6-m\libstdc++_nano.a(eh_catch.o)
                0x0000a41a                __cxa_begin_catch
 .text.__cxa_get_globals
                0x0000a468        0x8 c:/myapps/mcuxpressoide_10.2.1_795/ide/tools/bin/../lib/gcc/arm-none-eabi/7.2.1/../../../../arm-none-eabi/lib/thumb/v6-m\libstdc++_nano.a(eh_globals.o)
                0x0000a468                __cxa_get_globals
 .text._ZN10__cxxabiv111__terminateEPFvvE
                0x0000a470        0x8 c:/myapps/mcuxpressoide_10.2.1_795/ide/tools/bin/../lib/gcc/arm-none-eabi/7.2.1/../../../../arm-none-eabi/lib/thumb/v6-m\libstdc++_nano.a(eh_terminate.o)
                0x0000a470                __cxxabiv1::__terminate(void (*)())
 .text._ZSt9terminatev
                0x0000a478       0x10 c:/myapps/mcuxpressoide_10.2.1_795/ide/tools/bin/../lib/gcc/arm-none-eabi/7.2.1/../../../../arm-none-eabi/lib/thumb/v6-m\libstdc++_nano.a(eh_terminate.o)
                0x0000a478                std::terminate()
 .text._ZN10__cxxabiv112__unexpectedEPFvvE
                0x0000a488        0x8 c:/myapps/mcuxpressoide_10.2.1_795/ide/tools/bin/../lib/gcc/arm-none-eabi/7.2.1/../../../../arm-none-eabi/lib/thumb/v6-m\libstdc++_nano.a(eh_terminate.o)
                0x0000a488                __cxxabiv1::__unexpected(void (*)())
 .text._ZSt10unexpectedv
                0x0000a490       0x10 c:/myapps/mcuxpressoide_10.2.1_795/ide/tools/bin/../lib/gcc/arm-none-eabi/7.2.1/../../../../arm-none-eabi/lib/thumb/v6-m\libstdc++_nano.a(eh_terminate.o)
                0x0000a490                std::unexpected()
 .text.__cxa_end_cleanup
                0x0000a4a0        0xc c:/myapps/mcuxpressoide_10.2.1_795/ide/tools/bin/../lib/gcc/arm-none-eabi/7.2.1/../../../../arm-none-eabi/lib/thumb/v6-m\libstdc++_nano.a(eh_arm.o)
                0x0000a4a0                __cxa_end_cleanup
 .text._ZN10__cxxabiv1L24__is_gxx_exception_classEPc
                0x0000a4ac       0x3a c:/myapps/mcuxpressoide_10.2.1_795/ide/tools/bin/../lib/gcc/arm-none-eabi/7.2.1/../../../../arm-none-eabi/lib/thumb/v6-m\libstdc++_nano.a(eh_arm.o)
 *fill*         0x0000a4e6        0x2 ff
 .text.__cxa_type_match
                0x0000a4e8       0xb8 c:/myapps/mcuxpressoide_10.2.1_795/ide/tools/bin/../lib/gcc/arm-none-eabi/7.2.1/../../../../arm-none-eabi/lib/thumb/v6-m\libstdc++_nano.a(eh_arm.o)
                0x0000a4e8                __cxa_type_match
 .text.__cxa_begin_cleanup
                0x0000a5a0       0x36 c:/myapps/mcuxpressoide_10.2.1_795/ide/tools/bin/../lib/gcc/arm-none-eabi/7.2.1/../../../../arm-none-eabi/lib/thumb/v6-m\libstdc++_nano.a(eh_arm.o)
                0x0000a5a0                __cxa_begin_cleanup
 .text.__gnu_end_cleanup
                0x0000a5d6       0x38 c:/myapps/mcuxpressoide_10.2.1_795/ide/tools/bin/../lib/gcc/arm-none-eabi/7.2.1/../../../../arm-none-eabi/lib/thumb/v6-m\libstdc++_nano.a(eh_arm.o)
                0x0000a5d6                __gnu_end_cleanup
 .text._ZdlPvj  0x0000a60e        0x8 c:/myapps/mcuxpressoide_10.2.1_795/ide/tools/bin/../lib/gcc/arm-none-eabi/7.2.1/../../../../arm-none-eabi/lib/thumb/v6-m\libstdc++_nano.a(del_ops.o)
                0x0000a60e                operator delete(void*, unsigned int)
 .text._ZNK10__cxxabiv117__class_type_info11__do_upcastEPKS0_PPv
                0x0000a616       0x34 c:/myapps/mcuxpressoide_10.2.1_795/ide/tools/bin/../lib/gcc/arm-none-eabi/7.2.1/../../../../arm-none-eabi/lib/thumb/v6-m\libstdc++_nano.a(class_type_info.o)
                0x0000a616                __cxxabiv1::__class_type_info::__do_upcast(__cxxabiv1::__class_type_info const*, void**) const
 .text._ZNK10__cxxabiv117__class_type_info20__do_find_public_srcEiPKvPKS0_S2_
                0x0000a64a        0xc c:/myapps/mcuxpressoide_10.2.1_795/ide/tools/bin/../lib/gcc/arm-none-eabi/7.2.1/../../../../arm-none-eabi/lib/thumb/v6-m\libstdc++_nano.a(class_type_info.o)
                0x0000a64a                __cxxabiv1::__class_type_info::__do_find_public_src(int, void const*, __cxxabiv1::__class_type_info const*, void const*) const
 *fill*         0x0000a656        0x2 ff
 .text._ZN10__cxxabiv117__class_type_infoD2Ev
                0x0000a658       0x18 c:/myapps/mcuxpressoide_10.2.1_795/ide/tools/bin/../lib/gcc/arm-none-eabi/7.2.1/../../../../arm-none-eabi/lib/thumb/v6-m\libstdc++_nano.a(class_type_info.o)
                0x0000a658                __cxxabiv1::__class_type_info::~__class_type_info()
                0x0000a658                __cxxabiv1::__class_type_info::~__class_type_info()
 .text._ZN10__cxxabiv117__class_type_infoD0Ev
                0x0000a670       0x14 c:/myapps/mcuxpressoide_10.2.1_795/ide/tools/bin/../lib/gcc/arm-none-eabi/7.2.1/../../../../arm-none-eabi/lib/thumb/v6-m\libstdc++_nano.a(class_type_info.o)
                0x0000a670                __cxxabiv1::__class_type_info::~__class_type_info()
 .text._ZNK10__cxxabiv117__class_type_info12__do_dyncastEiNS0_10__sub_kindEPKS0_PKvS3_S5_RNS0_16__dyncast_resultE
                0x0000a684       0x3a c:/myapps/mcuxpressoide_10.2.1_795/ide/tools/bin/../lib/gcc/arm-none-eabi/7.2.1/../../../../arm-none-eabi/lib/thumb/v6-m\libstdc++_nano.a(class_type_info.o)
                0x0000a684                __cxxabiv1::__class_type_info::__do_dyncast(int, __cxxabiv1::__class_type_info::__sub_kind, __cxxabiv1::__class_type_info const*, void const*, __cxxabiv1::__class_type_info const*, void const*, __cxxabiv1::__class_type_info::__dyncast_result&) const
 .text._ZNK10__cxxabiv117__class_type_info11__do_upcastEPKS0_PKvRNS0_15__upcast_resultE
                0x0000a6be       0x1a c:/myapps/mcuxpressoide_10.2.1_795/ide/tools/bin/../lib/gcc/arm-none-eabi/7.2.1/../../../../arm-none-eabi/lib/thumb/v6-m\libstdc++_nano.a(class_type_info.o)
                0x0000a6be                __cxxabiv1::__class_type_info::__do_upcast(__cxxabiv1::__class_type_info const*, void const*, __cxxabiv1::__class_type_info::__upcast_result&) const
 .text._ZNK10__cxxabiv117__class_type_info10__do_catchEPKSt9type_infoPPvj
                0x0000a6d8       0x24 c:/myapps/mcuxpressoide_10.2.1_795/ide/tools/bin/../lib/gcc/arm-none-eabi/7.2.1/../../../../arm-none-eabi/lib/thumb/v6-m\libstdc++_nano.a(class_type_info.o)
                0x0000a6d8                __cxxabiv1::__class_type_info::__do_catch(std::type_info const*, void**, unsigned int) const
 .text._ZdlPv   0x0000a6fc        0x8 c:/myapps/mcuxpressoide_10.2.1_795/ide/tools/bin/../lib/gcc/arm-none-eabi/7.2.1/../../../../arm-none-eabi/lib/thumb/v6-m\libstdc++_nano.a(del_op.o)
                0x0000a6fc                operator delete(void*)
 .text._ZN10__cxxabiv120__si_class_type_infoD2Ev
                0x0000a704       0x18 c:/myapps/mcuxpressoide_10.2.1_795/ide/tools/bin/../lib/gcc/arm-none-eabi/7.2.1/../../../../arm-none-eabi/lib/thumb/v6-m\libstdc++_nano.a(si_class_type_info.o)
                0x0000a704                __cxxabiv1::__si_class_type_info::~__si_class_type_info()
                0x0000a704                __cxxabiv1::__si_class_type_info::~__si_class_type_info()
 .text._ZN10__cxxabiv120__si_class_type_infoD0Ev
                0x0000a71c       0x14 c:/myapps/mcuxpressoide_10.2.1_795/ide/tools/bin/../lib/gcc/arm-none-eabi/7.2.1/../../../../arm-none-eabi/lib/thumb/v6-m\libstdc++_nano.a(si_class_type_info.o)
                0x0000a71c                __cxxabiv1::__si_class_type_info::~__si_class_type_info()
 .text._ZNK10__cxxabiv120__si_class_type_info20__do_find_public_srcEiPKvPKNS_17__class_type_infoES2_
                0x0000a730       0x32 c:/myapps/mcuxpressoide_10.2.1_795/ide/tools/bin/../lib/gcc/arm-none-eabi/7.2.1/../../../../arm-none-eabi/lib/thumb/v6-m\libstdc++_nano.a(si_class_type_info.o)
                0x0000a730                __cxxabiv1::__si_class_type_info::__do_find_public_src(int, void const*, __cxxabiv1::__class_type_info const*, void const*) const
 .text._ZNK10__cxxabiv120__si_class_type_info12__do_dyncastEiNS_17__class_type_info10__sub_kindEPKS1_PKvS4_S6_RNS1_16__dyncast_resultE
                0x0000a762       0x84 c:/myapps/mcuxpressoide_10.2.1_795/ide/tools/bin/../lib/gcc/arm-none-eabi/7.2.1/../../../../arm-none-eabi/lib/thumb/v6-m\libstdc++_nano.a(si_class_type_info.o)
                0x0000a762                __cxxabiv1::__si_class_type_info::__do_dyncast(int, __cxxabiv1::__class_type_info::__sub_kind, __cxxabiv1::__class_type_info const*, void const*, __cxxabiv1::__class_type_info const*, void const*, __cxxabiv1::__class_type_info::__dyncast_result&) const
 .text._ZNK10__cxxabiv120__si_class_type_info11__do_upcastEPKNS_17__class_type_infoEPKvRNS1_15__upcast_resultE
                0x0000a7e6       0x22 c:/myapps/mcuxpressoide_10.2.1_795/ide/tools/bin/../lib/gcc/arm-none-eabi/7.2.1/../../../../arm-none-eabi/lib/thumb/v6-m\libstdc++_nano.a(si_class_type_info.o)
                0x0000a7e6                __cxxabiv1::__si_class_type_info::__do_upcast(__cxxabiv1::__class_type_info const*, void const*, __cxxabiv1::__class_type_info::__upcast_result&) const
 .text._ZNSt9type_infoD2Ev
                0x0000a808        0x2 c:/myapps/mcuxpressoide_10.2.1_795/ide/tools/bin/../lib/gcc/arm-none-eabi/7.2.1/../../../../arm-none-eabi/lib/thumb/v6-m\libstdc++_nano.a(tinfo.o)
                0x0000a808                std::type_info::~type_info()
                0x0000a808                std::type_info::~type_info()
 .text._ZNKSt9type_info14__is_pointer_pEv
                0x0000a80a        0x4 c:/myapps/mcuxpressoide_10.2.1_795/ide/tools/bin/../lib/gcc/arm-none-eabi/7.2.1/../../../../arm-none-eabi/lib/thumb/v6-m\libstdc++_nano.a(tinfo.o)
                0x0000a80a                std::type_info::__is_pointer_p() const
                0x0000a80a                std::type_info::__is_function_p() const
 .text._ZNKSt9type_infoeqERKS_
                0x0000a80e       0x2c c:/myapps/mcuxpressoide_10.2.1_795/ide/tools/bin/../lib/gcc/arm-none-eabi/7.2.1/../../../../arm-none-eabi/lib/thumb/v6-m\libstdc++_nano.a(tinfo.o)
                0x0000a80e                std::type_info::operator==(std::type_info const&) const
 *fill*         0x0000a83a        0x2 ff
 .text.atan     0x0000a83c      0x328 c:/myapps/mcuxpressoide_10.2.1_795/ide/tools/bin/../lib/gcc/arm-none-eabi/7.2.1/../../../../arm-none-eabi/lib/thumb/v6-m\libm.a(lib_a-s_atan.o)
                0x0000a83c                atan
 .text.fabs     0x0000ab64        0x8 c:/myapps/mcuxpressoide_10.2.1_795/ide/tools/bin/../lib/gcc/arm-none-eabi/7.2.1/../../../../arm-none-eabi/lib/thumb/v6-m\libm.a(lib_a-s_fabs.o)
                0x0000ab64                fabs
 .text.round    0x0000ab6c       0xb0 c:/myapps/mcuxpressoide_10.2.1_795/ide/tools/bin/../lib/gcc/arm-none-eabi/7.2.1/../../../../arm-none-eabi/lib/thumb/v6-m\libm.a(lib_a-s_round.o)
                0x0000ab6c                round
 .text.pow      0x0000ac1c      0x374 c:/myapps/mcuxpressoide_10.2.1_795/ide/tools/bin/../lib/gcc/arm-none-eabi/7.2.1/../../../../arm-none-eabi/lib/thumb/v6-m\libm.a(lib_a-w_pow.o)
                0x0000ac1c                pow
 .text.sqrt     0x0000af90       0xc0 c:/myapps/mcuxpressoide_10.2.1_795/ide/tools/bin/../lib/gcc/arm-none-eabi/7.2.1/../../../../arm-none-eabi/lib/thumb/v6-m\libm.a(lib_a-w_sqrt.o)
                0x0000af90                sqrt
 .text.__ieee754_pow
                0x0000b050      0xacc c:/myapps/mcuxpressoide_10.2.1_795/ide/tools/bin/../lib/gcc/arm-none-eabi/7.2.1/../../../../arm-none-eabi/lib/thumb/v6-m\libm.a(lib_a-e_pow.o)
                0x0000b050                __ieee754_pow
 .text.__ieee754_sqrt
                0x0000bb1c      0x1b0 c:/myapps/mcuxpressoide_10.2.1_795/ide/tools/bin/../lib/gcc/arm-none-eabi/7.2.1/../../../../arm-none-eabi/lib/thumb/v6-m\libm.a(lib_a-e_sqrt.o)
                0x0000bb1c                __ieee754_sqrt
 .text.finite   0x0000bccc       0x14 c:/myapps/mcuxpressoide_10.2.1_795/ide/tools/bin/../lib/gcc/arm-none-eabi/7.2.1/../../../../arm-none-eabi/lib/thumb/v6-m\libm.a(lib_a-s_finite.o)
                0x0000bccc                finite
 .text.matherr  0x0000bce0        0x4 c:/myapps/mcuxpressoide_10.2.1_795/ide/tools/bin/../lib/gcc/arm-none-eabi/7.2.1/../../../../arm-none-eabi/lib/thumb/v6-m\libm.a(lib_a-s_matherr.o)
                0x0000bce0                matherr
 .text.nan      0x0000bce4        0xc c:/myapps/mcuxpressoide_10.2.1_795/ide/tools/bin/../lib/gcc/arm-none-eabi/7.2.1/../../../../arm-none-eabi/lib/thumb/v6-m\libm.a(lib_a-s_nan.o)
                0x0000bce4                nan
 .text.rint     0x0000bcf0      0x120 c:/myapps/mcuxpressoide_10.2.1_795/ide/tools/bin/../lib/gcc/arm-none-eabi/7.2.1/../../../../arm-none-eabi/lib/thumb/v6-m\libm.a(lib_a-s_rint.o)
                0x0000bcf0                rint
 .text.scalbn   0x0000be10       0xd0 c:/myapps/mcuxpressoide_10.2.1_795/ide/tools/bin/../lib/gcc/arm-none-eabi/7.2.1/../../../../arm-none-eabi/lib/thumb/v6-m\libm.a(lib_a-s_scalbn.o)
                0x0000be10                scalbn
 .text.copysign
                0x0000bee0       0x10 c:/myapps/mcuxpressoide_10.2.1_795/ide/tools/bin/../lib/gcc/arm-none-eabi/7.2.1/../../../../arm-none-eabi/lib/thumb/v6-m\libm.a(lib_a-s_copysign.o)
                0x0000bee0                copysign
 .text._sbrk    0x0000bef0       0x40 c:/myapps/mcuxpressoide_10.2.1_795/ide/tools/bin/../lib/gcc/arm-none-eabi/7.2.1/../../../../arm-none-eabi/lib/thumb/v6-m\libcr_newlib_nohost.a(_cr_sbrk.o)
                0x0000bef0                _sbrk
 .text._exit    0x0000bf30        0x2 c:/myapps/mcuxpressoide_10.2.1_795/ide/tools/bin/../lib/gcc/arm-none-eabi/7.2.1/../../../../arm-none-eabi/lib/thumb/v6-m\libcr_newlib_nohost.a(_exit.o)
                0x0000bf30                _exit
 *fill*         0x0000bf32        0x2 ff
 .text._getpid  0x0000bf34       0x10 c:/myapps/mcuxpressoide_10.2.1_795/ide/tools/bin/../lib/gcc/arm-none-eabi/7.2.1/../../../../arm-none-eabi/lib/thumb/v6-m\libcr_newlib_nohost.a(getpid.o)
                0x0000bf34                _getpid
 .text._kill    0x0000bf44       0x10 c:/myapps/mcuxpressoide_10.2.1_795/ide/tools/bin/../lib/gcc/arm-none-eabi/7.2.1/../../../../arm-none-eabi/lib/thumb/v6-m\libcr_newlib_nohost.a(kill.o)
                0x0000bf44                _kill
 .text.__check_heap_overflow
                0x0000bf54       0x14 c:/myapps/mcuxpressoide_10.2.1_795/ide/tools/bin/../lib/gcc/arm-none-eabi/7.2.1/../../../../arm-none-eabi/lib/thumb/v6-m\libcr_newlib_nohost.a(_cr_check_heap.o)
                0x0000bf54                __check_heap_overflow
 .text          0x0000bf68       0x48 c:/myapps/mcuxpressoide_10.2.1_795/ide/tools/bin/../lib/gcc/arm-none-eabi/7.2.1/thumb/v6-m\crtbegin.o
 .text          0x0000bfb0       0x14 c:/myapps/mcuxpressoide_10.2.1_795/ide/tools/bin/../lib/gcc/arm-none-eabi/7.2.1/thumb/v6-m\libgcc.a(_thumb1_case_uqi.o)
                0x0000bfb0                __gnu_thumb1_case_uqi
 .text          0x0000bfc4       0x14 c:/myapps/mcuxpressoide_10.2.1_795/ide/tools/bin/../lib/gcc/arm-none-eabi/7.2.1/thumb/v6-m\libgcc.a(_thumb1_case_shi.o)
                0x0000bfc4                __gnu_thumb1_case_shi
 .text          0x0000bfd8       0x38 c:/myapps/mcuxpressoide_10.2.1_795/ide/tools/bin/../lib/gcc/arm-none-eabi/7.2.1/thumb/v6-m\libgcc.a(unorddf2.o)
                0x0000bfd8                __aeabi_dcmpun
 .text.__errno  0x0000c010        0xc c:/myapps/mcuxpressoide_10.2.1_795/ide/tools/bin/../lib/gcc/arm-none-eabi/7.2.1/../../../../arm-none-eabi/lib/thumb/v6-m\libc_nano.a(lib_a-errno.o)
                0x0000c010                __errno
 .text.malloc   0x0000c01c       0x14 c:/myapps/mcuxpressoide_10.2.1_795/ide/tools/bin/../lib/gcc/arm-none-eabi/7.2.1/../../../../arm-none-eabi/lib/thumb/v6-m\libc_nano.a(lib_a-malloc.o)
                0x0000c01c                malloc
 .text.free     0x0000c030       0x14 c:/myapps/mcuxpressoide_10.2.1_795/ide/tools/bin/../lib/gcc/arm-none-eabi/7.2.1/../../../../arm-none-eabi/lib/thumb/v6-m\libc_nano.a(lib_a-malloc.o)
                0x0000c030                free
 .text          0x0000c044       0x14 c:/myapps/mcuxpressoide_10.2.1_795/ide/tools/bin/../lib/gcc/arm-none-eabi/7.2.1/../../../../arm-none-eabi/lib/thumb/v6-m\libc_nano.a(lib_a-strcmp.o)
                0x0000c044                strcmp
 *(.rodata .rodata.* .constdata .constdata.*)
 .rodata        0x0000c058       0x69 ./source/timer/Timer.o
                0x0000c078                vtable for Timer
                0x0000c088                typeinfo for Timer
                0x0000c090                typeinfo name for Timer
 *fill*         0x0000c0c1        0x3 ff
 .rodata        0x0000c0c4       0x21 ./source/program/Program.o
                0x0000c0c4                vtable for Program
                0x0000c0d4                typeinfo for Program
                0x0000c0dc                typeinfo name for Program
 *fill*         0x0000c0e5        0x3 ff
 .rodata        0x0000c0e8       0x1f ./source/elevator/Cabin.o
                0x0000c0e8                vtable for Cabin
                0x0000c0f8                typeinfo for Cabin
                0x0000c100                typeinfo name for Cabin
 *fill*         0x0000c107        0x1 ff
 .rodata        0x0000c108       0x35 ./source/elevator/Display.o
                0x0000c11c                vtable for Display
                0x0000c12c                typeinfo for Display
                0x0000c134                typeinfo name for Display
 *fill*         0x0000c13d        0x3 ff
 .rodata        0x0000c140       0x9e ./source/elevator/Elevator.o
                0x0000c1bc                vtable for Elevator
                0x0000c1cc                typeinfo for Elevator
                0x0000c1d4                typeinfo name for Elevator
 *fill*         0x0000c1de        0x2 ff
 .rodata        0x0000c1e0       0x20 ./source/elevator/Engine.o
                0x0000c1e0                vtable for Engine
                0x0000c1f0                typeinfo for Engine
                0x0000c1f8                typeinfo name for Engine
 .rodata        0x0000c200       0x22 ./source/elevator/Watchdog.o
                0x0000c200                vtable for Watchdog
                0x0000c210                typeinfo for Watchdog
                0x0000c218                typeinfo name for Watchdog
 *fill*         0x0000c222        0x2 ff
 .rodata        0x0000c224      0x14a ./source/communication/CircularBuffer.o
 *fill*         0x0000c36e        0x2 ff
 .rodata        0x0000c370      0x126 ./source/communication/Comunicator.o
                0x0000c470                vtable for Comunicator
                0x0000c480                typeinfo for Comunicator
                0x0000c488                typeinfo name for Comunicator
 *fill*         0x0000c496        0x2 ff
 .rodata        0x0000c498       0x26 ./source/accelerometer/LIBRARYI2C.o
                0x0000c498                vtable for LIBRARY_I2C
                0x0000c4a8                typeinfo for LIBRARY_I2C
                0x0000c4b0                typeinfo name for LIBRARY_I2C
 *fill*         0x0000c4be        0x2 ff
 .rodata        0x0000c4c0       0x11 ./source/MKL25Z128xxx4_Project_ACC.o
 *fill*         0x0000c4d1        0x3 ff
 .rodata        0x0000c4d4       0x47 ./drivers/fsl_clock.o
 *fill*         0x0000c51b        0x1 ff
 .rodata.CLOCK_GetFreq
                0x0000c51c       0x38 ./drivers/fsl_clock.o
 .rodata.__func__.5287
                0x0000c554       0x17 ./drivers/fsl_clock.o
 *fill*         0x0000c56b        0x1 ff
 .rodata.__func__.5320
                0x0000c56c       0x17 ./drivers/fsl_clock.o
 *fill*         0x0000c583        0x1 ff
 .rodata.__func__.5328
                0x0000c584       0x16 ./drivers/fsl_clock.o
 *fill*         0x0000c59a        0x2 ff
 .rodata.fllFactorTable.5393
                0x0000c59c       0x10 ./drivers/fsl_clock.o
 .rodata.__func__.5408
                0x0000c5ac       0x12 ./drivers/fsl_clock.o
 *fill*         0x0000c5be        0x2 ff
 .rodata.__func__.5448
                0x0000c5c0       0x11 ./drivers/fsl_clock.o
 *fill*         0x0000c5d1        0x3 ff
 .rodata.__func__.5585
                0x0000c5d4       0x11 ./drivers/fsl_clock.o
 *fill*         0x0000c5e5        0x3 ff
 .rodata.__func__.5652
                0x0000c5e8       0x14 ./drivers/fsl_clock.o
 .rodata        0x0000c5fc       0x3e ./drivers/fsl_common.o
 *fill*         0x0000c63a        0x2 ff
 .rodata        0x0000c63c      0x168 ./drivers/fsl_dma.o
 .rodata.__func__.5552
                0x0000c7a4        0xe ./drivers/fsl_dma.o
 *fill*         0x0000c7b2        0x2 ff
 .rodata.__func__.5420
                0x0000c7b4       0x1c ./drivers/fsl_dma.o
 .rodata.s_portBases
                0x0000c7d0       0x14 ./drivers/fsl_gpio.o
 .rodata.s_gpioBases
                0x0000c7e4       0x14 ./drivers/fsl_gpio.o
 .rodata        0x0000c7f8       0x43 ./drivers/fsl_gpio.o
 *fill*         0x0000c83b        0x1 ff
 .rodata.__func__.5302
                0x0000c83c       0x11 ./drivers/fsl_gpio.o
 *fill*         0x0000c84d        0x3 ff
 .rodata.__func__.5308
                0x0000c850        0xd ./drivers/fsl_gpio.o
 *fill*         0x0000c85d        0x3 ff
 .rodata.s_i2cDividerTable
                0x0000c860       0x80 ./drivers/fsl_i2c.o
 .rodata.s_i2cBases
                0x0000c8e0        0x8 ./drivers/fsl_i2c.o
 .rodata.s_i2cClocks
                0x0000c8e8        0x8 ./drivers/fsl_i2c.o
 .rodata        0x0000c8f0       0xc6 ./drivers/fsl_i2c.o
 *fill*         0x0000c9b6        0x2 ff
 .rodata.__func__.5516
                0x0000c9b8       0x10 ./drivers/fsl_i2c.o
 .rodata.__func__.5572
                0x0000c9c8        0xf ./drivers/fsl_i2c.o
 *fill*         0x0000c9d7        0x1 ff
 .rodata.__func__.5580
                0x0000c9d8       0x1b ./drivers/fsl_i2c.o
 *fill*         0x0000c9f3        0x1 ff
 .rodata.__func__.5678
                0x0000c9f4       0x1b ./drivers/fsl_i2c.o
 *fill*         0x0000ca0f        0x1 ff
 .rodata        0x0000ca10       0xb2 ./drivers/fsl_lpsci.o
 *fill*         0x0000cac2        0x2 ff
 .rodata.__func__.5468
                0x0000cac4       0x12 ./drivers/fsl_lpsci.o
 *fill*         0x0000cad6        0x2 ff
 .rodata.__func__.5504
                0x0000cad8        0xb ./drivers/fsl_lpsci.o
 *fill*         0x0000cae3        0x1 ff
 .rodata.__func__.5525
                0x0000cae4       0x17 ./drivers/fsl_lpsci.o
 *fill*         0x0000cafb        0x1 ff
 .rodata.__func__.5570
                0x0000cafc       0x14 ./drivers/fsl_lpsci.o
 .rodata.__func__.5582
                0x0000cb10       0x13 ./drivers/fsl_lpsci.o
 *fill*         0x0000cb23        0x1 ff
 .rodata        0x0000cb24       0x43 ./drivers/fsl_pit.o
 *fill*         0x0000cb67        0x1 ff
 .rodata.__func__.5335
                0x0000cb68       0x10 ./drivers/fsl_pit.o
 .rodata.__func__.5340
                0x0000cb78        0x9 ./drivers/fsl_pit.o
 *fill*         0x0000cb81        0x3 ff
 .rodata        0x0000cb84       0x9b ./drivers/fsl_spi.o
 *fill*         0x0000cc1f        0x1 ff
 .rodata.__func__.5659
                0x0000cc20       0x16 ./drivers/fsl_spi.o
 *fill*         0x0000cc36        0x2 ff
 .rodata.__func__.5663
                0x0000cc38       0x16 ./drivers/fsl_spi.o
 *fill*         0x0000cc4e        0x2 ff
 .rodata.s_uartBases
                0x0000cc50        0xc ./drivers/fsl_uart.o
 .rodata.s_uartClock
                0x0000cc5c        0xc ./drivers/fsl_uart.o
 .rodata        0x0000cc68       0xaa ./drivers/fsl_uart.o
 *fill*         0x0000cd12        0x2 ff
 .rodata.__func__.5471
                0x0000cd14       0x11 ./drivers/fsl_uart.o
 *fill*         0x0000cd25        0x3 ff
 .rodata.__func__.5487
                0x0000cd28        0xa ./drivers/fsl_uart.o
 *fill*         0x0000cd32        0x2 ff
 .rodata.__func__.5500
                0x0000cd34       0x16 ./drivers/fsl_uart.o
 *fill*         0x0000cd4a        0x2 ff
 .rodata.__func__.5558
                0x0000cd4c       0x12 ./drivers/fsl_uart.o
 *fill*         0x0000cd5e        0x2 ff
 .rodata.mcgConfig_BOARD_BootClockRUN
                0x0000cd60        0xa ./board/clock_config.o
                0x0000cd60                mcgConfig_BOARD_BootClockRUN
 *fill*         0x0000cd6a        0x2 ff
 .rodata.simConfig_BOARD_BootClockRUN
                0x0000cd6c        0x8 ./board/clock_config.o
                0x0000cd6c                simConfig_BOARD_BootClockRUN
 .rodata.oscConfig_BOARD_BootClockRUN
                0x0000cd74        0x8 ./board/clock_config.o
                0x0000cd74                oscConfig_BOARD_BootClockRUN
 .rodata        0x0000cd7c       0x22 ./board/pin_mux.o
 *fill*         0x0000cd9e        0x2 ff
 .rodata.__func__.5313
                0x0000cda0       0x12 ./board/pin_mux.o
 *fill*         0x0000cdb2        0x2 ff
 .rodata        0x0000cdb4       0x80 c:/myapps/mcuxpressoide_10.2.1_795/ide/tools/bin/../lib/gcc/arm-none-eabi/7.2.1/thumb/v6-m\libgcc.a(divsf3.o)
 .rodata        0x0000ce34       0x40 c:/myapps/mcuxpressoide_10.2.1_795/ide/tools/bin/../lib/gcc/arm-none-eabi/7.2.1/thumb/v6-m\libgcc.a(mulsf3.o)
 .rodata        0x0000ce74       0x40 c:/myapps/mcuxpressoide_10.2.1_795/ide/tools/bin/../lib/gcc/arm-none-eabi/7.2.1/thumb/v6-m\libgcc.a(divdf3.o)
 .rodata        0x0000ceb4       0x40 c:/myapps/mcuxpressoide_10.2.1_795/ide/tools/bin/../lib/gcc/arm-none-eabi/7.2.1/thumb/v6-m\libgcc.a(muldf3.o)
 .rodata._ZTIN10__cxxabiv117__class_type_infoE
                0x0000cef4        0xc c:/myapps/mcuxpressoide_10.2.1_795/ide/tools/bin/../lib/gcc/arm-none-eabi/7.2.1/../../../../arm-none-eabi/lib/thumb/v6-m\libstdc++_nano.a(class_type_info.o)
                0x0000cef4                typeinfo for __cxxabiv1::__class_type_info
 .rodata._ZTSN10__cxxabiv117__class_type_infoE
                0x0000cf00       0x22 c:/myapps/mcuxpressoide_10.2.1_795/ide/tools/bin/../lib/gcc/arm-none-eabi/7.2.1/../../../../arm-none-eabi/lib/thumb/v6-m\libstdc++_nano.a(class_type_info.o)
                0x0000cf00                typeinfo name for __cxxabiv1::__class_type_info
 *fill*         0x0000cf22        0x2 ff
 .rodata._ZTVN10__cxxabiv117__class_type_infoE
                0x0000cf24       0x2c c:/myapps/mcuxpressoide_10.2.1_795/ide/tools/bin/../lib/gcc/arm-none-eabi/7.2.1/../../../../arm-none-eabi/lib/thumb/v6-m\libstdc++_nano.a(class_type_info.o)
                0x0000cf24                vtable for __cxxabiv1::__class_type_info
 .rodata._ZTIN10__cxxabiv115__forced_unwindE
                0x0000cf50        0x8 c:/myapps/mcuxpressoide_10.2.1_795/ide/tools/bin/../lib/gcc/arm-none-eabi/7.2.1/../../../../arm-none-eabi/lib/thumb/v6-m\libstdc++_nano.a(eh_exception.o)
                0x0000cf50                typeinfo for __cxxabiv1::__forced_unwind
 .rodata._ZTIN10__cxxabiv119__foreign_exceptionE
                0x0000cf58        0x8 c:/myapps/mcuxpressoide_10.2.1_795/ide/tools/bin/../lib/gcc/arm-none-eabi/7.2.1/../../../../arm-none-eabi/lib/thumb/v6-m\libstdc++_nano.a(eh_exception.o)
                0x0000cf58                typeinfo for __cxxabiv1::__foreign_exception
 .rodata._ZTSN10__cxxabiv115__forced_unwindE
                0x0000cf60       0x20 c:/myapps/mcuxpressoide_10.2.1_795/ide/tools/bin/../lib/gcc/arm-none-eabi/7.2.1/../../../../arm-none-eabi/lib/thumb/v6-m\libstdc++_nano.a(eh_exception.o)
                0x0000cf60                typeinfo name for __cxxabiv1::__forced_unwind
 .rodata._ZTSN10__cxxabiv119__foreign_exceptionE
                0x0000cf80       0x24 c:/myapps/mcuxpressoide_10.2.1_795/ide/tools/bin/../lib/gcc/arm-none-eabi/7.2.1/../../../../arm-none-eabi/lib/thumb/v6-m\libstdc++_nano.a(eh_exception.o)
                0x0000cf80                typeinfo name for __cxxabiv1::__foreign_exception
 .rodata._ZTIN10__cxxabiv120__si_class_type_infoE
                0x0000cfa4        0xc c:/myapps/mcuxpressoide_10.2.1_795/ide/tools/bin/../lib/gcc/arm-none-eabi/7.2.1/../../../../arm-none-eabi/lib/thumb/v6-m\libstdc++_nano.a(si_class_type_info.o)
                0x0000cfa4                typeinfo for __cxxabiv1::__si_class_type_info
 .rodata._ZTSN10__cxxabiv120__si_class_type_infoE
                0x0000cfb0       0x25 c:/myapps/mcuxpressoide_10.2.1_795/ide/tools/bin/../lib/gcc/arm-none-eabi/7.2.1/../../../../arm-none-eabi/lib/thumb/v6-m\libstdc++_nano.a(si_class_type_info.o)
                0x0000cfb0                typeinfo name for __cxxabiv1::__si_class_type_info
 *fill*         0x0000cfd5        0x3 ff
 .rodata._ZTVN10__cxxabiv120__si_class_type_infoE
                0x0000cfd8       0x2c c:/myapps/mcuxpressoide_10.2.1_795/ide/tools/bin/../lib/gcc/arm-none-eabi/7.2.1/../../../../arm-none-eabi/lib/thumb/v6-m\libstdc++_nano.a(si_class_type_info.o)
                0x0000cfd8                vtable for __cxxabiv1::__si_class_type_info
 .rodata._ZTISt9type_info
                0x0000d004        0x8 c:/myapps/mcuxpressoide_10.2.1_795/ide/tools/bin/../lib/gcc/arm-none-eabi/7.2.1/../../../../arm-none-eabi/lib/thumb/v6-m\libstdc++_nano.a(tinfo.o)
                0x0000d004                typeinfo for std::type_info
 .rodata._ZTSSt9type_info
                0x0000d00c        0xd c:/myapps/mcuxpressoide_10.2.1_795/ide/tools/bin/../lib/gcc/arm-none-eabi/7.2.1/../../../../arm-none-eabi/lib/thumb/v6-m\libstdc++_nano.a(tinfo.o)
                0x0000d00c                typeinfo name for std::type_info
 *fill*         0x0000d019        0x7 ff
 .rodata.atanhi
                0x0000d020       0x20 c:/myapps/mcuxpressoide_10.2.1_795/ide/tools/bin/../lib/gcc/arm-none-eabi/7.2.1/../../../../arm-none-eabi/lib/thumb/v6-m\libm.a(lib_a-s_atan.o)
 .rodata.atanlo
                0x0000d040       0x20 c:/myapps/mcuxpressoide_10.2.1_795/ide/tools/bin/../lib/gcc/arm-none-eabi/7.2.1/../../../../arm-none-eabi/lib/thumb/v6-m\libm.a(lib_a-s_atan.o)
 .rodata.pow.str1.4
                0x0000d060        0x4 c:/myapps/mcuxpressoide_10.2.1_795/ide/tools/bin/../lib/gcc/arm-none-eabi/7.2.1/../../../../arm-none-eabi/lib/thumb/v6-m\libm.a(lib_a-w_pow.o)
 .rodata.sqrt.str1.4
                0x0000d064        0x5 c:/myapps/mcuxpressoide_10.2.1_795/ide/tools/bin/../lib/gcc/arm-none-eabi/7.2.1/../../../../arm-none-eabi/lib/thumb/v6-m\libm.a(lib_a-w_sqrt.o)
 .rodata.__ieee754_pow.str1.4
                0x0000d069        0x8 c:/myapps/mcuxpressoide_10.2.1_795/ide/tools/bin/../lib/gcc/arm-none-eabi/7.2.1/../../../../arm-none-eabi/lib/thumb/v6-m\libm.a(lib_a-e_pow.o)
                                  0x1 (size before relaxing)
 *fill*         0x0000d069        0x7 ff
 .rodata.TWO52  0x0000d070       0x10 c:/myapps/mcuxpressoide_10.2.1_795/ide/tools/bin/../lib/gcc/arm-none-eabi/7.2.1/../../../../arm-none-eabi/lib/thumb/v6-m\libm.a(lib_a-s_rint.o)
                0x0000d080                . = ALIGN (0x4)
                0x0000d080                . = ALIGN (0x4)
 *(.init)
 .init          0x0000d080        0x4 c:/myapps/mcuxpressoide_10.2.1_795/ide/tools/bin/../lib/gcc/arm-none-eabi/7.2.1/thumb/v6-m\crti.o
                0x0000d080                _init
 .init          0x0000d084        0x8 c:/myapps/mcuxpressoide_10.2.1_795/ide/tools/bin/../lib/gcc/arm-none-eabi/7.2.1/thumb/v6-m\crtn.o
                0x0000d08c                . = ALIGN (0x4)
                0x0000d08c                __preinit_array_start = .
 *(.preinit_array)
                0x0000d08c                __preinit_array_end = .
                0x0000d08c                . = ALIGN (0x4)
                0x0000d08c                __init_array_start = .
 *(SORT_BY_NAME(.init_array.*))
 *(.init_array)
 .init_array    0x0000d08c        0x4 c:/myapps/mcuxpressoide_10.2.1_795/ide/tools/bin/../lib/gcc/arm-none-eabi/7.2.1/thumb/v6-m\crtbegin.o
                0x0000d090                __init_array_end = .
 *(.fini)
 .fini          0x0000d090        0x4 c:/myapps/mcuxpressoide_10.2.1_795/ide/tools/bin/../lib/gcc/arm-none-eabi/7.2.1/thumb/v6-m\crti.o
                0x0000d090                _fini
 .fini          0x0000d094        0x8 c:/myapps/mcuxpressoide_10.2.1_795/ide/tools/bin/../lib/gcc/arm-none-eabi/7.2.1/thumb/v6-m\crtn.o
                0x0000d09c                . = ALIGN (0x4)
 *crtbegin.o(.ctors)
 *(EXCLUDE_FILE(*crtend.o) .ctors)
 *(SORT_BY_NAME(.ctors.*))
 *crtend.o(.ctors)
                0x0000d09c                . = ALIGN (0x4)
 *crtbegin.o(.dtors)
 *(EXCLUDE_FILE(*crtend.o) .dtors)
 *(SORT_BY_NAME(.dtors.*))
 *crtend.o(.dtors)
                0x0000d09c                . = ALIGN (0x4)

.glue_7         0x0000d09c        0x0
 .glue_7        0x0000d09c        0x0 linker stubs

.glue_7t        0x0000d09c        0x0
 .glue_7t       0x0000d09c        0x0 linker stubs

.vfp11_veneer   0x0000d09c        0x0
 .vfp11_veneer  0x0000d09c        0x0 linker stubs

.v4_bx          0x0000d09c        0x0
 .v4_bx         0x0000d09c        0x0 linker stubs

.iplt           0x0000d09c        0x0
 .iplt          0x0000d09c        0x0 ./utilities/fsl_debug_console.o

.ARM.extab      0x0000d09c      0x374
 *(.ARM.extab* .gnu.linkonce.armextab.*)
 .ARM.extab     0x0000d09c        0xc ./source/timer/Timer.o
 .ARM.extab.text._ZSt5roundIiEN9__gnu_cxx11__enable_ifIXsrSt12__is_integerIT_E7__valueEdE6__typeES3_
                0x0000d0a8        0x0 ./source/timer/Timer.o
 .ARM.extab     0x0000d0a8       0x38 ./source/program/Program.o
 .ARM.extab     0x0000d0e0       0x34 ./source/elevator/Cabin.o
 .ARM.extab     0x0000d114       0x18 ./source/elevator/Display.o
 .ARM.extab     0x0000d12c       0xd4 ./source/elevator/Elevator.o
 .ARM.extab     0x0000d200       0x48 ./source/elevator/Engine.o
 .ARM.extab     0x0000d248       0x4c ./source/elevator/Watchdog.o
 .ARM.extab     0x0000d294       0x18 ./source/communication/CircularBuffer.o
 .ARM.extab     0x0000d2ac       0x24 ./source/communication/CircularBufferUart.o
 .ARM.extab     0x0000d2d0       0x3c ./source/communication/Comunicator.o
 .ARM.extab     0x0000d30c       0x24 ./source/accelerometer/LIBRARYI2C.o
 .ARM.extab     0x0000d330       0x94 ./source/accelerometer/MMA8451Q.o
 .ARM.extab.text._ZSt3powIfiEN9__gnu_cxx11__promote_2IT_T0_NS0_9__promoteIS2_XsrSt12__is_integerIS2_E7__valueEE6__typeENS4_IS3_XsrS5_IS3_E7__valueEE6__typeEE6__typeES2_S3_
                0x0000d3c4        0x0 ./source/accelerometer/MMA8451Q.o
 .ARM.extab     0x0000d3c4       0x1c ./source/MKL25Z128xxx4_Project_ACC.o
 .ARM.extab     0x0000d3e0       0x24 c:/myapps/mcuxpressoide_10.2.1_795/ide/tools/bin/../lib/gcc/arm-none-eabi/7.2.1/thumb/v6-m\libgcc.a(unwind-arm.o)
 .ARM.extab     0x0000d404        0xc c:/myapps/mcuxpressoide_10.2.1_795/ide/tools/bin/../lib/gcc/arm-none-eabi/7.2.1/thumb/v6-m\libgcc.a(pr-support.o)
                0x0000d410                __exidx_start = .

.eh_frame       0x0000d410        0x0
 .eh_frame      0x0000d410        0x0 c:/myapps/mcuxpressoide_10.2.1_795/ide/tools/bin/../lib/gcc/arm-none-eabi/7.2.1/thumb/v6-m\crtbegin.o

.ARM.exidx      0x0000d410      0x388
 *(.ARM.exidx* .gnu.linkonce.armexidx.*)
 .ARM.exidx.after_vectors.init_data
                0x0000d410        0x8 ./startup/startup_mkl25z4.o
 .ARM.exidx.after_vectors.init_bss
                0x0000d418        0x0 ./startup/startup_mkl25z4.o
                                  0x8 (size before relaxing)
 .ARM.exidx.after_vectors.reset
                0x0000d418        0x8 ./startup/startup_mkl25z4.o
 .ARM.exidx.after_vectors
                0x0000d420       0x18 ./startup/startup_mkl25z4.o
                                0x130 (size before relaxing)
 .ARM.exidx     0x0000d438       0x20 ./source/timer/Timer.o
                                 0x78 (size before relaxing)
 .ARM.exidx.text._ZSt5roundIiEN9__gnu_cxx11__enable_ifIXsrSt12__is_integerIT_E7__valueEdE6__typeES3_
                0x0000d458        0x0 ./source/timer/Timer.o
                                  0x8 (size before relaxing)
 .ARM.exidx     0x0000d458       0x30 ./source/program/Program.o
                                 0x40 (size before relaxing)
 .ARM.exidx     0x0000d488       0x28 ./source/elevator/Cabin.o
                                 0x30 (size before relaxing)
 .ARM.exidx     0x0000d4b0       0x18 ./source/elevator/Display.o
                                 0x20 (size before relaxing)
 .ARM.exidx     0x0000d4c8       0x80 ./source/elevator/Elevator.o
                                 0xb8 (size before relaxing)
 .ARM.exidx     0x0000d548       0x40 ./source/elevator/Engine.o
                                 0x48 (size before relaxing)
 .ARM.exidx     0x0000d588       0x30 ./source/elevator/Watchdog.o
                                 0x38 (size before relaxing)
 .ARM.exidx     0x0000d5b8       0x20 ./source/communication/CircularBuffer.o
                                 0x40 (size before relaxing)
 .ARM.exidx     0x0000d5d8       0x20 ./source/communication/CircularBufferUart.o
                                 0x30 (size before relaxing)
 .ARM.exidx     0x0000d5f8       0x40 ./source/communication/Comunicator.o
                                 0x50 (size before relaxing)
 .ARM.exidx     0x0000d638       0x20 ./source/accelerometer/LIBRARYI2C.o
                                 0x28 (size before relaxing)
 .ARM.exidx     0x0000d658       0x68 ./source/accelerometer/MMA8451Q.o
                                 0x80 (size before relaxing)
 .ARM.exidx.text._ZSt3powIfiEN9__gnu_cxx11__promote_2IT_T0_NS0_9__promoteIS2_XsrSt12__is_integerIS2_E7__valueEE6__typeENS4_IS3_XsrS5_IS3_E7__valueEE6__typeEE6__typeES2_S3_
                0x0000d6c0        0x8 ./source/accelerometer/MMA8451Q.o
 .ARM.exidx     0x0000d6c8       0x10 ./source/MKL25Z128xxx4_Project_ACC.o
                                  0x8 (size before relaxing)
 .ARM.exidx     0x0000d6d8        0x0 c:/myapps/mcuxpressoide_10.2.1_795/ide/tools/bin/../lib/gcc/arm-none-eabi/7.2.1/thumb/v6-m\libgcc.a(_udivmoddi4.o)
                                  0x8 (size before relaxing)
 .ARM.exidx     0x0000d6d8       0x90 c:/myapps/mcuxpressoide_10.2.1_795/ide/tools/bin/../lib/gcc/arm-none-eabi/7.2.1/thumb/v6-m\libgcc.a(unwind-arm.o)
                                 0xd8 (size before relaxing)
 .ARM.exidx     0x0000d768       0x30 c:/myapps/mcuxpressoide_10.2.1_795/ide/tools/bin/../lib/gcc/arm-none-eabi/7.2.1/thumb/v6-m\libgcc.a(pr-support.o)
                                 0x48 (size before relaxing)
                0x0000d798                __exidx_end = .
                0x0000d798                _etext = .

.rel.dyn        0x0000d798        0x0
 .rel.iplt      0x0000d798        0x0 ./utilities/fsl_debug_console.o

.m_usb_data
 *(m_usb_bdt)

.mtb_buffer_default
                0x1ffff000       0x80
 *(.mtb*)
 .mtb.$RAM1     0x1ffff000       0x80 ./source/mtb.o
                0x1ffff000                __mtb_buffer__

.uninit_RESERVED
                0x1ffff080        0x0
 *(.bss.$RESERVED*)
                0x1ffff080                . = ALIGN (0x4)
                0x1ffff080                _end_uninit_RESERVED = .

.data           0x1ffff080       0x7c load address 0x0000d798
 FILL mask 0xff
                0x1ffff080                _data = .
 *(vtable)
 *(.ramfunc*)
 *(.data*)
 .data.s_slowIrcFreq
                0x1ffff080        0x4 ./drivers/fsl_clock.o
 .data.s_fastIrcFreq
                0x1ffff084        0x4 ./drivers/fsl_clock.o
 .data.SystemCoreClock
                0x1ffff088        0x4 ./CMSIS/system_MKL25Z4.o
                0x1ffff088                SystemCoreClock
 .data._impure_ptr
                0x1ffff08c        0x4 c:/myapps/mcuxpressoide_10.2.1_795/ide/tools/bin/../lib/gcc/arm-none-eabi/7.2.1/../../../../arm-none-eabi/lib/thumb/v6-m\libc_nano.a(lib_a-impure.o)
                0x1ffff08c                _impure_ptr
 .data.impure_data
                0x1ffff090       0x60 c:/myapps/mcuxpressoide_10.2.1_795/ide/tools/bin/../lib/gcc/arm-none-eabi/7.2.1/../../../../arm-none-eabi/lib/thumb/v6-m\libc_nano.a(lib_a-impure.o)
 .data._ZN10__cxxabiv119__terminate_handlerE
                0x1ffff0f0        0x4 c:/myapps/mcuxpressoide_10.2.1_795/ide/tools/bin/../lib/gcc/arm-none-eabi/7.2.1/../../../../arm-none-eabi/lib/thumb/v6-m\libstdc++_nano.a(eh_term_handler.o)
                0x1ffff0f0                __cxxabiv1::__terminate_handler
 .data._ZN10__cxxabiv120__unexpected_handlerE
                0x1ffff0f4        0x4 c:/myapps/mcuxpressoide_10.2.1_795/ide/tools/bin/../lib/gcc/arm-none-eabi/7.2.1/../../../../arm-none-eabi/lib/thumb/v6-m\libstdc++_nano.a(eh_unex_handler.o)
                0x1ffff0f4                __cxxabiv1::__unexpected_handler
 .data.__fdlib_version
                0x1ffff0f8        0x1 c:/myapps/mcuxpressoide_10.2.1_795/ide/tools/bin/../lib/gcc/arm-none-eabi/7.2.1/../../../../arm-none-eabi/lib/thumb/v6-m\libm.a(lib_a-s_lib_ver.o)
                0x1ffff0f8                __fdlib_version
                0x1ffff0fc                . = ALIGN (0x4)
 *fill*         0x1ffff0f9        0x3 ff
                0x1ffff0fc                _edata = .

.igot.plt       0x1ffff0fc        0x0 load address 0x0000d814
 .igot.plt      0x1ffff0fc        0x0 ./utilities/fsl_debug_console.o

.bss            0x1ffff0fc      0x21c load address 0x0000d814
                0x1ffff0fc                _bss = .
 *(.bss*)
 .bss.s_debugConsole
                0x1ffff0fc       0x10 ./utilities/fsl_debug_console.o
 .bss           0x1ffff10c       0x14 ./source/timer/Timer.o
                0x1ffff10c                channelTimer
 .bss           0x1ffff120        0x5 ./source/program/Program.o
                0x1ffff120                accel
                0x1ffff124                freeFall
 *fill*         0x1ffff125        0x3 
 .bss           0x1ffff128      0x160 ./source/communication/CircularBufferUart.o
                0x1ffff128                user_config
                0x1ffff130                shadowBuffer
                0x1ffff1c8                shadowOutputBuffer
                0x1ffff260                cBuffer
                0x1ffff274                outBuffer
 .bss           0x1ffff288        0x4 ./source/MKL25Z128xxx4_Project_ACC.o
 .bss.g_xtal0Freq
                0x1ffff28c        0x4 ./drivers/fsl_clock.o
                0x1ffff28c                g_xtal0Freq
 .bss.g_xtal32Freq
                0x1ffff290        0x4 ./drivers/fsl_clock.o
                0x1ffff290                g_xtal32Freq
 .bss.s_DMAHandle
                0x1ffff294       0x10 ./drivers/fsl_dma.o
 .bss.s_i2cHandle
                0x1ffff2a4        0x8 ./drivers/fsl_i2c.o
 .bss.s_i2cMasterIsr
                0x1ffff2ac        0x4 ./drivers/fsl_i2c.o
 .bss.s_i2cSlaveIsr
                0x1ffff2b0        0x4 ./drivers/fsl_i2c.o
 .bss.s_lpsciHandle
                0x1ffff2b4        0x4 ./drivers/fsl_lpsci.o
 .bss.s_lpsciIsr
                0x1ffff2b8        0x4 ./drivers/fsl_lpsci.o
 .bss.s_spiHandle
                0x1ffff2bc        0x8 ./drivers/fsl_spi.o
 .bss.s_spiMasterIsr
                0x1ffff2c4        0x4 ./drivers/fsl_spi.o
 .bss.s_spiSlaveIsr
                0x1ffff2c8        0x4 ./drivers/fsl_spi.o
 .bss.s_uartHandle
                0x1ffff2cc        0xc ./drivers/fsl_uart.o
 .bss.s_uartIsr
                0x1ffff2d8        0x4 ./drivers/fsl_uart.o